###############################################################################
#
# IAR ELF Linker V7.10.1.6676/W32 for ARM                 01/Mar/2014  13:32:01
# Copyright 2007-2014 IAR Systems AB.
#
#    Output file  =  
#        C:\Texas Instruments\Z-Stack Home
#        1.2.0\Projects\zstack\HomeAutomation\SmartMeter\CC2538\EndDevice\Exe\SmartMeter.out
#    Map file     =  
#        C:\Texas Instruments\Z-Stack Home
#        1.2.0\Projects\zstack\HomeAutomation\SmartMeter\CC2538\EndDevice\List\SmartMeter.map
#    Command line =  
#        "C:\Texas Instruments\Z-Stack Home
#        1.2.0\Projects\zstack\HomeAutomation\SmartMeter\CC2538\EndDevice\Obj\AF.o"
#        "C:\Texas Instruments\Z-Stack Home
#        1.2.0\Projects\zstack\HomeAutomation\SmartMeter\CC2538\EndDevice\Obj\armcm3flashutil.o"
#        "C:\Texas Instruments\Z-Stack Home
#        1.2.0\Projects\zstack\HomeAutomation\SmartMeter\CC2538\EndDevice\Obj\BindingTable.o"
#        "C:\Texas Instruments\Z-Stack Home
#        1.2.0\Projects\zstack\HomeAutomation\SmartMeter\CC2538\EndDevice\Obj\DebugTrace.o"
#        "C:\Texas Instruments\Z-Stack Home
#        1.2.0\Projects\zstack\HomeAutomation\SmartMeter\CC2538\EndDevice\Obj\hal_adc.o"
#        "C:\Texas Instruments\Z-Stack Home
#        1.2.0\Projects\zstack\HomeAutomation\SmartMeter\CC2538\EndDevice\Obj\hal_aes.o"
#        "C:\Texas Instruments\Z-Stack Home
#        1.2.0\Projects\zstack\HomeAutomation\SmartMeter\CC2538\EndDevice\Obj\hal_assert.o"
#        "C:\Texas Instruments\Z-Stack Home
#        1.2.0\Projects\zstack\HomeAutomation\SmartMeter\CC2538\EndDevice\Obj\hal_ccm.o"
#        "C:\Texas Instruments\Z-Stack Home
#        1.2.0\Projects\zstack\HomeAutomation\SmartMeter\CC2538\EndDevice\Obj\hal_drivers.o"
#        "C:\Texas Instruments\Z-Stack Home
#        1.2.0\Projects\zstack\HomeAutomation\SmartMeter\CC2538\EndDevice\Obj\hal_key.o"
#        "C:\Texas Instruments\Z-Stack Home
#        1.2.0\Projects\zstack\HomeAutomation\SmartMeter\CC2538\EndDevice\Obj\hal_lcd.o"
#        "C:\Texas Instruments\Z-Stack Home
#        1.2.0\Projects\zstack\HomeAutomation\SmartMeter\CC2538\EndDevice\Obj\hal_led.o"
#        "C:\Texas Instruments\Z-Stack Home
#        1.2.0\Projects\zstack\HomeAutomation\SmartMeter\CC2538\EndDevice\Obj\hal_mac_cfg.o"
#        "C:\Texas Instruments\Z-Stack Home
#        1.2.0\Projects\zstack\HomeAutomation\SmartMeter\CC2538\EndDevice\Obj\hal_sleep.o"
#        "C:\Texas Instruments\Z-Stack Home
#        1.2.0\Projects\zstack\HomeAutomation\SmartMeter\CC2538\EndDevice\Obj\hal_sys_ctrl.o"
#        "C:\Texas Instruments\Z-Stack Home
#        1.2.0\Projects\zstack\HomeAutomation\SmartMeter\CC2538\EndDevice\Obj\hal_systick.o"
#        "C:\Texas Instruments\Z-Stack Home
#        1.2.0\Projects\zstack\HomeAutomation\SmartMeter\CC2538\EndDevice\Obj\hal_uart.o"
#        "C:\Texas Instruments\Z-Stack Home
#        1.2.0\Projects\zstack\HomeAutomation\SmartMeter\CC2538\EndDevice\Obj\mac_autopend.o"
#        "C:\Texas Instruments\Z-Stack Home
#        1.2.0\Projects\zstack\HomeAutomation\SmartMeter\CC2538\EndDevice\Obj\mac_backoff_timer.o"
#        "C:\Texas Instruments\Z-Stack Home
#        1.2.0\Projects\zstack\HomeAutomation\SmartMeter\CC2538\EndDevice\Obj\mac_cfg.o"
#        "C:\Texas Instruments\Z-Stack Home
#        1.2.0\Projects\zstack\HomeAutomation\SmartMeter\CC2538\EndDevice\Obj\mac_csp_tx.o"
#        "C:\Texas Instruments\Z-Stack Home
#        1.2.0\Projects\zstack\HomeAutomation\SmartMeter\CC2538\EndDevice\Obj\mac_low_level.o"
#        "C:\Texas Instruments\Z-Stack Home
#        1.2.0\Projects\zstack\HomeAutomation\SmartMeter\CC2538\EndDevice\Obj\mac_mcu.o"
#        "C:\Texas Instruments\Z-Stack Home
#        1.2.0\Projects\zstack\HomeAutomation\SmartMeter\CC2538\EndDevice\Obj\mac_mem.o"
#        "C:\Texas Instruments\Z-Stack Home
#        1.2.0\Projects\zstack\HomeAutomation\SmartMeter\CC2538\EndDevice\Obj\mac_pib.o"
#        "C:\Texas Instruments\Z-Stack Home
#        1.2.0\Projects\zstack\HomeAutomation\SmartMeter\CC2538\EndDevice\Obj\mac_radio.o"
#        "C:\Texas Instruments\Z-Stack Home
#        1.2.0\Projects\zstack\HomeAutomation\SmartMeter\CC2538\EndDevice\Obj\mac_radio_defs.o"
#        "C:\Texas Instruments\Z-Stack Home
#        1.2.0\Projects\zstack\HomeAutomation\SmartMeter\CC2538\EndDevice\Obj\mac_rffrontend.o"
#        "C:\Texas Instruments\Z-Stack Home
#        1.2.0\Projects\zstack\HomeAutomation\SmartMeter\CC2538\EndDevice\Obj\mac_rx.o"
#        "C:\Texas Instruments\Z-Stack Home
#        1.2.0\Projects\zstack\HomeAutomation\SmartMeter\CC2538\EndDevice\Obj\mac_rx_onoff.o"
#        "C:\Texas Instruments\Z-Stack Home
#        1.2.0\Projects\zstack\HomeAutomation\SmartMeter\CC2538\EndDevice\Obj\mac_sleep.o"
#        "C:\Texas Instruments\Z-Stack Home
#        1.2.0\Projects\zstack\HomeAutomation\SmartMeter\CC2538\EndDevice\Obj\mac_tx.o"
#        "C:\Texas Instruments\Z-Stack Home
#        1.2.0\Projects\zstack\HomeAutomation\SmartMeter\CC2538\EndDevice\Obj\MT.o"
#        "C:\Texas Instruments\Z-Stack Home
#        1.2.0\Projects\zstack\HomeAutomation\SmartMeter\CC2538\EndDevice\Obj\MT_AF.o"
#        "C:\Texas Instruments\Z-Stack Home
#        1.2.0\Projects\zstack\HomeAutomation\SmartMeter\CC2538\EndDevice\Obj\MT_APP.o"
#        "C:\Texas Instruments\Z-Stack Home
#        1.2.0\Projects\zstack\HomeAutomation\SmartMeter\CC2538\EndDevice\Obj\MT_DEBUG.o"
#        "C:\Texas Instruments\Z-Stack Home
#        1.2.0\Projects\zstack\HomeAutomation\SmartMeter\CC2538\EndDevice\Obj\MT_NWK.o"
#        "C:\Texas Instruments\Z-Stack Home
#        1.2.0\Projects\zstack\HomeAutomation\SmartMeter\CC2538\EndDevice\Obj\MT_SYS.o"
#        "C:\Texas Instruments\Z-Stack Home
#        1.2.0\Projects\zstack\HomeAutomation\SmartMeter\CC2538\EndDevice\Obj\MT_TASK.o"
#        "C:\Texas Instruments\Z-Stack Home
#        1.2.0\Projects\zstack\HomeAutomation\SmartMeter\CC2538\EndDevice\Obj\MT_UART.o"
#        "C:\Texas Instruments\Z-Stack Home
#        1.2.0\Projects\zstack\HomeAutomation\SmartMeter\CC2538\EndDevice\Obj\MT_UTIL.o"
#        "C:\Texas Instruments\Z-Stack Home
#        1.2.0\Projects\zstack\HomeAutomation\SmartMeter\CC2538\EndDevice\Obj\MT_VERSION.o"
#        "C:\Texas Instruments\Z-Stack Home
#        1.2.0\Projects\zstack\HomeAutomation\SmartMeter\CC2538\EndDevice\Obj\MT_ZDO.o"
#        "C:\Texas Instruments\Z-Stack Home
#        1.2.0\Projects\zstack\HomeAutomation\SmartMeter\CC2538\EndDevice\Obj\nwk_globals.o"
#        "C:\Texas Instruments\Z-Stack Home
#        1.2.0\Projects\zstack\HomeAutomation\SmartMeter\CC2538\EndDevice\Obj\OnBoard.o"
#        "C:\Texas Instruments\Z-Stack Home
#        1.2.0\Projects\zstack\HomeAutomation\SmartMeter\CC2538\EndDevice\Obj\OSAL.o"
#        "C:\Texas Instruments\Z-Stack Home
#        1.2.0\Projects\zstack\HomeAutomation\SmartMeter\CC2538\EndDevice\Obj\OSAL_Clock.o"
#        "C:\Texas Instruments\Z-Stack Home
#        1.2.0\Projects\zstack\HomeAutomation\SmartMeter\CC2538\EndDevice\Obj\OSAL_Memory.o"
#        "C:\Texas Instruments\Z-Stack Home
#        1.2.0\Projects\zstack\HomeAutomation\SmartMeter\CC2538\EndDevice\Obj\osal_nv.o"
#        "C:\Texas Instruments\Z-Stack Home
#        1.2.0\Projects\zstack\HomeAutomation\SmartMeter\CC2538\EndDevice\Obj\OSAL_PwrMgr.o"
#        "C:\Texas Instruments\Z-Stack Home
#        1.2.0\Projects\zstack\HomeAutomation\SmartMeter\CC2538\EndDevice\Obj\OSAL_SmartMeter.o"
#        "C:\Texas Instruments\Z-Stack Home
#        1.2.0\Projects\zstack\HomeAutomation\SmartMeter\CC2538\EndDevice\Obj\OSAL_Timers.o"
#        "C:\Texas Instruments\Z-Stack Home
#        1.2.0\Projects\zstack\HomeAutomation\SmartMeter\CC2538\EndDevice\Obj\saddr.o"
#        "C:\Texas Instruments\Z-Stack Home
#        1.2.0\Projects\zstack\HomeAutomation\SmartMeter\CC2538\EndDevice\Obj\startup_ewarm.o"
#        "C:\Texas Instruments\Z-Stack Home
#        1.2.0\Projects\zstack\HomeAutomation\SmartMeter\CC2538\EndDevice\Obj\stub_aps.o"
#        "C:\Texas Instruments\Z-Stack Home
#        1.2.0\Projects\zstack\HomeAutomation\SmartMeter\CC2538\EndDevice\Obj\zcl.o"
#        "C:\Texas Instruments\Z-Stack Home
#        1.2.0\Projects\zstack\HomeAutomation\SmartMeter\CC2538\EndDevice\Obj\zcl_ezmode.o"
#        "C:\Texas Instruments\Z-Stack Home
#        1.2.0\Projects\zstack\HomeAutomation\SmartMeter\CC2538\EndDevice\Obj\zcl_general.o"
#        "C:\Texas Instruments\Z-Stack Home
#        1.2.0\Projects\zstack\HomeAutomation\SmartMeter\CC2538\EndDevice\Obj\zcl_ha.o"
#        "C:\Texas Instruments\Z-Stack Home
#        1.2.0\Projects\zstack\HomeAutomation\SmartMeter\CC2538\EndDevice\Obj\zcl_ms.o"
#        "C:\Texas Instruments\Z-Stack Home
#        1.2.0\Projects\zstack\HomeAutomation\SmartMeter\CC2538\EndDevice\Obj\zcl_SmartMeter.o"
#        "C:\Texas Instruments\Z-Stack Home
#        1.2.0\Projects\zstack\HomeAutomation\SmartMeter\CC2538\EndDevice\Obj\zcl_SmartMeter_data.o"
#        "C:\Texas Instruments\Z-Stack Home
#        1.2.0\Projects\zstack\HomeAutomation\SmartMeter\CC2538\EndDevice\Obj\ZDApp.o"
#        "C:\Texas Instruments\Z-Stack Home
#        1.2.0\Projects\zstack\HomeAutomation\SmartMeter\CC2538\EndDevice\Obj\ZDConfig.o"
#        "C:\Texas Instruments\Z-Stack Home
#        1.2.0\Projects\zstack\HomeAutomation\SmartMeter\CC2538\EndDevice\Obj\ZDNwkMgr.o"
#        "C:\Texas Instruments\Z-Stack Home
#        1.2.0\Projects\zstack\HomeAutomation\SmartMeter\CC2538\EndDevice\Obj\ZDObject.o"
#        "C:\Texas Instruments\Z-Stack Home
#        1.2.0\Projects\zstack\HomeAutomation\SmartMeter\CC2538\EndDevice\Obj\ZDProfile.o"
#        "C:\Texas Instruments\Z-Stack Home
#        1.2.0\Projects\zstack\HomeAutomation\SmartMeter\CC2538\EndDevice\Obj\ZDSecMgr.o"
#        "C:\Texas Instruments\Z-Stack Home
#        1.2.0\Projects\zstack\HomeAutomation\SmartMeter\CC2538\EndDevice\Obj\ZGlobals.o"
#        "C:\Texas Instruments\Z-Stack Home
#        1.2.0\Projects\zstack\HomeAutomation\SmartMeter\CC2538\EndDevice\Obj\zmac.o"
#        "C:\Texas Instruments\Z-Stack Home
#        1.2.0\Projects\zstack\HomeAutomation\SmartMeter\CC2538\EndDevice\Obj\zmac_cb.o"
#        "C:\Texas Instruments\Z-Stack Home
#        1.2.0\Projects\zstack\HomeAutomation\SmartMeter\CC2538\EndDevice\Obj\ZMain.o"
#        --redirect _Printf=_PrintfTiny --redirect _Scanf=_ScanfSmall -o
#        "C:\Texas Instruments\Z-Stack Home
#        1.2.0\Projects\zstack\HomeAutomation\SmartMeter\CC2538\EndDevice\Exe\SmartMeter.out"
#        --map "C:\Texas Instruments\Z-Stack Home
#        1.2.0\Projects\zstack\HomeAutomation\SmartMeter\CC2538\EndDevice\List\SmartMeter.map"
#        --config "C:\Texas Instruments\Z-Stack Home
#        1.2.0\Projects\zstack\HomeAutomation\SmartMeter\CC2538\..\..\..\Tools\CC2538DB\CC2538.icf"
#        --semihosting "C:\Texas Instruments\Z-Stack Home
#        1.2.0\Projects\zstack\HomeAutomation\SmartMeter\CC2538\..\..\..\Libraries\CC2538\bin\EndDevice.a"
#        "C:\Texas Instruments\Z-Stack Home
#        1.2.0\Projects\zstack\HomeAutomation\SmartMeter\CC2538\..\..\..\Libraries\TIMAC\bin\TIMAC-CC2538.a"
#        "C:\Texas Instruments\Z-Stack Home
#        1.2.0\Projects\zstack\HomeAutomation\SmartMeter\CC2538\..\..\..\..\..\Components\driverlib\cc2538\bin\iar\sdriverlib.lib"
#        "C:\Texas Instruments\Z-Stack Home
#        1.2.0\Projects\zstack\HomeAutomation\SmartMeter\CC2538\..\..\..\..\..\Components\bsp\srf06eb_cc2538\drivers\bin\iar\bsp.lib"
#        --entry __iar_program_start --vfe
#
###############################################################################

*******************************************************************************
*** RUNTIME MODEL ATTRIBUTES
***

CppFlavor       = *
__SystemLibrary = DLib


*******************************************************************************
*** PLACEMENT SUMMARY
***

"A1":  place at start of [0x00200000-0x0027c7ff] { ro section .intvec };
"A2":  place at start of [0x0027ffd4-0x0027ffdf] { ro section .cca };
"P1":  place in [from 0x00200000 to 0x0027c7ff] { ro };
"A7":  place at start of [0x20004000-0x20007fff] { section VTABLE };
"P2":  place in [from 0x20004000 to 0x20007fff] { rw, block HEAP };

  Section            Kind        Address     Size  Object
  -------            ----        -------     ----  ------
"A1":                                       0x100
  .intvec            const    0x00200000    0x100  startup_ewarm.o [1]
                            - 0x00200100    0x100

"P1":                                     0x19cbd
  .text              ro code  0x00200100   0x1f66  zcl.o [1]
  .text              ro code  0x00202066     0x22  zero_init3.o [8]
  .text              ro code  0x00202088    0x7a4  OSAL.o [1]
  .text              ro code  0x0020282c     0x76  ABImemcpy_unaligned.o [8]
  .rodata            const    0x002028a2      0x2  MT_SYS.o [1]
  .text              ro code  0x002028a4    0x20c  OSAL_Memory.o [1]
  .text              ro code  0x00202ab0    0x694  AF.o [1]
  .text              ro code  0x00203144     0x36  strlen.o [8]
  .text              ro code  0x0020317a     0x14  memset.o [6]
  .rodata            const    0x0020318e      0x2  MT_SYS.o [1]
  .text              ro code  0x00203190      0x6  ABImemclr.o [8]
  .rodata            const    0x00203196      0x2  nwk_globals.o [1]
  .text              ro code  0x00203198    0x10e  OnBoard.o [1]
  .rodata            const    0x002032a6      0x2  nwk_globals.o [1]
  .text              ro code  0x002032a8     0x44  strcpy_unaligned.o [8]
  .text              ro code  0x002032ec     0x1c  strcat.o [6]
  .text              ro code  0x00203308    0x250  interrupt.o [9]
  .text              ro code  0x00203558    0x308  OSAL_Timers.o [1]
  .text              ro code  0x00203860     0x14  OSAL_PwrMgr.o [1]
  .text              ro code  0x00203874     0x88  OSAL_SmartMeter.o [1]
  .text              ro code  0x002038fc     0x98  hal_drivers.o [1]
  .text              ro code  0x00203994    0x29c  hal_assert.o [1]
  .text              ro code  0x00203c30     0x58  aps_groups.o [3]
  .text              ro code  0x00203c88    0xfdc  nwk_util.o [3]
  .text              ro code  0x00204c64    0x704  rtg.o [3]
  .text              ro code  0x00205368     0xa6  saddr.o [1]
  .rodata            const    0x0020540e      0x2  nwk_globals.o [1]
  .text              ro code  0x00205410    0xac8  APSMEDE.o [3]
  .text              ro code  0x00205ed8     0x66  ABImemset.o [8]
  .rodata            const    0x00205f3e      0x2  nwk_globals.o [1]
  .text              ro code  0x00205f40    0x194  hal_key.o [1]
  .text              ro code  0x002060d4    0x6f8  mac_mcu.o [1]
  .text              ro code  0x002067cc     0x10  cpu.o [9]
  .text              ro code  0x002067dc   0x1dac  mac_beacon.o [4]
  .text              ro code  0x00208588    0xb2c  nwk.o [3]
  .text              ro code  0x002090b4    0x190  MT_TASK.o [1]
  .text              ro code  0x00209244    0x6c8  APS.o [3]
  .text              ro code  0x0020990c    0x63c  aps_frag.o [3]
  .text              ro code  0x00209f48   0x14b0  ZDApp.o [1]
  .text              ro code  0x0020b3f8    0x778  zcl_SmartMeter.o [1]
  .text              ro code  0x0020bb70     0x5c  hal_aes.o [1]
  .text              ro code  0x0020bbcc    0x114  hal_lcd.o [1]
  .text              ro code  0x0020bce0    0x36c  hal_led.o [1]
  .text              ro code  0x0020c04c    0x556  hal_uart.o [1]
  .rodata            const    0x0020c5a2      0x2  zcl_SmartMeter.o [1]
  .text              ro code  0x0020c5a4    0x198  hal_sys_ctrl.o [1]
  .text              ro code  0x0020c73c    0x1c0  gpio.o [9]
  .text              ro code  0x0020c8fc    0x424  nwk_bufs.o [3]
  .text              ro code  0x0020cd20    0x230  NLMEDE_CB.o [3]
  .text              ro code  0x0020cf50    0x548  ssp.o [3]
  .text              ro code  0x0020d498    0x210  zmac.o [1]
  .text              ro code  0x0020d6a8    0x3d8  NLMEDE.o [3]
  .text              ro code  0x0020da80    0x264  nwk_globals.o [1]
  .text              ro code  0x0020dce4    0x41c  AddrMgr.o [3]
  .text              ro code  0x0020e100    0x134  AssocList.o [3]
  .text              ro code  0x0020e234   0x1126  osal_nv.o [1]
  .rodata            const    0x0020f35a      0x2  zcl_SmartMeter_data.o [1]
  .text              ro code  0x0020f35c    0xa58  ZDSecMgr.o [1]
  .text              ro code  0x0020fdb4    0x144  APSMEDE_CB.o [3]
  .text              ro code  0x0020fef8    0x30c  bsp_key.o [5]
  .text              ro code  0x00210204    0x204  mac_rx_onoff.o [1]
  .text              ro code  0x00210408    0x170  mac_backoff_timer.o [1]
  .text              ro code  0x00210578    0x5b0  mac_csp_tx.o [1]
  .text              ro code  0x00210b28    0xab0  mac_rx.o [1]
  .text              ro code  0x002115d8    0x2d0  zmac_cb.o [1]
  .text              ro code  0x002118a8    0x4a4  mac_tx.o [1]
  .text              ro code  0x00211d4c    0x2f0  mac_radio.o [1]
  .text              ro code  0x0021203c    0x200  mac_pib.o [1]
  .text              ro code  0x0021223c     0x68  mac_low_level.o [1]
  .text              ro code  0x002122a4    0x25c  MT_UART.o [1]
  .text              ro code  0x00212500    0x102  MT.o [1]
  .rodata            const    0x00212602      0x2  zcl_SmartMeter_data.o [1]
  .text              ro code  0x00212604     0xc8  MT_AF.o [1]
  .text              ro code  0x002126cc    0x8b4  MT_SYS.o [1]
  .text              ro code  0x00212f80     0xc2  MT_DEBUG.o [1]
  .rodata            const    0x00213042      0x2  zcl_SmartMeter_data.o [1]
  .text              ro code  0x00213044    0x8bc  BindingTable.o [1]
  .text              ro code  0x00213900    0x148  reflecttrack.o [3]
  .text              ro code  0x00213a48    0x228  aps_util.o [3]
  .text              ro code  0x00213c70    0xb06  ZDObject.o [1]
  .rodata            const    0x00214776      0x1  nwk_globals.o [1]
  .rodata            const    0x00214777      0x1  nwk_globals.o [1]
  .text              ro code  0x00214778    0x204  ZGlobals.o [1]
  .text              ro code  0x0021497c    0x1e4  sys_ctrl.o [9]
  .text              ro code  0x00214b60     0xf8  ZDConfig.o [1]
  .text              ro code  0x00214c58    0xe44  ZDProfile.o [1]
  .text              ro code  0x00215a9c     0xc4  zcl_ha.o [1]
  .text              ro code  0x00215b60    0x274  zcl_general.o [1]
  .text              ro code  0x00215dd4    0x39c  zcl_ezmode.o [1]
  .text              ro code  0x00216170    0x1ec  aes.o [9]
  .text              ro code  0x0021635c     0xb4  bsp.o [5]
  .text              ro code  0x00216410    0x120  lcd_srf06eb.o [5]
  .text              ro code  0x00216530     0x4c  DebugTrace.o [1]
  .text              ro code  0x0021657c      0xc  memcpy.o [6]
  .text              ro code  0x00216588     0xe4  lcd_dogm128_6.o [5]
  .text              ro code  0x0021666c    0x2e4  ioc.o [9]
  .text              ro code  0x00216950     0xd6  uart.o [9]
  .text              ro code  0x00216a26    0x2b2  ssp_hash.o [3]
  .text              ro code  0x00216cd8    0x102  hal_ccm.o [1]
  .rodata            const    0x00216dda      0x1  nwk_globals.o [1]
  .rodata            const    0x00216ddb      0x1  nwk_globals.o [1]
  .text              ro code  0x00216ddc    0x46c  mac_autopend.o [1]
  .text              ro code  0x00217248    0x1b6  armcm3flashutil.o [1]
  .rodata            const    0x002173fe      0x1  nwk_globals.o [1]
  .rodata            const    0x002173ff      0x1  nwk_globals.o [1]
  .text              ro code  0x00217400     0x38  hal_adc.o [1]
  .text              ro code  0x00217438    0x350  io_pin_int.o [5]
  .text              ro code  0x00217788     0x74  mac_mem.o [1]
  .text              ro code  0x002177fc     0x68  mac_sleep.o [1]
  .text              ro code  0x00217864    0xcc0  MT_ZDO.o [1]
  .text              ro code  0x00218524    0x308  OSAL_Clock.o [1]
  .text              ro code  0x0021882c     0x8a  ssi.o [9]
  .rodata            const    0x002188b6      0x1  nwk_globals.o [1]
  .rodata            const    0x002188b7      0x1  nwk_globals.o [1]
  .text              ro code  0x002188b8    0x3b0  ccm.o [9]
  .text              ro code  0x00218c68     0x38  flash.o [9]
  .text              ro code  0x00218ca0     0x90  mac_radio_defs.o [1]
  .text              ro code  0x00218d30     0x34  systick.o [9]
  .text              ro code  0x00218d64    0x290  ZMain.o [1]
  .text              ro code  0x00218ff4     0x2a  hal_systick.o [1]
  .rodata            const    0x0021901e      0x1  nwk_globals.o [1]
  .rodata            const    0x0021901f      0x1  nwk_globals.o [1]
  .rodata            const    0x00219020    0x1d8  lcd_dogm128_6_alphabet.o [5]
  .rodata            const    0x002191f8    0x190  ZGlobals.o [1]
  .text              ro code  0x00219388     0xd4  packbits_init.o [8]
  .text              ro code  0x0021945c      0x6  abort.o [6]
  .rodata            const    0x00219462      0x1  nwk_globals.o [1]
  .rodata            const    0x00219463      0x1  nwk_globals.o [1]
  .text              ro code  0x00219464     0x14  exit.o [10]
  .text              ro code  0x00219478     0xce  MT_APP.o [1]
  .rodata            const    0x00219546      0x1  nwk_globals.o [1]
  .rodata            const    0x00219547      0x1  nwk_globals.o [1]
  .rodata            const    0x00219548     0xcc  zcl_SmartMeter_data.o [1]
  .rodata            const    0x00219614     0xcc  mac_beacon.o [4]
  .rodata            const    0x002196e0     0xb8  zcl.o [1]
  .rodata            const    0x00219798     0x90  mac_pib.o [1]
  .rodata            const    0x00219828     0x58  ZDProfile.o [1]
  .rodata            const    0x00219880     0x4c  mac_pib.o [1]
  .text              ro code  0x002198cc     0x42  startup_ewarm.o [1]
  .text              ro code  0x0021990e      0xc  cstartup_M.o [8]
  .rodata            const    0x0021991a      0x1  nwk_globals.o [1]
  .rodata            const    0x0021991b      0x1  nwk_globals.o [1]
  .text              ro code  0x0021991c     0x1a  cmain.o [8]
  .text              ro code  0x00219936      0x4  low_level_init.o [6]
  .rodata            const    0x0021993a      0x1  nwk_globals.o [1]
  .rodata            const    0x0021993b      0x1  OSAL_SmartMeter.o [1]
  .text              ro code  0x0021993c     0x28  data_init.o [8]
  .text              ro code  0x00219964      0x4  exit.o [6]
  .text              ro code  0x00219968      0xa  cexit.o [8]
  .rodata            const    0x00219972      0x1  zcl_SmartMeter_data.o [1]
  .rodata            const    0x00219973      0x1  zcl_SmartMeter_data.o [1]
  .rodata            const    0x00219974     0x24  mac_radio_defs.o [1]
  .rodata            const    0x00219998     0x24  OSAL_SmartMeter.o [1]
  .iar.init_table    const    0x002199bc     0x34  - Linker created -
  .rodata            const    0x002199f0     0x18  hal_lcd.o [1]
  .rodata            const    0x00219a08     0x14  hal_uart.o [1]
  .rodata            const    0x00219a1c     0x14  zcl_SmartMeter.o [1]
  .rodata            const    0x00219a30     0x14  zcl_SmartMeter.o [1]
  .rodata            const    0x00219a44     0x14  zcl_SmartMeter_data.o [1]
  .rodata            const    0x00219a58     0x14  zcl_SmartMeter_data.o [1]
  .rodata            const    0x00219a6c     0x14  zcl_SmartMeter_data.o [1]
  .rodata            const    0x00219a80     0x14  zmac_cb.o [1]
  .rodata            const    0x00219a94     0x14  ZMain.o [1]
  .rodata            const    0x00219aa8     0x10  nwk_globals.o [1]
  .rodata            const    0x00219ab8     0x10  nwk_globals.o [1]
  .rodata            const    0x00219ac8     0x10  nwk_globals.o [1]
  .rodata            const    0x00219ad8     0x10  nwk_globals.o [1]
  .rodata            const    0x00219ae8     0x10  zcl_SmartMeter.o [1]
  .rodata            const    0x00219af8     0x10  zcl_SmartMeter.o [1]
  .rodata            const    0x00219b08     0x10  zcl_SmartMeter.o [1]
  .rodata            const    0x00219b18     0x10  zcl_SmartMeter.o [1]
  .rodata            const    0x00219b28     0x10  zcl_SmartMeter.o [1]
  .rodata            const    0x00219b38     0x10  zcl_SmartMeter.o [1]
  .rodata            const    0x00219b48     0x10  zcl_SmartMeter.o [1]
  .rodata            const    0x00219b58     0x10  zcl_SmartMeter.o [1]
  .rodata            const    0x00219b68     0x10  zcl_SmartMeter.o [1]
  .rodata            const    0x00219b78     0x10  zcl_SmartMeter.o [1]
  .rodata            const    0x00219b88     0x10  ZDObject.o [1]
  .rodata            const    0x00219b98     0x10  ZDObject.o [1]
  .rodata            const    0x00219ba8     0x10  ZDObject.o [1]
  .rodata            const    0x00219bb8     0x10  ZDObject.o [1]
  .rodata            const    0x00219bc8      0xc  nwk_globals.o [1]
  .rodata            const    0x00219bd4      0xc  nwk_globals.o [1]
  .rodata            const    0x00219be0      0xc  nwk_globals.o [1]
  .rodata            const    0x00219bec      0xc  zcl_ha.o [1]
  .rodata            const    0x00219bf8      0xc  zcl_SmartMeter.o [1]
  .rodata            const    0x00219c04      0xc  ZDObject.o [1]
  .rodata            const    0x00219c10      0xc  ZDObject.o [1]
  .text              ro code  0x00219c1c      0xa  hal_sleep.o [1]
  .rodata            const    0x00219c26      0x1  zcl_SmartMeter_data.o [1]
  .rodata            const    0x00219c27      0x1  ZDProfile.o [1]
  .rodata            const    0x00219c28      0x8  mac_cfg.o [1]
  .rodata            const    0x00219c30      0x8  MT_SYS.o [1]
  .rodata            const    0x00219c38      0x8  MT_VERSION.o [1]
  .rodata            const    0x00219c40      0x8  nwk_globals.o [1]
  .rodata            const    0x00219c48      0x8  nwk_globals.o [1]
  .rodata            const    0x00219c50      0x8  osal_nv.o [1]
  .rodata            const    0x00219c58      0x8  zcl_ha.o [1]
  .rodata            const    0x00219c60      0x8  zcl_ha.o [1]
  .rodata            const    0x00219c68      0x8  zcl_ha.o [1]
  .rodata            const    0x00219c70      0x8  zcl_SmartMeter.o [1]
  .rodata            const    0x00219c78      0x8  zcl_SmartMeter.o [1]
  .rodata            const    0x00219c80      0x8  zcl_SmartMeter.o [1]
  .rodata            const    0x00219c88      0x8  zcl_SmartMeter.o [1]
  .rodata            const    0x00219c90      0x8  zcl_SmartMeter_data.o [1]
  .rodata            const    0x00219c98      0x8  ZDSecMgr.o [1]
  .rodata            const    0x00219ca0      0x8  ZMain.o [1]
  .rodata            const    0x00219ca8      0x8  ZMain.o [1]
  .rodata            const    0x00219cb0      0x4  mac_rx.o [1]
  .rodata            const    0x00219cb4      0x4  nwk_globals.o [1]
  .rodata            const    0x00219cb8      0x0  zero_init3.o [8]
  .rodata            const    0x00219cb8      0x0  packbits_init.o [8]
  Initializer bytes  ro data  0x00219cb8    0x105  <for P2 s0>
                            - 0x00219dbd  0x19cbd

Absolute sections:                         0x3000
  .noinit            uninit   0x0027c800   0x3000  osal_nv.o [1]
                            - 0x0027f800   0x3000

"A2":                                         0xc
  .cca               const    0x0027ffd4      0xc  startup_ewarm.o [1]
                            - 0x0027ffe0      0xc

"A7":                                       0x100
  VTABLE             zero     0x20004000    0x100  interrupt.o [9]
                            - 0x20004100    0x100

"P2", part 1 of 3:                          0x230
  P2 s0                       0x20004100    0x22f  <Init block>
    .data            inited   0x20004100     0x80  mac_beacon.o [4]
    .data            inited   0x20004180     0x5c  mac_beacon.o [4]
    .data            inited   0x200041dc     0x48  MT.o [1]
    .data            inited   0x20004224     0x30  zcl_SmartMeter.o [1]
    .data            inited   0x20004254     0x18  APS.o [3]
    .data            inited   0x2000426c     0x14  zcl_SmartMeter_data.o [1]
    .data            inited   0x20004280     0x14  zcl_SmartMeter_data.o [1]
    .data            inited   0x20004294     0x10  zcl_SmartMeter.o [1]
    .data            inited   0x200042a4     0x10  ZDApp.o [1]
    .data            inited   0x200042b4     0x10  nwk_util.o [3]
    .data            inited   0x200042c4      0xc  aps_frag.o [3]
    .data            inited   0x200042d0      0x8  reflecttrack.o [3]
    .data            inited   0x200042d8      0x4  osal_nv.o [1]
    .data            inited   0x200042dc      0x4  zcl_SmartMeter.o [1]
    .data            inited   0x200042e0      0x4  ZDProfile.o [1]
    .data            inited   0x200042e4      0x4  ZGlobals.o [1]
    .data            inited   0x200042e8      0x4  mac_beacon.o [4]
    .data            inited   0x200042ec      0x2  zcl_SmartMeter.o [1]
    .data            inited   0x200042ee      0x2  zcl_SmartMeter_data.o [1]
    .data            inited   0x200042f0      0x2  ZDApp.o [1]
    .data            inited   0x200042f2      0x2  ZGlobals.o [1]
    .data            inited   0x200042f4      0x2  ZGlobals.o [1]
    .data            inited   0x200042f6      0x2  ZGlobals.o [1]
    .data            inited   0x200042f8      0x2  ZGlobals.o [1]
    .data            inited   0x200042fa      0x2  ZGlobals.o [1]
    .data            inited   0x200042fc      0x2  ZGlobals.o [1]
    .data            inited   0x200042fe      0x2  ZGlobals.o [1]
    .data            inited   0x20004300      0x2  ZGlobals.o [1]
    .data            inited   0x20004302      0x2  ZGlobals.o [1]
    .data            inited   0x20004304      0x2  ZGlobals.o [1]
    .data            inited   0x20004306      0x2  NLMEDE.o [3]
    .data            inited   0x20004308      0x2  reflecttrack.o [3]
    .data            inited   0x2000430a      0x1  AF.o [1]
    .data            inited   0x2000430b      0x1  mac_sleep.o [1]
    .data            inited   0x2000430c      0x1  nwk_globals.o [1]
    .data            inited   0x2000430d      0x1  OnBoard.o [1]
    .data            inited   0x2000430e      0x1  OSAL.o [1]
    .data            inited   0x2000430f      0x1  zcl.o [1]
    .data            inited   0x20004310      0x1  zcl_SmartMeter.o [1]
    .data            inited   0x20004311      0x1  zcl_SmartMeter_data.o [1]
    .data            inited   0x20004312      0x1  ZDApp.o [1]
    .data            inited   0x20004313      0x1  ZDApp.o [1]
    .data            inited   0x20004314      0x1  ZGlobals.o [1]
    .data            inited   0x20004315      0x1  ZGlobals.o [1]
    .data            inited   0x20004316      0x1  ZGlobals.o [1]
    .data            inited   0x20004317      0x1  ZGlobals.o [1]
    .data            inited   0x20004318      0x1  ZGlobals.o [1]
    .data            inited   0x20004319      0x1  ZGlobals.o [1]
    .data            inited   0x2000431a      0x1  ZGlobals.o [1]
    .data            inited   0x2000431b      0x1  ZGlobals.o [1]
    .data            inited   0x2000431c      0x1  ZGlobals.o [1]
    .data            inited   0x2000431d      0x1  ZGlobals.o [1]
    .data            inited   0x2000431e      0x1  ZGlobals.o [1]
    .data            inited   0x2000431f      0x1  ZGlobals.o [1]
    .data            inited   0x20004320      0x1  ZGlobals.o [1]
    .data            inited   0x20004321      0x1  ZGlobals.o [1]
    .data            inited   0x20004322      0x1  ZGlobals.o [1]
    .data            inited   0x20004323      0x1  ZGlobals.o [1]
    .data            inited   0x20004324      0x1  ZGlobals.o [1]
    .data            inited   0x20004325      0x1  ZGlobals.o [1]
    .data            inited   0x20004326      0x1  ZGlobals.o [1]
    .data            inited   0x20004327      0x1  ZGlobals.o [1]
    .data            inited   0x20004328      0x1  ZGlobals.o [1]
    .data            inited   0x20004329      0x1  ZGlobals.o [1]
    .data            inited   0x2000432a      0x1  ZGlobals.o [1]
    .data            inited   0x2000432b      0x1  ZGlobals.o [1]
    .data            inited   0x2000432c      0x1  ZGlobals.o [1]
    .data            inited   0x2000432d      0x1  ZGlobals.o [1]
    .data            inited   0x2000432e      0x1  ZGlobals.o [1]
                            - 0x2000432f    0x22f

"P2", part 2 of 3:                          0xe04
  .bss               zero     0x20004330    0x400  lcd_dogm128_6.o [5]
  .bss               zero     0x20004730    0x1f8  nwk_globals.o [1]
  .bss               zero     0x20004928    0x140  nwk_globals.o [1]
  .bss               zero     0x20004a68     0x78  nwk.o [3]
  .bss               zero     0x20004ae0     0x70  nwk_globals.o [1]
  .bss               zero     0x20004b50     0x70  io_pin_int.o [5]
  .bss               zero     0x20004bc0     0x60  mac_beacon.o [4]
  .bss               zero     0x20004c20     0x50  nwk_globals.o [1]
  .bss               zero     0x20004c70     0x50  ZDProfile.o [1]
  .bss               zero     0x20004cc0     0x4c  mac_pib.o [1]
  .bss               zero     0x20004d0c     0x38  nwk_globals.o [1]
  .bss               zero     0x20004d44     0x38  mac_beacon.o [4]
  .bss               zero     0x20004d7c     0x34  hal_led.o [1]
  .bss               zero     0x20004db0     0x34  ZDObject.o [1]
  .bss               zero     0x20004de4     0x2c  hal_uart.o [1]
  .bss               zero     0x20004e10     0x24  ZDSecMgr.o [1]
  .bss               zero     0x20004e34     0x20  bsp_key.o [5]
  .bss               zero     0x20004e54     0x20  mac_beacon.o [4]
  .bss               zero     0x20004e74     0x20  io_pin_int.o [5]
  .bss               zero     0x20004e94     0x1c  ZDApp.o [1]
  .bss               zero     0x20004eb0     0x18  nwk_globals.o [1]
  .bss               zero     0x20004ec8     0x14  APSMEDE.o [3]
  .bss               zero     0x20004edc     0x14  aes.o [9]
  .bss               zero     0x20004ef0     0x10  zcl_ezmode.o [1]
  .bss               zero     0x20004f00     0x10  zcl_ezmode.o [1]
  .bss               zero     0x20004f10     0x10  ZDConfig.o [1]
  .bss               zero     0x20004f20     0x10  APS.o [3]
  .bss               zero     0x20004f30      0xc  nwk_globals.o [1]
  .bss               zero     0x20004f3c      0xc  osal_nv.o [1]
  .bss               zero     0x20004f48      0xc  osal_nv.o [1]
  .bss               zero     0x20004f54      0xc  zcl_SmartMeter.o [1]
  .bss               zero     0x20004f60      0xc  ZDApp.o [1]
  .bss               zero     0x20004f6c      0xc  ZDSecMgr.o [1]
  .bss               zero     0x20004f78      0xc  nwk_util.o [3]
  .bss               zero     0x20004f84      0xc  nwk_util.o [3]
  .bss               zero     0x20004f90      0xc  nwk_util.o [3]
  .bss               zero     0x20004f9c      0xc  NLMEDE.o [3]
  .bss               zero     0x20004fa8      0x8  OnBoard.o [1]
  .bss               zero     0x20004fb0      0x8  osal_nv.o [1]
  .bss               zero     0x20004fb8      0x8  OSAL_PwrMgr.o [1]
  .bss               zero     0x20004fc0      0x8  ZDApp.o [1]
  .bss               zero     0x20004fc8      0x8  ZGlobals.o [1]
  .bss               zero     0x20004fd0      0x8  ZGlobals.o [1]
  .bss               zero     0x20004fd8      0x8  ZGlobals.o [1]
  .bss               zero     0x20004fe0      0x8  AddrMgr.o [3]
  .bss               zero     0x20004fe8      0x8  ssp.o [3]
  .bss               zero     0x20004ff0      0x8  ssp.o [3]
  .bss               zero     0x20004ff8      0x4  AF.o [1]
  .bss               zero     0x20004ffc      0x4  BindingTable.o [1]
  .bss               zero     0x20005000      0x4  BindingTable.o [1]
  .bss               zero     0x20005004      0x4  BindingTable.o [1]
  .bss               zero     0x20005008      0x4  BindingTable.o [1]
  .bss               zero     0x2000500c      0x4  BindingTable.o [1]
  .bss               zero     0x20005010      0x4  BindingTable.o [1]
  .bss               zero     0x20005014      0x4  BindingTable.o [1]
  .bss               zero     0x20005018      0x4  hal_aes.o [1]
  .bss               zero     0x2000501c      0x4  hal_key.o [1]
  .bss               zero     0x20005020      0x4  mac_backoff_timer.o [1]
  .bss               zero     0x20005024      0x4  mac_backoff_timer.o [1]
  .bss               zero     0x20005028      0x4  mac_mcu.o [1]
  .bss               zero     0x2000502c      0x4  mac_mcu.o [1]
  .bss               zero     0x20005030      0x4  mac_mcu.o [1]
  .bss               zero     0x20005034      0x4  mac_rx.o [1]
  .bss               zero     0x20005038      0x4  mac_rx.o [1]
  .bss               zero     0x2000503c      0x4  mac_rx.o [1]
  .bss               zero     0x20005040      0x4  MT_AF.o [1]
  .bss               zero     0x20005044      0x4  MT_AF.o [1]
  .bss               zero     0x20005048      0x4  MT_UART.o [1]
  .bss               zero     0x2000504c      0x4  MT_ZDO.o [1]
  .bss               zero     0x20005050      0x4  OSAL.o [1]
  .bss               zero     0x20005054      0x4  OSAL_Clock.o [1]
  .bss               zero     0x20005058      0x4  OSAL_Clock.o [1]
  .bss               zero     0x2000505c      0x4  osal_nv.o [1]
  .bss               zero     0x20005060      0x4  OSAL_SmartMeter.o [1]
  .bss               zero     0x20005064      0x4  OSAL_Timers.o [1]
  .bss               zero     0x20005068      0x4  OSAL_Timers.o [1]
  .bss               zero     0x2000506c      0x4  zcl.o [1]
  .bss               zero     0x20005070      0x4  zcl.o [1]
  .bss               zero     0x20005074      0x4  zcl.o [1]
  .bss               zero     0x20005078      0x4  zcl.o [1]
  .bss               zero     0x2000507c      0x4  zcl.o [1]
  .bss               zero     0x20005080      0x4  zcl_general.o [1]
  .bss               zero     0x20005084      0x4  ZDApp.o [1]
  .bss               zero     0x20005088      0x4  ZDApp.o [1]
  .bss               zero     0x2000508c      0x4  ZDConfig.o [1]
  .bss               zero     0x20005090      0x4  ZDObject.o [1]
  .bss               zero     0x20005094      0x4  ZDProfile.o [1]
  .bss               zero     0x20005098      0x4  ZDSecMgr.o [1]
  .bss               zero     0x2000509c      0x4  zmac.o [1]
  .bss               zero     0x200050a0      0x4  zmac.o [1]
  .bss               zero     0x200050a4      0x4  zmac_cb.o [1]
  .bss               zero     0x200050a8      0x4  APSMEDE.o [3]
  .bss               zero     0x200050ac      0x4  aps_groups.o [3]
  .bss               zero     0x200050b0      0x4  APS.o [3]
  .bss               zero     0x200050b4      0x4  APS.o [3]
  .bss               zero     0x200050b8      0x4  APS.o [3]
  .bss               zero     0x200050bc      0x4  mac_beacon.o [4]
  .bss               zero     0x200050c0      0x4  nwk_bufs.o [3]
  .bss               zero     0x200050c4      0x4  nwk_bufs.o [3]
  .bss               zero     0x200050c8      0x4  NLMEDE.o [3]
  .bss               zero     0x200050cc      0x4  NLMEDE.o [3]
  .bss               zero     0x200050d0      0x2  zcl_ezmode.o [1]
  .bss               zero     0x200050d2      0x2  zcl_SmartMeter_data.o [1]
  .bss               zero     0x200050d4      0x2  NLMEDE.o [3]
  .bss               zero     0x200050d6      0x1  BindingTable.o [1]
  .bss               zero     0x200050d7      0x1  hal_assert.o [1]
  .bss               zero     0x200050d8      0x1  hal_drivers.o [1]
  .bss               zero     0x200050d9      0x1  hal_key.o [1]
  .bss               zero     0x200050da      0x1  hal_key.o [1]
  .bss               zero     0x200050db      0x1  hal_key.o [1]
  .bss               zero     0x200050dc      0x1  hal_led.o [1]
  .bss               zero     0x200050dd      0x1  hal_led.o [1]
  .bss               zero     0x200050de      0x1  hal_uart.o [1]
  .bss               zero     0x200050df      0x1  mac_autopend.o [1]
  .bss               zero     0x200050e0      0x1  mac_autopend.o [1]
  .bss               zero     0x200050e1      0x1  mac_mcu.o [1]
  .bss               zero     0x200050e2      0x1  mac_mcu.o [1]
  .bss               zero     0x200050e3      0x1  mac_radio.o [1]
  .bss               zero     0x200050e4      0x1  mac_radio.o [1]
  .bss               zero     0x200050e5      0x1  mac_radio.o [1]
  .bss               zero     0x200050e6      0x1  mac_radio.o [1]
  .bss               zero     0x200050e7      0x1  mac_rx.o [1]
  .bss               zero     0x200050e8      0x1  mac_rx.o [1]
  .bss               zero     0x200050e9      0x1  mac_rx.o [1]
  .bss               zero     0x200050ea      0x1  mac_rx.o [1]
  .bss               zero     0x200050eb      0x1  mac_rx.o [1]
  .bss               zero     0x200050ec      0x1  mac_rx.o [1]
  .bss               zero     0x200050ed      0x1  mac_rx.o [1]
  .bss               zero     0x200050ee      0x1  mac_rx.o [1]
  .bss               zero     0x200050ef      0x1  mac_rx.o [1]
  .bss               zero     0x200050f0      0x1  mac_rx.o [1]
  .bss               zero     0x200050f1      0x1  mac_rx.o [1]
  .bss               zero     0x200050f2      0x1  mac_rx_onoff.o [1]
  .bss               zero     0x200050f3      0x1  mac_rx_onoff.o [1]
  .bss               zero     0x200050f4      0x1  mac_tx.o [1]
  .bss               zero     0x200050f5      0x1  mac_tx.o [1]
  .bss               zero     0x200050f6      0x1  mac_tx.o [1]
  .bss               zero     0x200050f7      0x1  mac_tx.o [1]
  .bss               zero     0x200050f8      0x1  mac_tx.o [1]
  .bss               zero     0x200050f9      0x1  mac_tx.o [1]
  .bss               zero     0x200050fa      0x1  mac_tx.o [1]
  .bss               zero     0x200050fb      0x1  mac_tx.o [1]
  .bss               zero     0x200050fc      0x1  mac_tx.o [1]
  .bss               zero     0x200050fd      0x1  MT.o [1]
  .bss               zero     0x200050fe      0x1  MT.o [1]
  .bss               zero     0x200050ff      0x1  MT_TASK.o [1]
  .bss               zero     0x20005100      0x1  MT_UART.o [1]
  .bss               zero     0x20005101      0x1  MT_UART.o [1]
  .bss               zero     0x20005102      0x1  MT_UART.o [1]
  .bss               zero     0x20005103      0x1  MT_UART.o [1]
  .bss               zero     0x20005104      0x1  MT_UART.o [1]
  .bss               zero     0x20005105      0x1  OnBoard.o [1]
  .bss               zero     0x20005106      0x1  OSAL_Memory.o [1]
  .bss               zero     0x20005107      0x1  osal_nv.o [1]
  .bss               zero     0x20005108      0x1  zcl.o [1]
  .bss               zero     0x20005109      0x1  zcl.o [1]
  .bss               zero     0x2000510a      0x1  zcl_ezmode.o [1]
  .bss               zero     0x2000510b      0x1  zcl_ezmode.o [1]
  .bss               zero     0x2000510c      0x1  zcl_ezmode.o [1]
  .bss               zero     0x2000510d      0x1  zcl_ezmode.o [1]
  .bss               zero     0x2000510e      0x1  zcl_ezmode.o [1]
  .bss               zero     0x2000510f      0x1  zcl_ezmode.o [1]
  .bss               zero     0x20005110      0x1  zcl_general.o [1]
  .bss               zero     0x20005111      0x1  zcl_SmartMeter.o [1]
  .bss               zero     0x20005112      0x1  zcl_SmartMeter.o [1]
  .bss               zero     0x20005113      0x1  zcl_SmartMeter.o [1]
  .bss               zero     0x20005114      0x1  zcl_SmartMeter.o [1]
  .bss               zero     0x20005115      0x1  zcl_SmartMeter_data.o [1]
  .bss               zero     0x20005116      0x1  zcl_SmartMeter_data.o [1]
  .bss               zero     0x20005117      0x1  ZDApp.o [1]
  .bss               zero     0x20005118      0x1  ZDApp.o [1]
  .bss               zero     0x20005119      0x1  ZDApp.o [1]
  .bss               zero     0x2000511a      0x1  ZDApp.o [1]
  .bss               zero     0x2000511b      0x1  ZDApp.o [1]
  .bss               zero     0x2000511c      0x1  ZDApp.o [1]
  .bss               zero     0x2000511d      0x1  ZDApp.o [1]
  .bss               zero     0x2000511e      0x1  ZDApp.o [1]
  .bss               zero     0x2000511f      0x1  ZDObject.o [1]
  .bss               zero     0x20005120      0x1  ZDProfile.o [1]
  .bss               zero     0x20005121      0x1  ZDProfile.o [1]
  .bss               zero     0x20005122      0x1  ZGlobals.o [1]
  .bss               zero     0x20005123      0x1  ZGlobals.o [1]
  .bss               zero     0x20005124      0x1  ZGlobals.o [1]
  .bss               zero     0x20005125      0x1  ZGlobals.o [1]
  .bss               zero     0x20005126      0x1  ZGlobals.o [1]
  .bss               zero     0x20005127      0x1  ZGlobals.o [1]
  .bss               zero     0x20005128      0x1  ZGlobals.o [1]
  .bss               zero     0x20005129      0x1  ZGlobals.o [1]
  .bss               zero     0x2000512a      0x1  zmac_cb.o [1]
  .bss               zero     0x2000512b      0x1  nwk_util.o [3]
  .bss               zero     0x2000512c      0x1  nwk_util.o [3]
  .bss               zero     0x2000512d      0x1  nwk_util.o [3]
  .bss               zero     0x2000512e      0x1  rtg.o [3]
  .bss               zero     0x2000512f      0x1  nwk.o [3]
  .bss               zero     0x20005130      0x1  nwk.o [3]
  .bss               zero     0x20005131      0x1  nwk.o [3]
  .bss               zero     0x20005132      0x1  bsp.o [5]
                            - 0x20005133    0xe03

"P2", part 3 of 3:                         0x2004
  .noinit            uninit   0x20005134   0x1800  OSAL_Memory.o [1]
  .noinit            uninit   0x20006934    0x800  startup_ewarm.o [1]
  .noinit            uninit   0x20007134      0x4  OSAL_Memory.o [1]
                            - 0x20007138   0x2004


*******************************************************************************
*** INIT TABLE
***

          Address     Size
          -------     ----
Zero (__iar_zero_init3)
    2 destination ranges, total size 0xf03:
          0x20004000  0x100
          0x20004330  0xe03

Copy/packbits (__iar_packbits_init3)
    1 source range, total size 0x105 (46% of destination):
          0x00219cb8  0x105
    1 destination range, total size 0x22f:
          0x20004100  0x22f



*******************************************************************************
*** MODULE SUMMARY
***

    Module                    ro code  ro data  rw data  rw data
                                                          (abs)
    ------                    -------  -------  -------  -------
C:\Texas Instruments\Z-Stack Home 1.2.0\Projects\zstack\HomeAutomation\SmartMeter\CC2538\EndDevice\Obj: [1]
    AF.o                        1 684        1        5
    BindingTable.o              2 236                29
    DebugTrace.o                   76
    MT.o                          258       34       74
    MT_AF.o                       200                 8
    MT_APP.o                      206
    MT_DEBUG.o                    194
    MT_SYS.o                    2 228       12
    MT_TASK.o                     400                 1
    MT_UART.o                     604                 9
    MT_VERSION.o                             8
    MT_ZDO.o                    3 264                 4
    OSAL.o                      1 956        1        5
    OSAL_Clock.o                  776                 8
    OSAL_Memory.o                 524             6 149
    OSAL_PwrMgr.o                  20                 8
    OSAL_SmartMeter.o             136       37        4
    OSAL_Timers.o                 776                 8
    OnBoard.o                     270                10
    ZDApp.o                     5 296        9       84
    ZDConfig.o                    248                20
    ZDObject.o                  2 822       88       57
    ZDProfile.o                 3 652       90       90
    ZDSecMgr.o                  2 648        8       52
    ZGlobals.o                    516      424       83
    ZMain.o                       656       36
    armcm3flashutil.o             438
    hal_adc.o                      56
    hal_aes.o                      92                 4
    hal_assert.o                  668                 1
    hal_ccm.o                     258
    hal_drivers.o                 152                 1
    hal_key.o                     404                 7
    hal_lcd.o                     276       24
    hal_led.o                     876                54
    hal_sleep.o                    10
    hal_sys_ctrl.o                408
    hal_systick.o                  42
    hal_uart.o                  1 366       20       45
    mac_autopend.o              1 132                 2
    mac_backoff_timer.o           368                 8
    mac_cfg.o                                8
    mac_csp_tx.o                1 456
    mac_low_level.o               104
    mac_mcu.o                   1 784                14
    mac_mem.o                     116
    mac_pib.o                     512      220       76
    mac_radio.o                   752                 4
    mac_radio_defs.o              144       36
    mac_rx.o                    2 736        4       23
    mac_rx_onoff.o                516                 2
    mac_sleep.o                   104                 1
    mac_tx.o                    1 188                 9
    nwk_globals.o                 612      146    1 109
    osal_nv.o                   4 390       10       41   12 288
    saddr.o                       166
    startup_ewarm.o                66      268    2 048
    zcl.o                       8 038      184       23
    zcl_SmartMeter.o            1 912      279       87
    zcl_SmartMeter_data.o                  302       47
    zcl_ezmode.o                  924                40
    zcl_general.o                 628                 5
    zcl_ha.o                      196       36
    zmac.o                        528                 8
    zmac_cb.o                     720       20        5
    ------------------------------------------------------------
    Total:                     65 784    2 305   10 372   12 288

command line: [2]
    ------------------------------------------------------------
    Total:

EndDevice.a: [3]
    APS.o                       1 736       11       52
    APSMEDE.o                   2 760                24
    APSMEDE_CB.o                  324
    AddrMgr.o                   1 052                 8
    AssocList.o                   308
    NLMEDE.o                      984        1       24
    NLMEDE_CB.o                   560
    aps_frag.o                  1 596        5       12
    aps_groups.o                   88                 4
    aps_util.o                    552
    nwk.o                       2 860               123
    nwk_bufs.o                  1 060                 8
    nwk_util.o                  4 060        8       55
    reflecttrack.o                328        5       10
    rtg.o                       1 796                 1
    ssp.o                       1 352                16
    ssp_hash.o                    690
    ------------------------------------------------------------
    Total:                     22 106       30      337

TIMAC-CC2538.a: [4]
    mac_beacon.o                7 596      308      412
    ------------------------------------------------------------
    Total:                      7 596      308      412

bsp.lib: [5]
    bsp.o                         180                 1
    bsp_key.o                     780                32
    io_pin_int.o                  848               144
    lcd_dogm128_6.o               228             1 024
    lcd_dogm128_6_alphabet.o               472
    lcd_srf06eb.o                 288
    ------------------------------------------------------------
    Total:                      2 324      472    1 201

dl7M_tln.a: [6]
    abort.o                         6
    exit.o                          4
    low_level_init.o                4
    memcpy.o                       12
    memset.o                       20
    strcat.o                       28
    ------------------------------------------------------------
    Total:                         74

m7M_tl.a: [7]
    ------------------------------------------------------------
    Total:

rt7M_tl.a: [8]
    ABImemclr.o                     6
    ABImemcpy_unaligned.o         118
    ABImemset.o                   102
    cexit.o                        10
    cmain.o                        26
    cstartup_M.o                   12
    data_init.o                    40
    packbits_init.o               212
    strcpy_unaligned.o             68
    strlen.o                       54
    zero_init3.o                   34
    ------------------------------------------------------------
    Total:                        682

sdriverlib.lib: [9]
    aes.o                         492                20
    ccm.o                         944
    cpu.o                          16
    flash.o                        56
    gpio.o                        448
    interrupt.o                   592               256
    ioc.o                         740
    ssi.o                         138
    sys_ctrl.o                    484
    systick.o                      52
    uart.o                        214
    ------------------------------------------------------------
    Total:                      4 176               276

shb_l.a: [10]
    exit.o                         20
    ------------------------------------------------------------
    Total:                         20

    Linker created                          52
----------------------------------------------------------------
    Grand Total:              102 762    3 167   12 598   12 288


*******************************************************************************
*** ENTRY LIST
***

Entry                      Address    Size  Type      Object
-----                      -------    ----  ----      ------
?main                   0x0021991d          Code  Gb  cmain.o [8]
AESECBCheckResult       0x002162c9    0x16  Code  Gb  aes.o [9]
AESECBGetResult         0x002162df    0x5a  Code  Gb  aes.o [9]
AESECBStart             0x00216241    0x88  Code  Gb  aes.o [9]
AESLoadKey              0x00216171    0xce  Code  Gb  aes.o [9]
AF_DataRequest          0x00202de5   0x208  Code  Gb  AF.o [1]
AF_DataRequestDiscoverRoute
                        0x2000430a     0x1  Data  Gb  AF.o [1]
AIB_apsTrustCenterAddress
                        0x20004258     0x4  Data  Gb  APS.o [3]
AIB_apsUseExtendedPANID
                        0x20004264     0x8  Data  Gb  APS.o [3]
AIB_apsUseInsecureJoin  0x20004256     0x1  Data  Gb  APS.o [3]
APSDE_DataCnf           0x0020fdcd     0xa  Code  Gb  APSMEDE_CB.o [3]
APSDE_DataConfirm       0x0020fdb5    0x18  Code  Gb  APSMEDE_CB.o [3]
APSDE_DataIndication    0x0020fdd7    0xa0  Code  Gb  APSMEDE_CB.o [3]
APSDE_DataReq           0x00205411   0x1da  Code  Gb  APSMEDE.o [3]
APSDE_DataReqMTU        0x002055eb    0x28  Code  Gb  APSMEDE.o [3]
APSDE_FrameAlloc        0x00205cdd   0x114  Code  Gb  APSMEDE.o [3]
APSDE_FrameHdrSet       0x00205af1    0xee  Code  Gb  APSMEDE.o [3]
APSDE_FrameSend         0x00205df1    0x42  Code  Gb  APSMEDE.o [3]
APSDE_ParseMsg          0x00213a49   0x102  Code  Gb  aps_util.o [3]
APSF_AllocRxObj         0x00209c41    0xf6  Code  Lc  aps_frag.o [3]
APSF_FindObj            0x00209933    0x2a  Code  Lc  aps_frag.o [3]
APSF_FreeObj            0x0020995d    0x28  Code  Lc  aps_frag.o [3]
APSF_IncomingData       0x00209d37   0x136  Code  Lc  aps_frag.o [3]
APSF_Init               0x0020990d    0x26  Code  Gb  aps_frag.o [3]
APSF_ObjList            0x200042c8     0x4  Data  Lc  aps_frag.o [3]
APSF_ProcessAck         0x00209bbd    0x84  Code  Gb  aps_frag.o [3]
APSF_ProcessEvent       0x00209e77    0xb0  Code  Gb  aps_frag.o [3]
APSF_SendFragmented     0x00209985   0x134  Code  Gb  aps_frag.o [3]
APSF_SendOsalMsg        0x00209e6d     0xa  Code  Gb  aps_frag.o [3]
APSF_TxNextFrame        0x00209ab9   0x102  Code  Lc  aps_frag.o [3]
APSF_taskID             0x200042c4     0x1  Data  Gb  aps_frag.o [3]
APSME_BindRequest       0x00205613    0x26  Code  Gb  APSMEDE.o [3]
APSME_CmdPkt            0x00205c99    0x3e  Code  Gb  APSMEDE.o [3]
APSME_CmdPktCM_ED       0x00205c6b    0x14  Code  Gb  APSMEDE.o [3]
APSME_CmdPktHook        0x20004ed8     0x4  Data  Gb  APSMEDE.o [3]
APSME_CmdTransportKey   0x00205be5    0x86  Code  Gb  APSMEDE.o [3]
APSME_FrameSecApplyCM   0x00205a81    0x6c  Code  Gb  APSMEDE.o [3]
APSME_FrameSecApplyExtCM
                        0x00205aed     0x4  Code  Gb  APSMEDE.o [3]
APSME_FrameSecApplyExtHook
                        0x20004ed0     0x4  Data  Gb  APSMEDE.o [3]
APSME_FrameSecApplyHook
                        0x20004ecc     0x4  Data  Gb  APSMEDE.o [3]
APSME_FrameSecKeySetup  0x0020590b    0x76  Code  Gb  APSMEDE.o [3]
APSME_FrameSecKeySync   0x002058a9    0x62  Code  Gb  APSMEDE.o [3]
APSME_FrameSecRemoveCM  0x00205a05    0x7c  Code  Gb  APSMEDE.o [3]
APSME_FrameSecRemoveHook
                        0x20004ed4     0x4  Data  Gb  APSMEDE.o [3]
APSME_FrameSecSetupCM   0x00205981    0x84  Code  Gb  APSMEDE.o [3]
APSME_FrameSecSetupHook
                        0x20004ec8     0x4  Data  Gb  APSMEDE.o [3]
APSME_FrameSecurityRemove
                        0x00205e39    0x20  Code  Gb  APSMEDE.o [3]
APSME_GetRequest        0x0020564d    0x4c  Code  Gb  APSMEDE.o [3]
APSME_HoldDataRequests  0x00209839    0x2a  Code  Gb  APS.o [3]
APSME_IsDefaultTCLK     0x0020fb69    0x10  Code  Gb  ZDSecMgr.o [1]
APSME_IsDistributedSecurity
                        0x00205ea5     0xc  Code  Gb  APSMEDE.o [3]
APSME_LinkKeyLoad       0x0020582b    0x7e  Code  Gb  APSMEDE.o [3]
APSME_LinkKeyNVIdGet    0x0020f87f    0x2a  Code  Gb  ZDSecMgr.o [1]
APSME_LinkKeySet        0x0020f779    0xa4  Code  Gb  ZDSecMgr.o [1]
APSME_LinkKeySync       0x00205783    0x5e  Code  Gb  APSMEDE.o [3]
APSME_LookupExtAddr     0x002056b5    0x3e  Code  Gb  APSMEDE.o [3]
APSME_LookupNwkAddr     0x002056f3    0x2e  Code  Gb  APSMEDE.o [3]
APSME_NwkKeyLoad        0x002057e1    0x4a  Code  Gb  APSMEDE.o [3]
APSME_NwkKeySync        0x00205759    0x2a  Code  Gb  APSMEDE.o [3]
APSME_SecurityCM_ED     0x00205e8d    0x18  Code  Gb  APSMEDE.o [3]
APSME_SetRequest        0x00205699    0x1c  Code  Gb  APSMEDE.o [3]
APSME_SwitchKeyInd      0x0020fec5    0x28  Code  Gb  APSMEDE_CB.o [3]
APSME_TCLinkKeyInit     0x0020f8a9    0xb6  Code  Gb  ZDSecMgr.o [1]
APSME_TCLinkKeyLoad     0x0020fa75    0xf4  Code  Gb  ZDSecMgr.o [1]
APSME_TCLinkKeySync     0x0020f965   0x110  Code  Gb  ZDSecMgr.o [1]
APSME_TransportKeyInd   0x0020fe77    0x40  Code  Gb  APSMEDE_CB.o [3]
APSME_UnBindRequest     0x00205639    0x14  Code  Gb  APSMEDE.o [3]
APS_AllowDataRequests   0x20004257     0x1  Data  Gb  APS.o [3]
APS_CmdInd              0x0020935d    0x60  Code  Gb  APS.o [3]
APS_Counter             0x20004255     0x1  Data  Gb  APS.o [3]
APS_DataConfirmReflect  0x002094a1    0x18  Code  Lc  APS.o [3]
APS_DataIndReflect      0x002094b9   0x11c  Code  Lc  APS.o [3]
APS_GetBind             0x002093f9    0xa8  Code  Lc  APS.o [3]
APS_Init                0x00209269    0x28  Code  Gb  APS.o [3]
APS_IsDuplicate         0x00209863    0x82  Code  Lc  APS.o [3]
APS_ReReflect           0x0020971d    0x78  Code  Lc  APS.o [3]
APS_Reflect             0x002095db   0x142  Code  Lc  APS.o [3]
APS_ReflectMonitor      0x00209795    0x58  Code  Lc  APS.o [3]
APS_ReflectorInit       0x00209245    0x24  Code  Gb  APS.o [3]
APS_TaskID              0x20004254     0x1  Data  Gb  APS.o [3]
APS_UnBind              0x002093c1    0x38  Code  Lc  APS.o [3]
APS_event_loop          0x00209291    0xc6  Code  Gb  APS.o [3]
AddrMgrEntryAdd         0x0020dd51    0x58  Code  Lc  AddrMgr.o [3]
AddrMgrEntryAddRef      0x0020de9f    0x3c  Code  Gb  AddrMgr.o [3]
AddrMgrEntryData        0x20004fe4     0x4  Data  Lc  AddrMgr.o [3]
AddrMgrEntryGet         0x0020df93    0x46  Code  Gb  AddrMgr.o [3]
AddrMgrEntryLookupExt   0x0020df39    0x5a  Code  Gb  AddrMgr.o [3]
AddrMgrEntryLookupNwk   0x0020dedb    0x5e  Code  Gb  AddrMgr.o [3]
AddrMgrEntryRelease     0x0020de6b    0x34  Code  Gb  AddrMgr.o [3]
AddrMgrEntrySet         0x0020dd09    0x48  Code  Lc  AddrMgr.o [3]
AddrMgrEntryTotal       0x20004fe0     0x2  Data  Lc  AddrMgr.o [3]
AddrMgrEntryUpdate      0x0020dfd9   0x124  Code  Gb  AddrMgr.o [3]
AddrMgrEntryValidate    0x0020dce5    0x24  Code  Lc  AddrMgr.o [3]
AddrMgrExtAddrEqual     0x0020ddfb    0x18  Code  Gb  AddrMgr.o [3]
AddrMgrExtAddrLookup    0x0020de13    0x28  Code  Gb  AddrMgr.o [3]
AddrMgrExtAddrSet       0x0020ddd3     0xe  Code  Gb  AddrMgr.o [3]
AddrMgrExtAddrValid     0x0020dde1    0x1a  Code  Gb  AddrMgr.o [3]
AddrMgrInit             0x0020dda9    0x2a  Code  Gb  AddrMgr.o [3]
AddrMgrNwkAddrLookup    0x0020de3b    0x30  Code  Gb  AddrMgr.o [3]
AddrMgrWriteNVRequest   0x0020b01d     0x2  Code  Gb  ZDApp.o [1]
App_TaskID              0x20005100     0x1  Data  Gb  MT_UART.o [1]
ApsLinkKeyFrmCntr       0x20004e10    0x24  Data  Gb  ZDSecMgr.o [1]
AssocChangeNwkAddr      0x0020e101    0x62  Code  Gb  AssocList.o [3]
AssocCnfFailStr         0x00219ac8    0x10  Data  Gb  nwk_globals.o [1]
AssocCnfStr             0x00219bc8     0xc  Data  Gb  nwk_globals.o [1]
AssocGetWithAddress     0x0020e197    0x74  Code  Gb  AssocList.o [3]
AssocGetWithShort       0x0020e163    0x34  Code  Gb  AssocList.o [3]
AssociatedDevList       0x20004730   0x1f8  Data  Gb  nwk_globals.o [1]
BindInitNV              0x00213631    0x2e  Code  Gb  BindingTable.o [1]
BindRestoreFromNV       0x00213679    0x46  Code  Gb  BindingTable.o [1]
BindSetDefaultNV        0x00213661    0x16  Code  Gb  BindingTable.o [1]
BindWriteNV             0x002136c1    0x6e  Code  Gb  BindingTable.o [1]
BindingTable            0x20004d0c    0x38  Data  Gb  nwk_globals.o [1]
CCMAuthEncryptCheckResult
                        0x002189d5    0x16  Code  Gb  ccm.o [9]
CCMAuthEncryptGetResult
                        0x002189ed    0x88  Code  Gb  ccm.o [9]
CCMAuthEncryptStart     0x002188b9   0x11c  Code  Gb  ccm.o [9]
CCMInvAuthDecryptCheckResult
                        0x00218b89     0x2  Code  Gb  ccm.o [9]
CCMInvAuthDecryptGetResult
                        0x00218b8d    0xae  Code  Gb  ccm.o [9]
CCMInvAuthDecryptStart  0x00218a75   0x114  Code  Gb  ccm.o [9]
CPUcpsid                0x002067cd     0x8  Code  Gb  cpu.o [9]
CPUcpsie                0x002067d5     0x8  Code  Gb  cpu.o [9]
EndDeviceStr            0x00219bd4     0xc  Data  Gb  nwk_globals.o [1]
EnergyLevelStr          0x00219ad8    0x10  Data  Gb  nwk_globals.o [1]
FSC_Token               0x20005103     0x1  Data  Gb  MT_UART.o [1]
FaultISR                0x0021990b     0x2  Code  Lc  startup_ewarm.o [1]
FlashCacheModeSet       0x00218c89    0x12  Code  Gb  flash.o [9]
FlashMainPageErase      0x00218c69    0x10  Code  Gb  flash.o [9]
GPIODirModeSet          0x0020c76b    0x28  Code  Gb  gpio.o [9]
GPIOGetIntNumber        0x0020c73d    0x2e  Code  Gb  gpio.o [9]
GPIOIntTypeSet          0x0020c793    0x38  Code  Gb  gpio.o [9]
GPIOIntWakeupDisable    0x0020c8d9     0xc  Code  Gb  gpio.o [9]
GPIOIntWakeupEnable     0x0020c8cf     0xa  Code  Gb  gpio.o [9]
GPIOPinIntClear         0x0020c7f5     0x6  Code  Gb  gpio.o [9]
GPIOPinIntDisable       0x0020c7d7     0xe  Code  Gb  gpio.o [9]
GPIOPinIntEnable        0x0020c7cb     0xc  Code  Gb  gpio.o [9]
GPIOPinIntStatus        0x0020c7e5    0x10  Code  Gb  gpio.o [9]
GPIOPinRead             0x0020c815     0x6  Code  Gb  gpio.o [9]
GPIOPinTypeGPIOInput    0x0020c821     0xa  Code  Gb  gpio.o [9]
GPIOPinTypeGPIOOutput   0x0020c82b     0xa  Code  Gb  gpio.o [9]
GPIOPinTypeSSI          0x0020c835     0x2  Code  Gb  gpio.o [9]
GPIOPinTypeUARTInput    0x0020c84f     0x4  Code  Gb  gpio.o [9]
GPIOPinTypeUARTOutput   0x0020c853    0x1a  Code  Gb  gpio.o [9]
GPIOPinWrite            0x0020c81b     0x6  Code  Gb  gpio.o [9]
GPIOPortIntRegister     0x0020c7fb    0x1a  Code  Gb  gpio.o [9]
GPIOPowIntClear         0x0020c8a3    0x22  Code  Gb  gpio.o [9]
GPIOPowIntTypeSet       0x0020c86d    0x36  Code  Gb  gpio.o [9]
GetBindingTableEntry    0x00213881    0x4a  Code  Gb  BindingTable.o [1]
HalAdcCheckVdd          0x00217409    0x22  Code  Gb  hal_adc.o [1]
HalAdcRead              0x00217401     0x8  Code  Gb  hal_adc.o [1]
HalAesInit              0x0020bb71    0x1a  Code  Gb  hal_aes.o [1]
HalDriverInit           0x00203903    0x18  Code  Gb  hal_drivers.o [1]
HalKeyConfig            0x00205fcb    0x6a  Code  Gb  hal_key.o [1]
HalKeyInit              0x00205f41     0xe  Code  Gb  hal_key.o [1]
HalKeyPoll              0x00206055    0x3c  Code  Gb  hal_key.o [1]
HalKeyRead              0x00206035    0x20  Code  Gb  hal_key.o [1]
HalLcdInit              0x0020bbcd     0xe  Code  Gb  hal_lcd.o [1]
HalLcdWriteScreen       0x0020bc17    0x18  Code  Gb  hal_lcd.o [1]
HalLcdWriteString       0x0020bbdb    0x18  Code  Gb  hal_lcd.o [1]
HalLcdWriteStringValue  0x0020bc2f    0x5a  Code  Gb  hal_lcd.o [1]
HalLcdWriteValue        0x0020bbf3    0x24  Code  Gb  hal_lcd.o [1]
HalLcd_HW_WriteLine     0x0020bc89    0x4c  Code  Gb  hal_lcd.o [1]
HalLedBlink             0x0020bd85    0xd2  Code  Gb  hal_led.o [1]
HalLedInit              0x0020bce1    0x16  Code  Gb  hal_led.o [1]
HalLedOnOff             0x0020bf8f    0xa8  Code  Gb  hal_led.o [1]
HalLedSet               0x0020bcf7    0x8e  Code  Gb  hal_led.o [1]
HalLedState             0x200050dc     0x1  Data  Lc  hal_led.o [1]
HalLedStatusControl     0x20004d7c    0x34  Data  Lc  hal_led.o [1]
HalLedUpdate            0x0020be57   0x138  Code  Gb  hal_led.o [1]
HalUARTClose            0x0020c557     0xe  Code  Gb  hal_uart.o [1]
HalUARTCloseIsr         0x0020c2ab    0x28  Code  Gb  hal_uart.o [1]
HalUARTInit             0x0020c535     0x8  Code  Gb  hal_uart.o [1]
HalUARTInitIsr          0x0020c04d    0x3e  Code  Gb  hal_uart.o [1]
HalUARTOpen             0x0020c53d    0x12  Code  Gb  hal_uart.o [1]
HalUARTOpenIsr          0x0020c08b   0x15c  Code  Gb  hal_uart.o [1]
HalUARTPoll             0x0020c54f     0x8  Code  Gb  hal_uart.o [1]
HalUARTPollIsr          0x0020c1e7    0xc4  Code  Gb  hal_uart.o [1]
HalUARTRead             0x0020c565    0x18  Code  Gb  hal_uart.o [1]
HalUARTReadIsr          0x0020c2d3    0x70  Code  Gb  hal_uart.o [1]
HalUARTWrite            0x0020c57d    0x18  Code  Gb  hal_uart.o [1]
HalUARTWriteIsr         0x0020c343    0xc8  Code  Gb  hal_uart.o [1]
Hal_Init                0x002038fd     0x6  Code  Gb  hal_drivers.o [1]
Hal_KeyIntEnable        0x200050db     0x1  Data  Gb  hal_key.o [1]
Hal_ProcessEvent        0x0020391b    0x6a  Code  Gb  hal_drivers.o [1]
Hal_ProcessPoll         0x0020398d     0x8  Code  Gb  hal_drivers.o [1]
Hal_TaskID              0x200050d8     0x1  Data  Gb  hal_drivers.o [1]
Hal_UART_RxBufLen       0x0020c595     0xe  Code  Gb  hal_uart.o [1]
Hal_UART_RxBufLenIsr    0x0020c40b    0x22  Code  Gb  hal_uart.o [1]
IOCPadConfigSet         0x002167cf    0x68  Code  Gb  ioc.o [9]
IOCPinConfigPeriphInput
                        0x002166d5    0xfa  Code  Gb  ioc.o [9]
IOCPinConfigPeriphOutput
                        0x0021666d    0x68  Code  Gb  ioc.o [9]
InStream_Read           0x00219389    0x22  Code  Lc  packbits_init.o [8]
InitBindingTable        0x00213045    0x6c  Code  Gb  BindingTable.o [1]
InitBoard               0x00203199    0x3a  Code  Gb  OnBoard.o [1]
IntAltMapEnable         0x00203455     0xc  Code  Gb  interrupt.o [9]
IntDefaultHandler       0x0021990d     0x2  Code  Lc  startup_ewarm.o [1]
IntDisable              0x002033c1    0x58  Code  Gb  interrupt.o [9]
IntEnable               0x00203369    0x58  Code  Gb  interrupt.o [9]
IntMasterDisable        0x00203311     0x6  Code  Gb  interrupt.o [9]
IntMasterEnable         0x00203309     0x8  Code  Gb  interrupt.o [9]
IntPendClear            0x00203419    0x3c  Code  Gb  interrupt.o [9]
IntPrioritySet          0x00203345    0x24  Code  Gb  interrupt.o [9]
IntRegister             0x0020331f    0x26  Code  Gb  interrupt.o [9]
LEN_Token               0x20005102     0x1  Data  Gb  MT_UART.o [1]
MAC_CbackCheckPending   0x0021183d     0x4  Code  Gb  zmac_cb.o [1]
MAC_CbackEvent          0x002115d9   0x264  Code  Gb  zmac_cb.o [1]
MAC_CbackQueryRetransmit
                        0x00211841     0x4  Code  Gb  zmac_cb.o [1]
MAC_Init                0x00207f79    0x1e  Code  Gb  mac_beacon.o [4]
MAC_InitDevice          0x002073ff    0x2c  Code  Gb  mac_beacon.o [4]
MAC_McpsDataAlloc       0x00206e71    0x1a  Code  Gb  mac_beacon.o [4]
MAC_McpsDataReq         0x00206d65   0x10c  Code  Gb  mac_beacon.o [4]
MAC_MlmeAssociateReq    0x0020742d     0x8  Code  Gb  mac_beacon.o [4]
MAC_MlmeGetReq          0x0021208b    0x52  Code  Gb  mac_pib.o [1]
MAC_MlmePollReq         0x00207435     0x6  Code  Gb  mac_beacon.o [4]
MAC_MlmeResetReq        0x00207eb9    0xb0  Code  Gb  mac_beacon.o [4]
MAC_MlmeScanReq         0x00208307     0x8  Code  Gb  mac_beacon.o [4]
MAC_MlmeSetReq          0x002120dd   0x150  Code  Gb  mac_pib.o [1]
MAC_MlmeSyncReq         0x00207f71     0x8  Code  Gb  mac_beacon.o [4]
MAC_SrcMatchAckAllPending
                        0x00216f23    0x2e  Code  Gb  mac_autopend.o [1]
MAC_SrcMatchAddEntry    0x00216e2f    0xb4  Code  Gb  mac_autopend.o [1]
MAC_SrcMatchCheckAllPending
                        0x00216f51    0x10  Code  Gb  mac_autopend.o [1]
MAC_SrcMatchCheckResult
                        0x00216f61    0x1c  Code  Gb  mac_autopend.o [1]
MAC_SrcMatchDeleteEntry
                        0x00216ee3    0x40  Code  Gb  mac_autopend.o [1]
MAC_SrcMatchEnable      0x00216ddd    0x52  Code  Gb  mac_autopend.o [1]
MTProcessAppRspMsg      0x002125ed    0x16  Code  Gb  MT.o [1]
MTVersionString         0x00219c38     0x8  Data  Gb  MT_VERSION.o [1]
MT_AfExec               0x00212605    0xba  Code  Gb  MT_AF.o [1]
MT_AppCommandProcessing
                        0x00219479    0x2c  Code  Gb  MT_APP.o [1]
MT_AppMsg               0x002194a5    0x82  Code  Gb  MT_APP.o [1]
MT_AppUserCmd           0x00219527    0x20  Code  Gb  MT_APP.o [1]
MT_BuildAndSendZToolResponse
                        0x0021251f    0x44  Code  Gb  MT.o [1]
MT_Init                 0x00212501    0x1e  Code  Gb  MT.o [1]
MT_ProcessDebugMsg      0x00212f81    0x98  Code  Gb  MT_DEBUG.o [1]
MT_ProcessDebugStr      0x00213019    0x2a  Code  Gb  MT_DEBUG.o [1]
MT_ProcessEvent         0x002090d9    0xa6  Code  Gb  MT_TASK.o [1]
MT_ProcessIncoming      0x00212563    0x7a  Code  Gb  MT.o [1]
MT_ProcessIncomingCommand
                        0x0020917f    0x72  Code  Lc  MT_TASK.o [1]
MT_SysAdcRead           0x00212bdd    0x86  Code  Gb  MT_SYS.o [1]
MT_SysCommandProcessing
                        0x002126cd    0xee  Code  Gb  MT_SYS.o [1]
MT_SysGetExtAddr        0x0021284b    0x1a  Code  Gb  MT_SYS.o [1]
MT_SysGetUtcTime        0x00212e7b    0x86  Code  Gb  MT_SYS.o [1]
MT_SysGpio              0x00212c63    0xa8  Code  Gb  MT_SYS.o [1]
MT_SysOsalEventId       0x00219c30     0x8  Data  Gb  MT_SYS.o [1]
MT_SysOsalNVDelete      0x00212a9f    0x3a  Code  Gb  MT_SYS.o [1]
MT_SysOsalNVItemInit    0x00212a1d    0x82  Code  Gb  MT_SYS.o [1]
MT_SysOsalNVLength      0x00212ad9    0x38  Code  Gb  MT_SYS.o [1]
MT_SysOsalNVRead        0x00212865   0x142  Code  Gb  MT_SYS.o [1]
MT_SysOsalNVWrite       0x002129a7    0x76  Code  Gb  MT_SYS.o [1]
MT_SysOsalStartTimer    0x00212b11    0x58  Code  Gb  MT_SYS.o [1]
MT_SysOsalStopTimer     0x00212b69    0x4e  Code  Gb  MT_SYS.o [1]
MT_SysOsalTimerExpired  0x00212f69    0x18  Code  Gb  MT_SYS.o [1]
MT_SysPing              0x002127d1    0x26  Code  Gb  MT_SYS.o [1]
MT_SysRandom            0x00212bb7    0x26  Code  Gb  MT_SYS.o [1]
MT_SysReset             0x002127bb    0x16  Code  Gb  MT_SYS.o [1]
MT_SysResetInd          0x00212f31    0x24  Code  Gb  MT_SYS.o [1]
MT_SysSetExtAddr        0x0021280f    0x3c  Code  Gb  MT_SYS.o [1]
MT_SysSetTxPower        0x00212f01    0x30  Code  Gb  MT_SYS.o [1]
MT_SysSetUtcTime        0x00212d6d   0x10e  Code  Gb  MT_SYS.o [1]
MT_SysStackTune         0x00212d0b    0x62  Code  Gb  MT_SYS.o [1]
MT_SysVersion           0x002127f7    0x18  Code  Gb  MT_SYS.o [1]
MT_TaskID               0x200050ff     0x1  Data  Gb  MT_TASK.o [1]
MT_TaskInit             0x002090b5    0x20  Code  Gb  MT_TASK.o [1]
MT_TransportAlloc       0x002091f1    0x20  Code  Gb  MT_TASK.o [1]
MT_TransportSend        0x00209211    0x34  Code  Gb  MT_TASK.o [1]
MT_UartCalcFCS          0x002122f7    0x24  Code  Gb  MT_UART.o [1]
MT_UartInit             0x002122a5    0x4c  Code  Gb  MT_UART.o [1]
MT_UartProcessZToolData
                        0x0021231d   0x1ca  Code  Gb  MT_UART.o [1]
MT_UartRegisterTaskID   0x002122f1     0x6  Code  Gb  MT_UART.o [1]
MT_ZdoActiveEpRequest   0x00217b29    0x4c  Code  Gb  MT_ZDO.o [1]
MT_ZdoBeaconIndCB       0x00218329   0x12a  Code  Gb  MT_ZDO.o [1]
MT_ZdoBindRequest       0x00217f7d    0xc6  Code  Gb  MT_ZDO.o [1]
MT_ZdoCommandProcessing
                        0x00217867   0x128  Code  Gb  MT_ZDO.o [1]
MT_ZdoComplexDescRequest
                        0x00217c95    0x4c  Code  Gb  MT_ZDO.o [1]
MT_ZdoEndDevAnnce       0x00217d2d    0x3c  Code  Gb  MT_ZDO.o [1]
MT_ZdoEndDevBindRequest
                        0x00217e4b   0x132  Code  Gb  MT_ZDO.o [1]
MT_ZdoEndDeviceTimeoutRequest
                        0x00217e07    0x44  Code  Gb  MT_ZDO.o [1]
MT_ZdoIEEEAddrRequest   0x002179dd    0x5c  Code  Gb  MT_ZDO.o [1]
MT_ZdoInit              0x00217865     0x2  Code  Gb  MT_ZDO.o [1]
MT_ZdoJoinCnfCB         0x00218455    0x40  Code  Gb  MT_ZDO.o [1]
MT_ZdoJoinReq           0x002182a7    0x5a  Code  Gb  MT_ZDO.o [1]
MT_ZdoMatchDescRequest  0x00217b75   0x120  Code  Gb  MT_ZDO.o [1]
MT_ZdoNWKAddressRequest
                        0x0021798f    0x4e  Code  Gb  MT_ZDO.o [1]
MT_ZdoNetworkDiscoveryReq
                        0x00218259    0x4e  Code  Gb  MT_ZDO.o [1]
MT_ZdoNodeDescRequest   0x00217a39    0x4c  Code  Gb  MT_ZDO.o [1]
MT_ZdoNwkAddrOfInterestReq
                        0x002181a3    0x82  Code  Gb  MT_ZDO.o [1]
MT_ZdoNwkDiscoveryCnfCB
                        0x00218301    0x26  Code  Gb  MT_ZDO.o [1]
MT_ZdoPowerDescRequest  0x00217a85    0x4c  Code  Gb  MT_ZDO.o [1]
MT_ZdoRegisterForZDOMsg
                        0x00218495    0x42  Code  Gb  MT_ZDO.o [1]
MT_ZdoRemoveRegisteredCB
                        0x002184d7    0x42  Code  Gb  MT_ZDO.o [1]
MT_ZdoSendData          0x00218109    0x9a  Code  Gb  MT_ZDO.o [1]
MT_ZdoServiceDiscRequest
                        0x00217dd1    0x36  Code  Gb  MT_ZDO.o [1]
MT_ZdoSimpleDescRequest
                        0x00217ad1    0x58  Code  Gb  MT_ZDO.o [1]
MT_ZdoStartupFromApp    0x00218225    0x34  Code  Gb  MT_ZDO.o [1]
MT_ZdoUnbindRequest     0x00218043    0xc6  Code  Gb  MT_ZDO.o [1]
MT_ZdoUserDescRequest   0x00217ce1    0x4c  Code  Gb  MT_ZDO.o [1]
MT_ZdoUserDescSet       0x00217d69    0x68  Code  Gb  MT_ZDO.o [1]
NIB_init                0x0020da8b   0x11c  Code  Gb  nwk_globals.o [1]
NLDE_BuildMsg           0x00203e59   0x124  Code  Lc  nwk_util.o [3]
NLDE_CheckForAddrConflict
                        0x00204713    0x36  Code  Gb  nwk_util.o [3]
NLDE_CheckFrameSecurity
                        0x002040bf    0x30  Code  Gb  nwk_util.o [3]
NLDE_DataCnf            0x0020cd21    0x7e  Code  Gb  NLMEDE_CB.o [3]
NLDE_DataIndSend        0x00203d8f    0x54  Code  Gb  nwk_util.o [3]
NLDE_DataIndication     0x0020cd9f   0x14e  Code  Gb  NLMEDE_CB.o [3]
NLDE_DataReq            0x0020d6b5    0x5c  Code  Gb  NLMEDE.o [3]
NLDE_DataReqAlloc       0x0020d711    0x40  Code  Gb  NLMEDE.o [3]
NLDE_DataReqSend        0x00203c89   0x106  Code  Gb  nwk_util.o [3]
NLDE_FrameDataLoad      0x00205721    0x38  Code  Gb  APSMEDE.o [3]
NLDE_GetHandle          0x002041b9    0x1e  Code  Gb  nwk_util.o [3]
NLDE_ParseFrameControl  0x00204081    0x3e  Code  Gb  nwk_util.o [3]
NLDE_ParseMsg           0x00203f7d   0x104  Code  Gb  nwk_util.o [3]
NLDE_ParseMsg2          0x002040ef    0x9c  Code  Gb  nwk_util.o [3]
NLDE_SendMsg            0x00203de3    0x76  Code  Gb  nwk_util.o [3]
NLME_CheckNewAddrSet    0x00204639    0xda  Code  Gb  nwk_util.o [3]
NLME_CmdBcast           0x002044e9    0x12  Code  Gb  nwk_util.o [3]
NLME_CmdCnf             0x00204471    0x78  Code  Gb  nwk_util.o [3]
NLME_CmdDataReqAlloc    0x002044fb    0x3a  Code  Gb  nwk_util.o [3]
NLME_DeviceJoiningInit  0x0020d6a9     0xc  Code  Gb  NLMEDE.o [3]
NLME_GetCoordExtAddr    0x002041b1     0x8  Code  Gb  nwk_util.o [3]
NLME_GetCoordShortAddr  0x002041a9     0x8  Code  Gb  nwk_util.o [3]
NLME_GetExtAddr         0x0020418b    0x16  Code  Gb  nwk_util.o [3]
NLME_GetProtocolVersion
                        0x00204535     0x8  Code  Gb  nwk_util.o [3]
NLME_GetShortAddr       0x002041a1     0x8  Code  Gb  nwk_util.o [3]
NLME_IsAddressBroadcast
                        0x0020455d    0x3e  Code  Gb  nwk_util.o [3]
NLME_JoinConfirm        0x0020cefb     0x4  Code  Gb  NLMEDE_CB.o [3]
NLME_JoinRequest        0x0020d94d    0xc4  Code  Gb  NLMEDE.o [3]
NLME_LeaveCmdProcess    0x002043b9    0xb8  Code  Gb  nwk_util.o [3]
NLME_LeaveCmdSend       0x0020431b    0x9e  Code  Gb  nwk_util.o [3]
NLME_LeaveCnf           0x0020ceff     0x4  Code  Gb  NLMEDE_CB.o [3]
NLME_LeaveInd           0x0020cf03     0x4  Code  Gb  NLMEDE_CB.o [3]
NLME_LeaveRsp           0x0020da11    0x46  Code  Gb  NLMEDE.o [3]
NLME_NetworkDiscoveryConfirm
                        0x0020cef3     0x4  Code  Gb  NLMEDE_CB.o [3]
NLME_NetworkDiscoveryRequest
                        0x0020d751    0x3e  Code  Gb  NLMEDE.o [3]
NLME_NetworkStatusCB    0x0020cf4d     0x4  Code  Gb  NLMEDE_CB.o [3]
NLME_NwkDiscTerm        0x0020d78f    0x1a  Code  Gb  NLMEDE.o [3]
NLME_OrphanJoinRequest  0x0020d7ff    0x2a  Code  Gb  NLMEDE.o [3]
NLME_PermitJoining      0x20004306     0x1  Data  Gb  NLMEDE.o [3]
NLME_PermitJoiningDuration
                        0x20004307     0x1  Data  Lc  NLMEDE.o [3]
NLME_PermitJoiningRequest
                        0x0020d7a9    0x1c  Code  Gb  NLMEDE.o [3]
NLME_PermitJoiningSet   0x0020d7c5    0x3a  Code  Lc  NLMEDE.o [3]
NLME_PollConfirm        0x0020cf0b     0x4  Code  Gb  NLMEDE_CB.o [3]
NLME_ProcessNetworkStatus
                        0x00204799    0x4e  Code  Gb  nwk_util.o [3]
NLME_ReJoinReq          0x0020d82f   0x11e  Code  Lc  NLMEDE.o [3]
NLME_ReJoinRequest      0x0020d829     0x4  Code  Gb  NLMEDE.o [3]
NLME_ReJoinRequestUnsecure
                        0x0020d82d     0x2  Code  Gb  NLMEDE.o [3]
NLME_ReadNwkKeyInfo     0x00204c23    0x22  Code  Gb  nwk_util.o [3]
NLME_RejoinRspCmdProcess
                        0x002042a5    0x76  Code  Gb  nwk_util.o [3]
NLME_RouteDiscoveryIndication
                        0x0020cf0f    0x20  Code  Gb  NLMEDE_CB.o [3]
NLME_RouteDiscoveryRequest
                        0x00204c65   0x126  Code  Gb  rtg.o [3]
[...]
rxIsrActiveFlag         0x200050ef     0x1  Data  Lc  mac_rx.o [1]
rxNextLen               0x200050eb     0x1  Data  Lc  mac_rx.o [1]
rxPayloadIsr            0x002112c5    0x36  Code  Lc  mac_rx.o [1]
rxPayloadLen            0x200050ec     0x1  Data  Lc  mac_rx.o [1]
rxPostRxUpdates         0x0021145d    0x10  Code  Lc  mac_rx.o [1]
rxPrepPayload           0x00211285    0x3e  Code  Lc  mac_rx.o [1]
rxPromiscuousMode       0x200050ee     0x1  Data  Lc  mac_rx.o [1]
rxResetFlag             0x200050f0     0x1  Data  Lc  mac_rx.o [1]
rxStartIsr              0x00210cc5   0x4dc  Code  Lc  mac_rx.o [1]
rxUnreadLen             0x200050ea     0x1  Data  Lc  mac_rx.o [1]
sAddrCmp                0x00205369    0x48  Code  Gb  saddr.o [1]
sAddrCpy                0x002053b1    0x20  Code  Gb  saddr.o [1]
sAddrExtCmp             0x002053d1    0x2c  Code  Gb  saddr.o [1]
sAddrExtCpy             0x002053fd    0x12  Code  Gb  saddr.o [1]
sClearLine              0x0020c5a2     0x2  Data  Gb  zcl_SmartMeter.o [1]
sDeviceName             0x00219b48    0x10  Data  Gb  zcl_SmartMeter.o [1]
sSwEZMode               0x00219b68    0x10  Data  Gb  zcl_SmartMeter.o [1]
sSwHelp                 0x00219bf8     0xc  Data  Gb  zcl_SmartMeter.o [1]
sSwTempDown             0x00219b78    0x10  Data  Gb  zcl_SmartMeter.o [1]
sSwTempUp               0x00219b58    0x10  Data  Gb  zcl_SmartMeter.o [1]
s_bcMask                0x2000512b     0x1  Data  Lc  nwk_util.o [3]
saveExtAddr             0x200042bc     0x8  Data  Gb  nwk_util.o [3]
savedResponseRate       0x200050d4     0x2  Data  Gb  NLMEDE.o [3]
setItem                 0x0020e887    0x88  Code  Lc  osal_nv.o [1]
sspAesEncryptHW         0x0020bba5    0x26  Code  Gb  hal_aes.o [1]
sspMMOHash              0x00216acb   0x1b6  Code  Gb  ssp_hash.o [3]
ssp_HW_KeyInit          0x0020bb95     0xe  Code  Gb  hal_aes.o [1]
state                   0x20005101     0x1  Data  Gb  MT_UART.o [1]
strcat                  0x002032ed    0x1c  Code  Gb  strcat.o [6]
strlen                  0x00203145          Code  Gb  strlen.o [8]
tasksArr                0x00219998    0x24  Data  Gb  OSAL_SmartMeter.o [1]
tasksCnt                0x0021993b     0x1  Data  Gb  OSAL_SmartMeter.o [1]
tasksEvents             0x20005060     0x4  Data  Gb  OSAL_SmartMeter.o [1]
tempDataLen             0x20005104     0x1  Data  Gb  MT_UART.o [1]
theHeap                 0x20005134  0x1800  Data  Lc  OSAL_Memory.o [1]
timeMSec                0x20005054     0x4  Data  Lc  OSAL_Clock.o [1]
timerAlignedQ           0x200041cc     0x4  Data  Gb  mac_beacon.o [4]
timerHead               0x20005064     0x4  Data  Gb  OSAL_Timers.o [1]
timerUnalignedQ         0x200041c8     0x4  Data  Gb  mac_beacon.o [4]
txAckReq                0x200050fb     0x1  Data  Lc  mac_tx.o [1]
txComplete              0x00211cc1    0x26  Code  Lc  mac_tx.o [1]
txCsmaGo                0x00211ac5    0x2c  Code  Lc  mac_tx.o [1]
txCsmaPrep              0x00211a35    0x2c  Code  Lc  mac_tx.o [1]
txGo                    0x00211a8f    0x36  Code  Lc  mac_tx.o [1]
txGreenPowerPrep        0x00211a61    0x2e  Code  Lc  mac_tx.o [1]
txMT                    0x200050de     0x1  Data  Lc  hal_uart.o [1]
txRetransmitFlag        0x200050fc     0x1  Data  Lc  mac_tx.o [1]
txSeqn                  0x200050fa     0x1  Data  Lc  mac_tx.o [1]
uartRecord              0x20004de4    0x2c  Data  Lc  hal_uart.o [1]
ui8BspKeyMode           0x20004e50     0x4  Data  Lc  bsp_key.o [5]
ui8PortAPinHasIsr       0x20004bb0     0x4  Data  Lc  io_pin_int.o [5]
ui8PortBPinHasIsr       0x20004bb4     0x4  Data  Lc  io_pin_int.o [5]
ui8PortCPinHasIsr       0x20004bb8     0x4  Data  Lc  io_pin_int.o [5]
ui8PortDPinHasIsr       0x20004bbc     0x4  Data  Lc  io_pin_int.o [5]
updateRolloverflag      0x200050e2     0x1  Data  Lc  mac_mcu.o [1]
writeBuf                0x0020e9f3   0x16c  Code  Lc  osal_nv.o [1]
writeItem               0x0020ed15   0x182  Code  Lc  osal_nv.o [1]
xferBuf                 0x0020eb5f   0x1b6  Code  Lc  osal_nv.o [1]
zclAnalogDataType       0x00200f09    0x26  Code  Gb  zcl.o [1]
zclAuthorizeRead        0x002011b9    0x2c  Code  Lc  zcl.o [1]
zclAuthorizeWrite       0x002012cb    0x2c  Code  Lc  zcl.o [1]
zclBuildHdr             0x00200b8b    0x60  Code  Lc  zcl.o [1]
zclCalcHdrSize          0x00200beb    0x14  Code  Lc  zcl.o [1]
zclCmdTable             0x002196e0    0xb8  Data  Lc  zcl.o [1]
zclEZModeErr            0x2000510b     0x1  Data  Gb  zcl_ezmode.o [1]
zclEZModeInvokeData     0x20004f00    0x10  Data  Gb  zcl_ezmode.o [1]
zclEZModeMatched        0x2000510e     0x1  Data  Gb  zcl_ezmode.o [1]
zclEZModeOpener         0x2000510d     0x1  Data  Gb  zcl_ezmode.o [1]
zclEZModeQueryRspEP     0x2000510f     0x1  Data  Gb  zcl_ezmode.o [1]
zclEZModeQueryRspNwkAddr
                        0x200050d0     0x2  Data  Gb  zcl_ezmode.o [1]
zclEZModeRegisterData   0x20004ef0    0x10  Data  Gb  zcl_ezmode.o [1]
zclEZModeRegistered     0x2000510a     0x1  Data  Gb  zcl_ezmode.o [1]
zclEZModeState          0x2000510c     0x1  Data  Gb  zcl_ezmode.o [1]
zclFindAttrRec          0x00200c47    0x78  Code  Gb  zcl.o [1]
zclFindAttrRecsList     0x00200c27    0x20  Code  Lc  zcl.o [1]
zclFindClusterOption    0x00200cf3    0x4a  Code  Lc  zcl.o [1]
zclFindPlugin           0x00200bff    0x28  Code  Lc  zcl.o [1]
zclGenCBs               0x20005080     0x4  Data  Lc  zcl_general.o [1]
zclGenPluginRegisted    0x20005110     0x1  Data  Lc  zcl_general.o [1]
zclGeneral_FindCallbacks
                        0x00215c0f    0x20  Code  Lc  zcl_general.o [1]
zclGeneral_HdlInSpecificCommands
                        0x00215c6d    0x46  Code  Lc  zcl_general.o [1]
zclGeneral_HdlIncoming  0x00215c39    0x34  Code  Lc  zcl_general.o [1]
zclGeneral_ProcessInBasic
                        0x00215cb3    0x28  Code  Lc  zcl_general.o [1]
zclGeneral_ProcessInIdentity
                        0x00215cdb    0xfa  Code  Lc  zcl_general.o [1]
zclGeneral_RegisterCmdCallbacks
                        0x00215b61    0x5c  Code  Gb  zcl_general.o [1]
zclGeneral_SendIdentifyQueryResponse
                        0x00215bbd    0x52  Code  Gb  zcl_general.o [1]
zclGetAttrDataLength    0x0020106b    0x46  Code  Gb  zcl.o [1]
zclGetAttrDataLengthUsingCB
                        0x0020113b    0x38  Code  Lc  zcl.o [1]
zclGetAuthorizeCB       0x00200cd9    0x1a  Code  Lc  zcl.o [1]
zclGetClusterOption     0x00200d3d    0x26  Code  Lc  zcl.o [1]
zclGetDataTypeLength    0x00200f8d    0xde  Code  Gb  zcl.o [1]
zclGetReadWriteCB       0x00200cbf    0x1a  Code  Lc  zcl.o [1]
zclHA_Init              0x00215a9d    0x26  Code  Gb  zcl_ha.o [1]
zclHA_LcdStatusLine1    0x00215afd    0x56  Code  Gb  zcl_ha.o [1]
zclHA_uint16toa         0x00215ac3    0x3a  Code  Gb  zcl_ha.o [1]
zclIsLittleEndianMachine
                        0x00200f2f    0x10  Code  Lc  zcl.o [1]
zclParseHdr             0x00200b0d    0x7e  Code  Gb  zcl.o [1]
zclParseInConfigReportCmd
                        0x002015c1   0x1a0  Code  Gb  zcl.o [1]
zclParseInConfigReportRspCmd
                        0x00201761    0x62  Code  Lc  zcl.o [1]
zclParseInDefaultRspCmd
                        0x00201acb    0x20  Code  Lc  zcl.o [1]
zclParseInReadCmd       0x002012f7    0x46  Code  Gb  zcl.o [1]
zclParseInReadReportCfgCmd
                        0x002017c3    0x56  Code  Gb  zcl.o [1]
zclParseInReadReportCfgRspCmd
                        0x00201819   0x1b4  Code  Lc  zcl.o [1]
zclParseInReadRspCmd    0x0020133d   0x128  Code  Lc  zcl.o [1]
zclParseInReportCmd     0x002019cd    0xfe  Code  Gb  zcl.o [1]
zclParseInWriteCmd      0x00201465    0xfe  Code  Gb  zcl.o [1]
zclParseInWriteRspCmd   0x00201563    0x5e  Code  Lc  zcl.o [1]
zclProcessInReadCmd     0x00201aeb    0xea  Code  Lc  zcl.o [1]
zclProcessInWriteCmd    0x00201bd5   0x16a  Code  Lc  zcl.o [1]
zclProcessInWriteUndividedCmd
                        0x00201db5   0x2b2  Code  Lc  zcl.o [1]
zclReadAttrData         0x002010b1    0x32  Code  Gb  zcl.o [1]
zclReadAttrDataUsingCB  0x00201173    0x46  Code  Lc  zcl.o [1]
zclRevertWriteUndividedCmd
                        0x00201d3f    0x76  Code  Lc  zcl.o [1]
zclSerializeData        0x00200d97   0x172  Code  Gb  zcl.o [1]
zclSetSecurityOption    0x00200d63    0x34  Code  Lc  zcl.o [1]
zclSmartMeterSeqNum     0x20005112     0x1  Data  Gb  zcl_SmartMeter.o [1]
zclSmartMeter_Attrs     0x00219548    0xcc  Data  Gb  zcl_SmartMeter_data.o [1]
zclSmartMeter_BasicResetCB
                        0x0020b901    0x12  Code  Lc  zcl_SmartMeter.o [1]
zclSmartMeter_CmdCallbacks
                        0x20004224    0x30  Data  Lc  zcl_SmartMeter.o [1]
zclSmartMeter_DateCode  0x00219a6c    0x14  Data  Gb  zcl_SmartMeter_data.o [1]
zclSmartMeter_DeviceEnable
                        0x20004311     0x1  Data  Gb  zcl_SmartMeter_data.o [1]
zclSmartMeter_DstAddr   0x20004f54     0xc  Data  Gb  zcl_SmartMeter.o [1]
zclSmartMeter_EZModeCB  0x0020b9f5    0xf0  Code  Lc  zcl_SmartMeter.o [1]
zclSmartMeter_HWRevision
                        0x00219972     0x1  Data  Gb  zcl_SmartMeter_data.o [1]
zclSmartMeter_HandleKeys
                        0x0020b587   0x1b8  Code  Lc  zcl_SmartMeter.o [1]
zclSmartMeter_IdentifyCB
                        0x0020b913    0x10  Code  Lc  zcl_SmartMeter.o [1]
zclSmartMeter_IdentifyQueryRspCB
                        0x0020b929    0x12  Code  Lc  zcl_SmartMeter.o [1]
zclSmartMeter_IdentifyTime
                        0x200050d2     0x2  Data  Gb  zcl_SmartMeter_data.o [1]
zclSmartMeter_InClusterList
                        0x00219c90     0x8  Data  Gb  zcl_SmartMeter_data.o [1]
zclSmartMeter_Init      0x0020b3f9    0x7c  Code  Gb  zcl_SmartMeter.o [1]
zclSmartMeter_LcdDisplayHelpMode
                        0x0020b84b    0x1c  Code  Gb  zcl_SmartMeter.o [1]
zclSmartMeter_LcdDisplayMainMode
                        0x0020b7a7    0xa4  Code  Gb  zcl_SmartMeter.o [1]
zclSmartMeter_LcdDisplayUpdate
                        0x0020b73f    0x68  Code  Gb  zcl_SmartMeter.o [1]
zclSmartMeter_LocationDescription
                        0x2000426c    0x14  Data  Gb  zcl_SmartMeter_data.o [1]
zclSmartMeter_ManufacturerName
                        0x00219a44    0x14  Data  Gb  zcl_SmartMeter_data.o [1]
zclSmartMeter_MaxMeasuredValue
                        0x00212602     0x2  Data  Gb  zcl_SmartMeter_data.o [1]
zclSmartMeter_MeasuredValue
                        0x200042ee     0x2  Data  Gb  zcl_SmartMeter_data.o [1]
zclSmartMeter_MinMeasuredValue
                        0x0020f35a     0x2  Data  Gb  zcl_SmartMeter_data.o [1]
zclSmartMeter_ModelId   0x00219a58    0x14  Data  Gb  zcl_SmartMeter_data.o [1]
zclSmartMeter_NwkState  0x20004310     0x1  Data  Gb  zcl_SmartMeter.o [1]
zclSmartMeter_OnOff     0x20005116     0x1  Data  Gb  zcl_SmartMeter_data.o [1]
zclSmartMeter_OutClusterList
                        0x00213042     0x2  Data  Gb  zcl_SmartMeter_data.o [1]
zclSmartMeter_PhysicalEnvironment
                        0x20005115     0x1  Data  Gb  zcl_SmartMeter_data.o [1]
zclSmartMeter_PowerSource
                        0x00219c26     0x1  Data  Gb  zcl_SmartMeter_data.o [1]
zclSmartMeter_ProcessIdentifyTimeChange
                        0x0020b8b3    0x4e  Code  Lc  zcl_SmartMeter.o [1]
zclSmartMeter_ProcessInDefaultRspCmd
                        0x0020b9c7     0x6  Code  Lc  zcl_SmartMeter.o [1]
zclSmartMeter_ProcessInReadRspCmd
                        0x0020b993    0x1a  Code  Lc  zcl_SmartMeter.o [1]
zclSmartMeter_ProcessInWriteRspCmd
                        0x0020b9ad    0x1a  Code  Lc  zcl_SmartMeter.o [1]
zclSmartMeter_ProcessIncomingMsg
                        0x0020b93b    0x58  Code  Lc  zcl_SmartMeter.o [1]
zclSmartMeter_ProcessZDOMsgs
                        0x0020b9cd    0x28  Code  Lc  zcl_SmartMeter.o [1]
zclSmartMeter_RegisterEZModeData
                        0x00219b38    0x10  Data  Lc  zcl_SmartMeter.o [1]
zclSmartMeter_SendTemp  0x0020b867    0x4c  Code  Lc  zcl_SmartMeter.o [1]
zclSmartMeter_SimpleDesc
                        0x20004280    0x14  Data  Gb  zcl_SmartMeter_data.o [1]
zclSmartMeter_TaskID    0x20005111     0x1  Data  Gb  zcl_SmartMeter.o [1]
zclSmartMeter_ZCLVersion
                        0x00219973     0x1  Data  Gb  zcl_SmartMeter_data.o [1]
zclSmartMeter_event_loop
                        0x0020b475   0x112  Code  Gb  zcl_SmartMeter.o [1]
zclWriteAttrData        0x002011e5    0x70  Code  Lc  zcl.o [1]
zclWriteAttrDataUsingCB
                        0x0020126d    0x5e  Code  Lc  zcl.o [1]
zcl_BuildAnalogData     0x00200f3f    0x4e  Code  Lc  zcl.o [1]
zcl_DeviceOperational   0x0020028b    0x5c  Code  Lc  zcl.o [1]
zcl_EZModeAction        0x00215e5f   0x130  Code  Gb  zcl_ezmode.o [1]
zcl_HandleExternal      0x00200189    0x58  Code  Gb  zcl.o [1]
zcl_Init                0x00200101     0x8  Code  Gb  zcl.o [1]
zcl_InvokeEZMode        0x00215def    0x70  Code  Gb  zcl_ezmode.o [1]
zcl_ProcessEZMode       0x00215faf   0x19a  Code  Lc  zcl_ezmode.o [1]
zcl_ProcessMessageMSG   0x0020080d   0x2fa  Code  Gb  zcl.o [1]
zcl_ReadAttrData        0x002010e3    0x58  Code  Gb  zcl.o [1]
zcl_RegisterEZMode      0x00215dd5    0x1a  Code  Gb  zcl_ezmode.o [1]
zcl_RegisteredMsgTaskID
                        0x2000430f     0x1  Data  Gb  zcl.o [1]
zcl_SendCommand         0x002002e7   0x168  Code  Gb  zcl.o [1]
zcl_SendDefaultRspCmd   0x002007b5    0x58  Code  Gb  zcl.o [1]
zcl_SendReadRsp         0x00200465   0x16e  Code  Gb  zcl.o [1]
zcl_SendReportCmd       0x002006b5   0x100  Code  Gb  zcl.o [1]
zcl_SendWriteRsp        0x002005d3    0xe2  Code  Gb  zcl.o [1]
zcl_SetEZModeError      0x00215fa9     0x6  Code  Lc  zcl_ezmode.o [1]
zcl_SetEZModeState      0x00215f8f    0x1a  Code  Lc  zcl_ezmode.o [1]
zcl_TaskID              0x20005108     0x1  Data  Gb  zcl.o [1]
zcl_TransID             0x20005109     0x1  Data  Lc  zcl.o [1]
zcl_ValidateAttrDataCB  0x2000506c     0x4  Data  Gb  zcl.o [1]
zcl_event_loop          0x00200109    0x6a  Code  Gb  zcl.o [1]
zcl_getRawAFMsg         0x002001e1     0x6  Code  Gb  zcl.o [1]
zcl_registerAttrList    0x00200237    0x54  Code  Gb  zcl.o [1]
zcl_registerForMsg      0x00200173    0x16  Code  Gb  zcl.o [1]
zcl_registerPlugin      0x002001e7    0x50  Code  Gb  zcl.o [1]
zdappHoldKeys           0x2000511e     0x1  Data  Lc  ZDApp.o [1]
zdoCBFunc               0x20004e94    0x1c  Data  Gb  ZDApp.o [1]
zdoDiscCounter          0x20004312     0x1  Data  Gb  ZDApp.o [1]
zdoMsgCBs               0x20005094     0x4  Data  Gb  ZDProfile.o [1]
zdoSendStateChangeMsg   0x00213d7d    0x46  Code  Lc  ZDObject.o [1]
zdpMsgProcs             0x00219828    0x58  Data  Gb  ZDProfile.o [1]
zdpProcessAddrReq       0x00215133   0x112  Code  Gb  ZDProfile.o [1]
zgApsAckWaitMultiplier  0x20004325     0x1  Data  Gb  ZGlobals.o [1]
zgApsAllowR19Sec        0x20005129     0x1  Data  Gb  ZGlobals.o [1]
zgApsDefaultMaxBindingTime
                        0x200042fc     0x2  Data  Gb  ZGlobals.o [1]
zgApsLinkKeyType        0x20004329     0x1  Data  Gb  ZGlobals.o [1]
zgApsMinDupRejTableSize
                        0x20004302     0x2  Data  Gb  ZGlobals.o [1]
zgApsNonMemberRadius    0x20004327     0x1  Data  Gb  ZGlobals.o [1]
zgApsTrustCenterAddr    0x20004fc8     0x8  Data  Gb  ZGlobals.o [1]
zgApsUseExtendedPANID   0x20004fd8     0x8  Data  Gb  ZGlobals.o [1]
zgApsUseInsecureJoin    0x20004326     0x1  Data  Gb  ZGlobals.o [1]
zgApscAckWaitDurationPolled
                        0x200042fa     0x2  Data  Gb  ZGlobals.o [1]
zgApscDupRejTimeoutCount
                        0x20004328     0x1  Data  Gb  ZGlobals.o [1]
zgApscDupRejTimeoutInc  0x20004300     0x2  Data  Gb  ZGlobals.o [1]
zgApscMaxFrameRetries   0x20004324     0x1  Data  Gb  ZGlobals.o [1]
zgBcastDeliveryTime     0x2000431f     0x1  Data  Gb  ZGlobals.o [1]
zgChildAgingEnable      0x20005126     0x1  Data  Gb  ZGlobals.o [1]
zgConcentratorDiscoveryTime
                        0x20005123     0x1  Data  Gb  ZGlobals.o [1]
zgConcentratorEnable    0x20005122     0x1  Data  Gb  ZGlobals.o [1]
zgConcentratorRC        0x20005124     0x1  Data  Gb  ZGlobals.o [1]
zgConcentratorRadius    0x20004321     0x1  Data  Gb  ZGlobals.o [1]
zgConfigPANID           0x20004304     0x2  Data  Gb  ZGlobals.o [1]
zgDefaultChannelList    0x200042e4     0x4  Data  Gb  ZGlobals.o [1]
zgDefaultStartingScanDuration
                        0x20004316     0x1  Data  Gb  ZGlobals.o [1]
zgDeviceLogicalType     0x2000432a     0x1  Data  Gb  ZGlobals.o [1]
zgExtendedPANID         0x20004fd0     0x8  Data  Gb  ZGlobals.o [1]
zgIndirectMsgTimeout    0x20004318     0x1  Data  Gb  ZGlobals.o [1]
zgInit                  0x002147d3    0x42  Code  Gb  ZGlobals.o [1]
zgInitItems             0x00214815    0x42  Code  Gb  ZGlobals.o [1]
zgItemInit              0x00214779    0x5a  Code  Lc  ZGlobals.o [1]
zgItemTable             0x002191f8   0x190  Data  Lc  ZGlobals.o [1]
zgMaxBcastRetires       0x2000431d     0x1  Data  Gb  ZGlobals.o [1]
zgMaxDataRetries        0x20004314     0x1  Data  Gb  ZGlobals.o [1]
zgMaxPollFailureRetries
                        0x20004315     0x1  Data  Gb  ZGlobals.o [1]
zgNwkCommissionedNwkAddr
                        0x200042fe     0x2  Data  Gb  ZGlobals.o [1]
zgNwkLeaveRequestAllowed
                        0x20004323     0x1  Data  Gb  ZGlobals.o [1]
zgNwkMgrMinTransmissions
                        0x2000432c     0x1  Data  Gb  ZGlobals.o [1]
zgNwkMgrMode            0x2000432d     0x1  Data  Gb  ZGlobals.o [1]
zgNwkMode               0x20004320     0x1  Data  Gb  ZGlobals.o [1]
zgNwkSrcRtgExpiryTime   0x20004322     0x1  Data  Gb  ZGlobals.o [1]
zgPassiveAckTimeout     0x2000431e     0x1  Data  Gb  ZGlobals.o [1]
zgPollRate              0x200042f2     0x2  Data  Gb  ZGlobals.o [1]
zgPreConfigKeys         0x20005127     0x1  Data  Gb  ZGlobals.o [1]
zgPreconfigKeyInit      0x00214925    0x48  Code  Lc  ZGlobals.o [1]
zgQueuedPollRate        0x200042f4     0x2  Data  Gb  ZGlobals.o [1]
zgReadStartupOptions    0x00214857    0x28  Code  Gb  ZGlobals.o [1]
zgRejoinPollRate        0x200042f8     0x2  Data  Gb  ZGlobals.o [1]
zgResponsePollRate      0x200042f6     0x2  Data  Gb  ZGlobals.o [1]
zgRouteDiscoveryTime    0x2000431b     0x1  Data  Gb  ZGlobals.o [1]
zgRouteExpiryTime       0x2000431c     0x1  Data  Gb  ZGlobals.o [1]
zgRouterOffAssocCleanup
                        0x20005125     0x1  Data  Gb  ZGlobals.o [1]
zgSapiEndpoint          0x2000432e     0x1  Data  Gb  ZGlobals.o [1]
zgSecurePermitJoin      0x2000431a     0x1  Data  Gb  ZGlobals.o [1]
zgSecurityMode          0x20004319     0x1  Data  Gb  ZGlobals.o [1]
zgSetItem               0x002148d5    0x50  Code  Gb  ZGlobals.o [1]
zgStackProfile          0x20004317     0x1  Data  Gb  ZGlobals.o [1]
zgStartDelay            0x2000432b     0x1  Data  Gb  ZGlobals.o [1]
zgUseDefaultTCLK        0x20005128     0x1  Data  Gb  ZGlobals.o [1]
zgWriteStartupOptions   0x0021487f    0x56  Code  Gb  ZGlobals.o [1]
zmacCBSizeTable         0x00219a80    0x14  Data  Gb  zmac_cb.o [1]
zmain_dev_info          0x00218f45    0x70  Code  Lc  ZMain.o [1]
zmain_ext_addr          0x00218e3d   0x108  Code  Lc  ZMain.o [1]
zmain_lcd_init          0x00218fb5     0xc  Code  Lc  ZMain.o [1]


[1] = C:\Texas Instruments\Z-Stack Home 1.2.0\Projects\zstack\HomeAutomation\SmartMeter\CC2538\EndDevice\Obj
[2] = command line
[3] = EndDevice.a
[4] = TIMAC-CC2538.a
[5] = bsp.lib
[6] = dl7M_tln.a
[7] = m7M_tl.a
[8] = rt7M_tl.a
[9] = sdriverlib.lib
[10] = shb_l.a

  102 762 bytes of readonly  code memory
    3 167 bytes of readonly  data memory
   12 598 bytes of readwrite data memory (+ 12 288 absolute)

Errors: none
Warnings: none
