###############################################################################
#
# IAR ELF Linker V7.10.1.6676/W32 for ARM                 30/Apr/2014  08:42:29
# Copyright 2007-2014 IAR Systems AB.
#
#    Output file  =  
#        C:\Texas Instruments\Z-Stack Home
#        1.2.0\Projects\zstack\HomeAutomation\Coordinator\CC2538\Coordinator\Exe\Coordinator.out
#    Map file     =  
#        C:\Texas Instruments\Z-Stack Home
#        1.2.0\Projects\zstack\HomeAutomation\Coordinator\CC2538\Coordinator\List\Coordinator.map
#    Command line =  
#        "C:\Texas Instruments\Z-Stack Home
#        1.2.0\Projects\zstack\HomeAutomation\Coordinator\CC2538\Coordinator\Obj\AF.o"
#        "C:\Texas Instruments\Z-Stack Home
#        1.2.0\Projects\zstack\HomeAutomation\Coordinator\CC2538\Coordinator\Obj\armcm3flashutil.o"
#        "C:\Texas Instruments\Z-Stack Home
#        1.2.0\Projects\zstack\HomeAutomation\Coordinator\CC2538\Coordinator\Obj\BindingTable.o"
#        "C:\Texas Instruments\Z-Stack Home
#        1.2.0\Projects\zstack\HomeAutomation\Coordinator\CC2538\Coordinator\Obj\DebugTrace.o"
#        "C:\Texas Instruments\Z-Stack Home
#        1.2.0\Projects\zstack\HomeAutomation\Coordinator\CC2538\Coordinator\Obj\hal_adc.o"
#        "C:\Texas Instruments\Z-Stack Home
#        1.2.0\Projects\zstack\HomeAutomation\Coordinator\CC2538\Coordinator\Obj\hal_aes.o"
#        "C:\Texas Instruments\Z-Stack Home
#        1.2.0\Projects\zstack\HomeAutomation\Coordinator\CC2538\Coordinator\Obj\hal_assert.o"
#        "C:\Texas Instruments\Z-Stack Home
#        1.2.0\Projects\zstack\HomeAutomation\Coordinator\CC2538\Coordinator\Obj\hal_ccm.o"
#        "C:\Texas Instruments\Z-Stack Home
#        1.2.0\Projects\zstack\HomeAutomation\Coordinator\CC2538\Coordinator\Obj\hal_drivers.o"
#        "C:\Texas Instruments\Z-Stack Home
#        1.2.0\Projects\zstack\HomeAutomation\Coordinator\CC2538\Coordinator\Obj\hal_key.o"
#        "C:\Texas Instruments\Z-Stack Home
#        1.2.0\Projects\zstack\HomeAutomation\Coordinator\CC2538\Coordinator\Obj\hal_lcd.o"
#        "C:\Texas Instruments\Z-Stack Home
#        1.2.0\Projects\zstack\HomeAutomation\Coordinator\CC2538\Coordinator\Obj\hal_led.o"
#        "C:\Texas Instruments\Z-Stack Home
#        1.2.0\Projects\zstack\HomeAutomation\Coordinator\CC2538\Coordinator\Obj\hal_mac_cfg.o"
#        "C:\Texas Instruments\Z-Stack Home
#        1.2.0\Projects\zstack\HomeAutomation\Coordinator\CC2538\Coordinator\Obj\hal_sleep.o"
#        "C:\Texas Instruments\Z-Stack Home
#        1.2.0\Projects\zstack\HomeAutomation\Coordinator\CC2538\Coordinator\Obj\hal_sys_ctrl.o"
#        "C:\Texas Instruments\Z-Stack Home
#        1.2.0\Projects\zstack\HomeAutomation\Coordinator\CC2538\Coordinator\Obj\hal_systick.o"
#        "C:\Texas Instruments\Z-Stack Home
#        1.2.0\Projects\zstack\HomeAutomation\Coordinator\CC2538\Coordinator\Obj\hal_uart.o"
#        "C:\Texas Instruments\Z-Stack Home
#        1.2.0\Projects\zstack\HomeAutomation\Coordinator\CC2538\Coordinator\Obj\mac_autopend.o"
#        "C:\Texas Instruments\Z-Stack Home
#        1.2.0\Projects\zstack\HomeAutomation\Coordinator\CC2538\Coordinator\Obj\mac_backoff_timer.o"
#        "C:\Texas Instruments\Z-Stack Home
#        1.2.0\Projects\zstack\HomeAutomation\Coordinator\CC2538\Coordinator\Obj\mac_cfg.o"
#        "C:\Texas Instruments\Z-Stack Home
#        1.2.0\Projects\zstack\HomeAutomation\Coordinator\CC2538\Coordinator\Obj\mac_csp_tx.o"
#        "C:\Texas Instruments\Z-Stack Home
#        1.2.0\Projects\zstack\HomeAutomation\Coordinator\CC2538\Coordinator\Obj\mac_low_level.o"
#        "C:\Texas Instruments\Z-Stack Home
#        1.2.0\Projects\zstack\HomeAutomation\Coordinator\CC2538\Coordinator\Obj\mac_mcu.o"
#        "C:\Texas Instruments\Z-Stack Home
#        1.2.0\Projects\zstack\HomeAutomation\Coordinator\CC2538\Coordinator\Obj\mac_mem.o"
#        "C:\Texas Instruments\Z-Stack Home
#        1.2.0\Projects\zstack\HomeAutomation\Coordinator\CC2538\Coordinator\Obj\mac_pib.o"
#        "C:\Texas Instruments\Z-Stack Home
#        1.2.0\Projects\zstack\HomeAutomation\Coordinator\CC2538\Coordinator\Obj\mac_radio.o"
#        "C:\Texas Instruments\Z-Stack Home
#        1.2.0\Projects\zstack\HomeAutomation\Coordinator\CC2538\Coordinator\Obj\mac_radio_defs.o"
#        "C:\Texas Instruments\Z-Stack Home
#        1.2.0\Projects\zstack\HomeAutomation\Coordinator\CC2538\Coordinator\Obj\mac_rffrontend.o"
#        "C:\Texas Instruments\Z-Stack Home
#        1.2.0\Projects\zstack\HomeAutomation\Coordinator\CC2538\Coordinator\Obj\mac_rx.o"
#        "C:\Texas Instruments\Z-Stack Home
#        1.2.0\Projects\zstack\HomeAutomation\Coordinator\CC2538\Coordinator\Obj\mac_rx_onoff.o"
#        "C:\Texas Instruments\Z-Stack Home
#        1.2.0\Projects\zstack\HomeAutomation\Coordinator\CC2538\Coordinator\Obj\mac_sleep.o"
#        "C:\Texas Instruments\Z-Stack Home
#        1.2.0\Projects\zstack\HomeAutomation\Coordinator\CC2538\Coordinator\Obj\mac_tx.o"
#        "C:\Texas Instruments\Z-Stack Home
#        1.2.0\Projects\zstack\HomeAutomation\Coordinator\CC2538\Coordinator\Obj\MT.o"
#        "C:\Texas Instruments\Z-Stack Home
#        1.2.0\Projects\zstack\HomeAutomation\Coordinator\CC2538\Coordinator\Obj\MT_AF.o"
#        "C:\Texas Instruments\Z-Stack Home
#        1.2.0\Projects\zstack\HomeAutomation\Coordinator\CC2538\Coordinator\Obj\MT_APP.o"
#        "C:\Texas Instruments\Z-Stack Home
#        1.2.0\Projects\zstack\HomeAutomation\Coordinator\CC2538\Coordinator\Obj\MT_DEBUG.o"
#        "C:\Texas Instruments\Z-Stack Home
#        1.2.0\Projects\zstack\HomeAutomation\Coordinator\CC2538\Coordinator\Obj\MT_NWK.o"
#        "C:\Texas Instruments\Z-Stack Home
#        1.2.0\Projects\zstack\HomeAutomation\Coordinator\CC2538\Coordinator\Obj\MT_SYS.o"
#        "C:\Texas Instruments\Z-Stack Home
#        1.2.0\Projects\zstack\HomeAutomation\Coordinator\CC2538\Coordinator\Obj\MT_TASK.o"
#        "C:\Texas Instruments\Z-Stack Home
#        1.2.0\Projects\zstack\HomeAutomation\Coordinator\CC2538\Coordinator\Obj\MT_UART.o"
#        "C:\Texas Instruments\Z-Stack Home
#        1.2.0\Projects\zstack\HomeAutomation\Coordinator\CC2538\Coordinator\Obj\MT_UTIL.o"
#        "C:\Texas Instruments\Z-Stack Home
#        1.2.0\Projects\zstack\HomeAutomation\Coordinator\CC2538\Coordinator\Obj\MT_VERSION.o"
#        "C:\Texas Instruments\Z-Stack Home
#        1.2.0\Projects\zstack\HomeAutomation\Coordinator\CC2538\Coordinator\Obj\MT_ZDO.o"
#        "C:\Texas Instruments\Z-Stack Home
#        1.2.0\Projects\zstack\HomeAutomation\Coordinator\CC2538\Coordinator\Obj\nwk_globals.o"
#        "C:\Texas Instruments\Z-Stack Home
#        1.2.0\Projects\zstack\HomeAutomation\Coordinator\CC2538\Coordinator\Obj\OnBoard.o"
#        "C:\Texas Instruments\Z-Stack Home
#        1.2.0\Projects\zstack\HomeAutomation\Coordinator\CC2538\Coordinator\Obj\OSAL.o"
#        "C:\Texas Instruments\Z-Stack Home
#        1.2.0\Projects\zstack\HomeAutomation\Coordinator\CC2538\Coordinator\Obj\OSAL_Clock.o"
#        "C:\Texas Instruments\Z-Stack Home
#        1.2.0\Projects\zstack\HomeAutomation\Coordinator\CC2538\Coordinator\Obj\OSAL_Coordinator.o"
#        "C:\Texas Instruments\Z-Stack Home
#        1.2.0\Projects\zstack\HomeAutomation\Coordinator\CC2538\Coordinator\Obj\OSAL_Memory.o"
#        "C:\Texas Instruments\Z-Stack Home
#        1.2.0\Projects\zstack\HomeAutomation\Coordinator\CC2538\Coordinator\Obj\osal_nv.o"
#        "C:\Texas Instruments\Z-Stack Home
#        1.2.0\Projects\zstack\HomeAutomation\Coordinator\CC2538\Coordinator\Obj\OSAL_PwrMgr.o"
#        "C:\Texas Instruments\Z-Stack Home
#        1.2.0\Projects\zstack\HomeAutomation\Coordinator\CC2538\Coordinator\Obj\OSAL_Timers.o"
#        "C:\Texas Instruments\Z-Stack Home
#        1.2.0\Projects\zstack\HomeAutomation\Coordinator\CC2538\Coordinator\Obj\saddr.o"
#        "C:\Texas Instruments\Z-Stack Home
#        1.2.0\Projects\zstack\HomeAutomation\Coordinator\CC2538\Coordinator\Obj\startup_ewarm.o"
#        "C:\Texas Instruments\Z-Stack Home
#        1.2.0\Projects\zstack\HomeAutomation\Coordinator\CC2538\Coordinator\Obj\stub_aps.o"
#        "C:\Texas Instruments\Z-Stack Home
#        1.2.0\Projects\zstack\HomeAutomation\Coordinator\CC2538\Coordinator\Obj\uartstdio.o"
#        "C:\Texas Instruments\Z-Stack Home
#        1.2.0\Projects\zstack\HomeAutomation\Coordinator\CC2538\Coordinator\Obj\zcl.o"
#        "C:\Texas Instruments\Z-Stack Home
#        1.2.0\Projects\zstack\HomeAutomation\Coordinator\CC2538\Coordinator\Obj\zcl_Coordinator.o"
#        "C:\Texas Instruments\Z-Stack Home
#        1.2.0\Projects\zstack\HomeAutomation\Coordinator\CC2538\Coordinator\Obj\zcl_Coordinator_data.o"
#        "C:\Texas Instruments\Z-Stack Home
#        1.2.0\Projects\zstack\HomeAutomation\Coordinator\CC2538\Coordinator\Obj\zcl_ezmode.o"
#        "C:\Texas Instruments\Z-Stack Home
#        1.2.0\Projects\zstack\HomeAutomation\Coordinator\CC2538\Coordinator\Obj\zcl_general.o"
#        "C:\Texas Instruments\Z-Stack Home
#        1.2.0\Projects\zstack\HomeAutomation\Coordinator\CC2538\Coordinator\Obj\zcl_ha.o"
#        "C:\Texas Instruments\Z-Stack Home
#        1.2.0\Projects\zstack\HomeAutomation\Coordinator\CC2538\Coordinator\Obj\zcl_hvac.o"
#        "C:\Texas Instruments\Z-Stack Home
#        1.2.0\Projects\zstack\HomeAutomation\Coordinator\CC2538\Coordinator\Obj\zcl_ms.o"
#        "C:\Texas Instruments\Z-Stack Home
#        1.2.0\Projects\zstack\HomeAutomation\Coordinator\CC2538\Coordinator\Obj\ZDApp.o"
#        "C:\Texas Instruments\Z-Stack Home
#        1.2.0\Projects\zstack\HomeAutomation\Coordinator\CC2538\Coordinator\Obj\ZDConfig.o"
#        "C:\Texas Instruments\Z-Stack Home
#        1.2.0\Projects\zstack\HomeAutomation\Coordinator\CC2538\Coordinator\Obj\ZDNwkMgr.o"
#        "C:\Texas Instruments\Z-Stack Home
#        1.2.0\Projects\zstack\HomeAutomation\Coordinator\CC2538\Coordinator\Obj\ZDObject.o"
#        "C:\Texas Instruments\Z-Stack Home
#        1.2.0\Projects\zstack\HomeAutomation\Coordinator\CC2538\Coordinator\Obj\ZDProfile.o"
#        "C:\Texas Instruments\Z-Stack Home
#        1.2.0\Projects\zstack\HomeAutomation\Coordinator\CC2538\Coordinator\Obj\ZDSecMgr.o"
#        "C:\Texas Instruments\Z-Stack Home
#        1.2.0\Projects\zstack\HomeAutomation\Coordinator\CC2538\Coordinator\Obj\ZGlobals.o"
#        "C:\Texas Instruments\Z-Stack Home
#        1.2.0\Projects\zstack\HomeAutomation\Coordinator\CC2538\Coordinator\Obj\zmac.o"
#        "C:\Texas Instruments\Z-Stack Home
#        1.2.0\Projects\zstack\HomeAutomation\Coordinator\CC2538\Coordinator\Obj\zmac_cb.o"
#        "C:\Texas Instruments\Z-Stack Home
#        1.2.0\Projects\zstack\HomeAutomation\Coordinator\CC2538\Coordinator\Obj\ZMain.o"
#        --redirect _Printf=_PrintfTiny --redirect _Scanf=_ScanfSmall -o
#        "C:\Texas Instruments\Z-Stack Home
#        1.2.0\Projects\zstack\HomeAutomation\Coordinator\CC2538\Coordinator\Exe\Coordinator.out"
#        --map "C:\Texas Instruments\Z-Stack Home
#        1.2.0\Projects\zstack\HomeAutomation\Coordinator\CC2538\Coordinator\List\Coordinator.map"
#        --config "C:\Texas Instruments\Z-Stack Home
#        1.2.0\Projects\zstack\HomeAutomation\Coordinator\CC2538\..\..\..\Tools\CC2538DB\CC2538.icf"
#        --semihosting "C:\Texas Instruments\Z-Stack Home
#        1.2.0\Projects\zstack\HomeAutomation\Coordinator\CC2538\..\..\..\Libraries\CC2538\bin\Router.a"
#        "C:\Texas Instruments\Z-Stack Home
#        1.2.0\Projects\zstack\HomeAutomation\Coordinator\CC2538\..\..\..\Libraries\TIMAC\bin\TIMAC-CC2538.a"
#        "C:\Texas Instruments\Z-Stack Home
#        1.2.0\Projects\zstack\HomeAutomation\Coordinator\CC2538\..\..\..\..\..\Components\driverlib\cc2538\bin\iar\sdriverlib.lib"
#        "C:\Texas Instruments\Z-Stack Home
#        1.2.0\Projects\zstack\HomeAutomation\Coordinator\CC2538\..\..\..\..\..\Components\bsp\srf06eb_cc2538\drivers\bin\iar\bsp.lib"
#        --entry __iar_program_start --vfe
#
###############################################################################

*******************************************************************************
*** MESSAGES
***

Error[Lp011]: section placement failed
          unable to allocate space for sections/blocks with a total estimated
                    minimum size of 0x43a4 bytes in <[0x20004000-0x20007fff]>
                    (total uncommitted space 0x3f00).


*******************************************************************************
*** RUNTIME MODEL ATTRIBUTES
***

CppFlavor       = *
__SystemLibrary = DLib


*******************************************************************************
*** PLACEMENT SUMMARY
***

"A1":  place at start of [0x00200000-0x0027c7ff] { ro section .intvec };
"A2":  place at start of [0x0027ffd4-0x0027ffdf] { ro section .cca };
"P1":  place in [from 0x00200000 to 0x0027c7ff] { ro };
"A7":  place at start of [0x20004000-0x20007fff] { section VTABLE };
"P2":  place in [from 0x20004000 to 0x20007fff] { rw, block HEAP };

  Section            Kind        Address     Size  Object
  -------            ----        -------     ----  ------
"A1":                                       0x100
  .intvec            const    0x00200000    0x100  startup_ewarm.o [1]
                            - 0x00200100    0x100

"P1", part 1 of 2:                        0x21c75
  .text              ro code  0x00200100   0x27fc  mac_beacon.o [4]
  .text              ro code  0x002028fc    0x7a4  OSAL.o [1]
  .text              ro code  0x002030a0    0x20c  OSAL_Memory.o [1]
  .text              ro code  0x002032ac     0xa6  saddr.o [1]
  .text              ro code  0x00203352     0x22  zero_init3.o [8]
  .text              ro code  0x00203374    0x250  interrupt.o [9]
  .text              ro code  0x002035c4    0x170  mac_backoff_timer.o [1]
  .text              ro code  0x00203734    0x2d4  zmac_cb.o [1]
  .text              ro code  0x00203a08    0x2f0  mac_radio.o [1]
  .text              ro code  0x00203cf8    0x200  mac_pib.o [1]
  .text              ro code  0x00203ef8    0x4a4  mac_tx.o [1]
  .text              ro code  0x0020439c    0x204  mac_rx_onoff.o [1]
  .text              ro code  0x002045a0    0x29c  hal_assert.o [1]
  .text              ro code  0x0020483c     0x68  mac_low_level.o [1]
  .text              ro code  0x002048a4     0x36  strlen.o [8]
  .text              ro code  0x002048da     0x14  memset.o [6]
  .rodata            const    0x002048ee      0x2  MT_SYS.o [1]
  .text              ro code  0x002048f0      0x6  ABImemclr.o [8]
  .rodata            const    0x002048f6      0x2  MT_SYS.o [1]
  .text              ro code  0x002048f8    0x110  OnBoard.o [1]
  .text              ro code  0x00204a08     0x44  strcpy_unaligned.o [8]
  .text              ro code  0x00204a4c     0x1c  strcat.o [6]
  .text              ro code  0x00204a68    0x308  OSAL_Timers.o [1]
  .text              ro code  0x00204d70     0x18  OSAL_PwrMgr.o [1]
  .text              ro code  0x00204d88     0x94  OSAL_Coordinator.o [1]
  .text              ro code  0x00204e1c     0x98  hal_drivers.o [1]
  .text              ro code  0x00204eb4     0x10  cpu.o [9]
  .text              ro code  0x00204ec4    0x6f8  mac_mcu.o [1]
  .text              ro code  0x002055bc    0x4cc  nwk_bufs.o [3]
  .text              ro code  0x00205a88     0x74  mac_mem.o [1]
  .text              ro code  0x00205afc    0xab0  mac_rx.o [1]
  .text              ro code  0x002065ac     0x76  ABImemcpy_unaligned.o [8]
  .rodata            const    0x00206622      0x2  nwk_globals.o [1]
  .text              ro code  0x00206624    0x5b0  mac_csp_tx.o [1]
  .text              ro code  0x00206bd4    0x198  hal_sys_ctrl.o [1]
  .text              ro code  0x00206d6c    0x1c0  gpio.o [9]
  .text              ro code  0x00206f2c     0x68  mac_sleep.o [1]
  .text              ro code  0x00206f94     0x66  ABImemset.o [8]
  .rodata            const    0x00206ffa      0x2  nwk_globals.o [1]
  .text              ro code  0x00206ffc    0x194  hal_key.o [1]
  .text              ro code  0x00207190   0x1748  nwk.o [3]
  .text              ro code  0x002088d8    0x190  MT_TASK.o [1]
  .text              ro code  0x00208a68    0x73c  APS.o [3]
  .text              ro code  0x002091a4    0x63c  aps_frag.o [3]
  .text              ro code  0x002097e0   0x1284  ZDApp.o [1]
  .text              ro code  0x0020aa64    0x5fc  ZDNwkMgr.o [1]
  .text              ro code  0x0020b060   0x2382  zcl.o [1]
  .rodata            const    0x0020d3e2      0x2  nwk_globals.o [1]
  .text              ro code  0x0020d3e4   0x2390  zcl_Coordinator.o [1]
  .text              ro code  0x0020f774     0x5c  hal_aes.o [1]
  .text              ro code  0x0020f7d0    0x1c0  hal_lcd.o [1]
  .text              ro code  0x0020f990    0x36c  hal_led.o [1]
  .text              ro code  0x0020fcfc    0x556  hal_uart.o [1]
  .rodata            const    0x00210252      0x2  nwk_globals.o [1]
  .text              ro code  0x00210254   0x256e  nwk_util.o [3]
  .rodata            const    0x002127c2      0x2  nwk_globals.o [1]
  .text              ro code  0x002127c4    0x28c  zmac.o [1]
  .text              ro code  0x00212a50    0x46c  mac_autopend.o [1]
  .text              ro code  0x00212ebc    0x22c  sys_ctrl.o [9]
  .text              ro code  0x002130e8    0x2e4  ioc.o [9]
  .text              ro code  0x002133cc     0x90  mac_radio_defs.o [1]
  .text              ro code  0x0021345c    0x30c  bsp_key.o [5]
  .text              ro code  0x00213768    0x2e0  nwk_globals.o [1]
  .text              ro code  0x00213a48    0x5d8  AssocList.o [3]
  .text              ro code  0x00214020   0x1acc  rtg.o [3]
  .text              ro code  0x00215aec    0x500  NLMEDE.o [3]
  .text              ro code  0x00215fec    0x260  NLMEDE_CB.o [3]
  .text              ro code  0x0021624c    0x598  ssp.o [3]
  .text              ro code  0x002167e4     0x58  aps_groups.o [3]
  .text              ro code  0x0021683c    0x444  AddrMgr.o [3]
  .text              ro code  0x00216c80    0x25c  MT_UART.o [1]
  .text              ro code  0x00216edc    0x102  MT.o [1]
  .rodata            const    0x00216fde      0x2  nwk_globals.o [1]
  .text              ro code  0x00216fe0     0xc8  MT_AF.o [1]
  .text              ro code  0x002170a8    0x8b4  MT_SYS.o [1]
  .text              ro code  0x0021795c     0xc2  MT_DEBUG.o [1]
  .rodata            const    0x00217a1e      0x2  nwk_globals.o [1]
  .text              ro code  0x00217a20    0x8bc  BindingTable.o [1]
  .text              ro code  0x002182dc    0x694  AF.o [1]
  .text              ro code  0x00218970    0xce4  APSMEDE.o [3]
  .text              ro code  0x00219654    0x148  reflecttrack.o [3]
  .text              ro code  0x0021979c    0x134  APSMEDE_CB.o [3]
  .text              ro code  0x002198d0    0x228  aps_util.o [3]
  .text              ro code  0x00219af8   0x140e  ZDObject.o [1]
  .rodata            const    0x0021af06      0x2  zcl_Coordinator.o [1]
  .text              ro code  0x0021af08    0xb50  ZDSecMgr.o [1]
  .text              ro code  0x0021ba58    0x218  ZGlobals.o [1]
  .text              ro code  0x0021bc70     0xe4  ZDConfig.o [1]
  .text              ro code  0x0021bd54   0x1126  osal_nv.o [1]
  .rodata            const    0x0021ce7a      0x1  nwk_globals.o [1]
  .rodata            const    0x0021ce7b      0x1  nwk_globals.o [1]
  .text              ro code  0x0021ce7c   0x106c  ZDProfile.o [1]
  .text              ro code  0x0021dee8     0xc4  zcl_ha.o [1]
  .text              ro code  0x0021dfac    0x2b6  zcl_general.o [1]
  .rodata            const    0x0021e262      0x1  nwk_globals.o [1]
  .rodata            const    0x0021e263      0x1  nwk_globals.o [1]
  .text              ro code  0x0021e264    0x39c  zcl_ezmode.o [1]
  .text              ro code  0x0021e600     0x1e  U64Shr.o [8]
  .rodata            const    0x0021e61e      0x1  nwk_globals.o [1]
  .rodata            const    0x0021e61f      0x1  nwk_globals.o [1]
  .text              ro code  0x0021e620     0xf2  uart.o [9]
  .rodata            const    0x0021e712      0x1  nwk_globals.o [1]
  .rodata            const    0x0021e713      0x1  nwk_globals.o [1]
  .text              ro code  0x0021e714    0x2f4  uartstdio.o [1]
  .text              ro code  0x0021ea08    0x1ec  aes.o [9]
  .text              ro code  0x0021ebf4     0xb4  bsp.o [5]
  .text              ro code  0x0021eca8    0x120  lcd_srf06eb.o [5]
  .text              ro code  0x0021edc8     0x4c  DebugTrace.o [1]
  .text              ro code  0x0021ee14      0xc  memcpy.o [6]
  .text              ro code  0x0021ee20     0xe4  lcd_dogm128_6.o [5]
  .text              ro code  0x0021ef04    0x350  io_pin_int.o [5]
  .text              ro code  0x0021f254    0x2b2  ssp_hash.o [3]
  .rodata            const    0x0021f506      0x1  nwk_globals.o [1]
  .rodata            const    0x0021f507      0x1  nwk_globals.o [1]
  .text              ro code  0x0021f508    0x102  hal_ccm.o [1]
  .rodata            const    0x0021f60a      0x1  nwk_globals.o [1]
  .rodata            const    0x0021f60b      0x1  nwk_globals.o [1]
  .text              ro code  0x0021f60c    0xcc0  MT_ZDO.o [1]
  .text              ro code  0x002202cc     0x38  hal_adc.o [1]
  .text              ro code  0x00220304    0x308  OSAL_Clock.o [1]
  .text              ro code  0x0022060c    0x1b6  armcm3flashutil.o [1]
  .rodata            const    0x002207c2      0x1  nwk_globals.o [1]
  .rodata            const    0x002207c3      0x1  nwk_globals.o [1]
  .text              ro code  0x002207c4     0x8a  ssi.o [9]
  .rodata            const    0x0022084e      0x1  nwk_globals.o [1]
  .rodata            const    0x0022084f      0x1  nwk_globals.o [1]
  .text              ro code  0x00220850    0x3b0  ccm.o [9]
  .text              ro code  0x00220c00     0x34  systick.o [9]
  .text              ro code  0x00220c34     0x38  flash.o [9]
  .text              ro code  0x00220c6c    0x290  ZMain.o [1]
  .text              ro code  0x00220efc     0x2a  hal_systick.o [1]
  .rodata            const    0x00220f26      0x1  nwk_globals.o [1]
  .rodata            const    0x00220f27      0x1  nwk_globals.o [1]
  .rodata            const    0x00220f28    0x1d8  lcd_dogm128_6_alphabet.o [5]
  .rodata            const    0x00221100    0x190  ZGlobals.o [1]
  .rodata            const    0x00221290    0x108  zcl_Coordinator_data.o [1]
  .text              ro code  0x00221398     0xd4  packbits_init.o [8]
  .text              ro code  0x0022146c      0x6  abort.o [6]
  .rodata            const    0x00221472      0x1  nwk_globals.o [1]
  .rodata            const    0x00221473      0x1  nwk_globals.o [1]
  .text              ro code  0x00221474     0x14  exit.o [10]
  .text              ro code  0x00221488     0xce  MT_APP.o [1]
  .rodata            const    0x00221556      0x1  nwk_globals.o [1]
  .rodata            const    0x00221557      0x1  nwk_globals.o [1]
  .rodata            const    0x00221558     0xcc  mac_beacon.o [4]
  .rodata            const    0x00221624     0xb8  zcl.o [1]
  .rodata            const    0x002216dc     0x90  mac_pib.o [1]
  .rodata            const    0x0022176c     0x68  ZDProfile.o [1]
  .rodata            const    0x002217d4     0x4c  mac_pib.o [1]
  .text              ro code  0x00221820     0x42  startup_ewarm.o [1]
  .text              ro code  0x00221862      0xc  cstartup_M.o [8]
  .rodata            const    0x0022186e      0x1  nwk_globals.o [1]
  .rodata            const    0x0022186f      0x1  nwk_globals.o [1]
  .text              ro code  0x00221870     0x1a  cmain.o [8]
  .text              ro code  0x0022188a      0x4  low_level_init.o [6]
  .rodata            const    0x0022188e      0x1  nwk_globals.o [1]
  .rodata            const    0x0022188f      0x1  nwk_globals.o [1]
  .text              ro code  0x00221890     0x28  data_init.o [8]
  .text              ro code  0x002218b8      0x4  exit.o [6]
  .text              ro code  0x002218bc      0xa  cexit.o [8]
  .rodata            const    0x002218c6      0x1  OSAL_Coordinator.o [1]
  .rodata            const    0x002218c7      0x1  zcl_Coordinator_data.o [1]
  .rodata            const    0x002218c8     0x28  OSAL_Coordinator.o [1]
  .rodata            const    0x002218f0     0x24  mac_radio_defs.o [1]
  .iar.init_table    const    0x00221914     0x10  - Linker created -
  .rodata            const    0x00221940     0x18  hal_lcd.o [1]
  .rodata            const    0x00221958     0x18  zcl_Coordinator.o [1]
  .rodata            const    0x00221970     0x18  zcl_Coordinator.o [1]
  .rodata            const    0x00221988     0x14  hal_uart.o [1]
  .rodata            const    0x0022199c     0x14  uartstdio.o [1]
  .rodata            const    0x002219b0     0x14  zcl_Coordinator.o [1]
  .rodata            const    0x002219c4     0x14  zcl_Coordinator.o [1]
  .rodata            const    0x002219d8     0x14  zcl_Coordinator.o [1]
  .rodata            const    0x002219ec     0x14  zcl_Coordinator.o [1]
  .rodata            const    0x00221a00     0x14  zcl_Coordinator.o [1]
  .rodata            const    0x00221a14     0x14  zcl_Coordinator_data.o [1]
  .rodata            const    0x00221a28     0x14  zcl_Coordinator_data.o [1]
  .rodata            const    0x00221a3c     0x14  zcl_Coordinator_data.o [1]
  .rodata            const    0x00221a50     0x14  ZDNwkMgr.o [1]
  .rodata            const    0x00221a64     0x14  zmac_cb.o [1]
  .rodata            const    0x00221a78     0x14  ZMain.o [1]
  .rodata            const    0x00221a8c     0x10  nwk_globals.o [1]
  .rodata            const    0x00221a9c     0x10  nwk_globals.o [1]
  .rodata            const    0x00221aac     0x10  nwk_globals.o [1]
  .rodata            const    0x00221abc     0x10  nwk_globals.o [1]
  .rodata            const    0x00221acc     0x10  nwk_globals.o [1]
  .rodata            const    0x00221adc     0x10  nwk_globals.o [1]
  .rodata            const    0x00221aec     0x10  nwk_globals.o [1]
  .rodata            const    0x00221afc     0x10  zcl_Coordinator.o [1]
  .rodata            const    0x00221b0c     0x10  zcl_Coordinator.o [1]
  .rodata            const    0x00221b1c     0x10  zcl_Coordinator.o [1]
  .rodata            const    0x00221b2c     0x10  zcl_Coordinator.o [1]
  .rodata            const    0x00221b3c     0x10  zcl_Coordinator.o [1]
  .rodata            const    0x00221b4c     0x10  zcl_Coordinator.o [1]
  .rodata            const    0x00221b5c     0x10  zcl_Coordinator.o [1]
  .rodata            const    0x00221b6c     0x10  zcl_Coordinator.o [1]
  .rodata            const    0x00221b7c     0x10  zcl_Coordinator.o [1]
  .rodata            const    0x00221b8c     0x10  zcl_Coordinator.o [1]
  .rodata            const    0x00221b9c     0x10  zcl_Coordinator.o [1]
  .rodata            const    0x00221bac     0x10  zcl_Coordinator.o [1]
  .rodata            const    0x00221bbc     0x10  ZDObject.o [1]
  .rodata            const    0x00221bcc     0x10  ZDObject.o [1]
  .rodata            const    0x00221bdc     0x10  ZDObject.o [1]
  .rodata            const    0x00221bec     0x10  ZDObject.o [1]
  .rodata            const    0x00221bfc      0xc  nwk_globals.o [1]
  .rodata            const    0x00221c08      0xc  nwk_globals.o [1]
  .rodata            const    0x00221c14      0xc  nwk_globals.o [1]
  .rodata            const    0x00221c20      0xc  zcl_Coordinator.o [1]
  .rodata            const    0x00221c2c      0xc  zcl_Coordinator.o [1]
  .rodata            const    0x00221c38      0xc  zcl_Coordinator.o [1]
  .rodata            const    0x00221c44      0xc  zcl_Coordinator.o [1]
  .rodata            const    0x00221c50      0xc  zcl_Coordinator.o [1]
  .rodata            const    0x00221c5c      0xc  zcl_Coordinator_data.o [1]
  .rodata            const    0x00221c68      0xc  zcl_ha.o [1]
  .rodata            const    0x00221c74      0xc  ZDObject.o [1]
  .rodata            const    0x00221c80      0xc  ZDObject.o [1]
  .text              ro code  0x00221c8c      0xa  hal_sleep.o [1]
  .rodata            const    0x00221c96      0x1  zcl_Coordinator_data.o [1]
  .rodata            const    0x00221c97      0x1  zcl_Coordinator_data.o [1]
  .rodata            const    0x00221c98      0x8  mac_cfg.o [1]
  .rodata            const    0x00221ca0      0x8  MT_SYS.o [1]
  .rodata            const    0x00221ca8      0x8  MT_VERSION.o [1]
  .rodata            const    0x00221cb0      0x8  nwk_globals.o [1]
  .rodata            const    0x00221cb8      0x8  nwk_globals.o [1]
  .rodata            const    0x00221cc0      0x8  nwk_globals.o [1]
  .rodata            const    0x00221cc8      0x8  nwk_globals.o [1]
  .rodata            const    0x00221cd0      0x8  nwk_globals.o [1]
  .rodata            const    0x00221cd8      0x8  osal_nv.o [1]
  .rodata            const    0x00221ce0      0x8  uartstdio.o [1]
  .rodata            const    0x00221ce8      0x8  uartstdio.o [1]
  .rodata            const    0x00221cf0      0x8  uartstdio.o [1]
  .rodata            const    0x00221cf8      0x8  zcl_Coordinator.o [1]
  .rodata            const    0x00221d00      0x8  zcl_Coordinator.o [1]
  .rodata            const    0x00221d08      0x8  zcl_Coordinator.o [1]
  .rodata            const    0x00221d10      0x8  zcl_Coordinator.o [1]
  .rodata            const    0x00221d18      0x8  zcl_Coordinator.o [1]
  .rodata            const    0x00221d20      0x8  zcl_Coordinator.o [1]
  .rodata            const    0x00221d28      0x8  zcl_Coordinator_data.o [1]
  .rodata            const    0x00221d30      0x8  zcl_ha.o [1]
  .rodata            const    0x00221d38      0x8  zcl_ha.o [1]
  .rodata            const    0x00221d40      0x8  zcl_ha.o [1]
  .rodata            const    0x00221d48      0x8  ZMain.o [1]
  .rodata            const    0x00221d50      0x8  ZMain.o [1]
  .rodata            const    0x00221d58      0x4  mac_rx.o [1]
  .rodata            const    0x00221d5c      0x4  nwk_globals.o [1]
  .rodata            const    0x00221d60      0x4  uartstdio.o [1]
  .rodata            const    0x00221d64      0x4  zcl_Coordinator.o [1]
  .rodata            const    0x00221d68      0x4  zcl_Coordinator.o [1]
  .rodata            const    0x00221d6c      0x4  zcl_Coordinator.o [1]
  .rodata            const    0x00221d70      0x4  zcl_Coordinator.o [1]
  .rodata            const    0x00221d74      0x1  ZDProfile.o [1]
  .rodata            const    0x00221d75      0x0  zero_init3.o [8]
  .rodata            const    0x00221d75      0x0  packbits_init.o [8]
                            - 0x00221d75  0x21c75

Absolute sections:                         0x3000
  .noinit            uninit   0x0027c800   0x3000  osal_nv.o [1]
                            - 0x0027f800   0x3000

"A2":                                         0xc
  .cca               const    0x0027ffd4      0xc  startup_ewarm.o [1]
                            - 0x0027ffe0      0xc

"A7":                                       0x100
  VTABLE             zero     0x20004000    0x100  interrupt.o [9]
                            - 0x20004100    0x100

"P1", part 2 of 2 (*** FAILED ***):          0xfc
  Initializer bytes  ro data                 0xfc  <for P2 s0> (used: 0x0)
                                             0xfc

"P2", part 1 of 3 (*** FAILED ***):         0x256
  .data              inited                  0x80  mac_beacon.o [4]
  .data              inited                  0x5c  mac_beacon.o [4]
  .data              inited                  0x48  MT.o [1]
  .data              inited                  0x30  zcl_Coordinator.o [1]
  .data              inited                  0x1c  APS.o [3]
  .data              inited                  0x14  zcl_Coordinator_data.o [1]
  .data              inited                  0x14  zcl_Coordinator_data.o [1]
  .data              inited                  0x14  nwk.o [3]
  .data              inited                  0x10  zcl_Coordinator.o [1]
  .data              inited                  0x10  ZDApp.o [1]
  .data              inited                  0x10  nwk_util.o [3]
  .data              inited                   0xc  aps_frag.o [3]
  .data              inited                   0x8  reflecttrack.o [3]
  .data              inited                   0x4  osal_nv.o [1]
  .data              inited                   0x4  zcl_Coordinator.o [1]
  .data              inited                   0x4  ZDProfile.o [1]
  .data              inited                   0x4  ZGlobals.o [1]
  .data              inited                   0x4  mac_beacon.o [4]
  .data              inited                   0x2  zcl_Coordinator.o [1]
  .data              inited                   0x2  zcl_Coordinator_data.o [1]
  .data              inited                   0x2  zcl_Coordinator_data.o [1]
  .data              inited                   0x2  zcl_Coordinator_data.o [1]
  .data              inited                   0x2  zcl_Coordinator_data.o [1]
  .data              inited                   0x2  zcl_Coordinator_data.o [1]
  .data              inited                   0x2  zcl_Coordinator_data.o [1]
  .data              inited                   0x2  ZDApp.o [1]
  .data              inited                   0x2  ZGlobals.o [1]
  .data              inited                   0x2  ZGlobals.o [1]
  .data              inited                   0x2  ZGlobals.o [1]
  .data              inited                   0x2  ZGlobals.o [1]
  .data              inited                   0x2  ZGlobals.o [1]
  .data              inited                   0x2  ZGlobals.o [1]
  .data              inited                   0x2  ZGlobals.o [1]
  .data              inited                   0x2  ZGlobals.o [1]
  .data              inited                   0x2  ZGlobals.o [1]
  .data              inited                   0x2  ZGlobals.o [1]
  .data              inited                   0x2  NLMEDE.o [3]
  .data              inited                   0x2  reflecttrack.o [3]
  .data              inited                   0x1  AF.o [1]
  .data              inited                   0x1  mac_sleep.o [1]
  .data              inited                   0x1  nwk_globals.o [1]
  .data              inited                   0x1  OnBoard.o [1]
  .data              inited                   0x1  OSAL.o [1]
  .data              inited                   0x1  zcl.o [1]
  .data              inited                   0x1  zcl_Coordinator.o [1]
  .data              inited                   0x1  zcl_Coordinator_data.o [1]
  .data              inited                   0x1  zcl_Coordinator_data.o [1]
  .data              inited                   0x1  zcl_Coordinator_data.o [1]
  .data              inited                   0x1  zcl_Coordinator_data.o [1]
  .data              inited                   0x1  ZDApp.o [1]
  .data              inited                   0x1  ZDApp.o [1]
  .data              inited                   0x1  ZDSecMgr.o [1]
  .data              inited                   0x1  ZGlobals.o [1]
  .data              inited                   0x1  ZGlobals.o [1]
  .data              inited                   0x1  ZGlobals.o [1]
  .data              inited                   0x1  ZGlobals.o [1]
  .data              inited                   0x1  ZGlobals.o [1]
  .data              inited                   0x1  ZGlobals.o [1]
  .data              inited                   0x1  ZGlobals.o [1]
  .data              inited                   0x1  ZGlobals.o [1]
  .data              inited                   0x1  ZGlobals.o [1]
  .data              inited                   0x1  ZGlobals.o [1]
  .data              inited                   0x1  ZGlobals.o [1]
  .data              inited                   0x1  ZGlobals.o [1]
  .data              inited                   0x1  ZGlobals.o [1]
  .data              inited                   0x1  ZGlobals.o [1]
  .data              inited                   0x1  ZGlobals.o [1]
  .data              inited                   0x1  ZGlobals.o [1]
  .data              inited                   0x1  ZGlobals.o [1]
  .data              inited                   0x1  ZGlobals.o [1]
  .data              inited                   0x1  ZGlobals.o [1]
  .data              inited                   0x1  ZGlobals.o [1]
  .data              inited                   0x1  ZGlobals.o [1]
  .data              inited                   0x1  ZGlobals.o [1]
  .data              inited                   0x1  ZGlobals.o [1]
  .data              inited                   0x1  ZGlobals.o [1]
  .data              inited                   0x1  ZGlobals.o [1]
  .data              inited                   0x1  ZGlobals.o [1]
  .data              inited                   0x1  nwk_util.o [3]
  .data              inited                   0x1  NLMEDE.o [3]
                                            0x256

"P2", part 2 of 3 (*** FAILED ***):        0x2148
  .bss               zero                   0xfa0  zcl_Coordinator.o [1]
  .bss               zero                   0x400  lcd_dogm128_6.o [5]
  .bss               zero                   0x1f8  nwk_globals.o [1]
  .bss               zero                   0x1c0  nwk_globals.o [1]
  .bss               zero                   0x140  nwk_globals.o [1]
  .bss               zero                    0x78  nwk.o [3]
  .bss               zero                    0x70  io_pin_int.o [5]
  .bss               zero                    0x60  nwk_globals.o [1]
  .bss               zero                    0x60  mac_beacon.o [4]
  .bss               zero                    0x50  nwk_globals.o [1]
  .bss               zero                    0x50  ZDProfile.o [1]
  .bss               zero                    0x4c  mac_pib.o [1]
  .bss               zero                    0x48  nwk_globals.o [1]
  .bss               zero                    0x38  nwk_globals.o [1]
  .bss               zero                    0x38  mac_beacon.o [4]
  .bss               zero                    0x34  hal_led.o [1]
  .bss               zero                    0x34  ZDObject.o [1]
  .bss               zero                    0x2c  hal_uart.o [1]
  .bss               zero                    0x2c  mac_beacon.o [4]
  .bss               zero                    0x24  nwk_globals.o [1]
  .bss               zero                    0x24  ZDSecMgr.o [1]
  .bss               zero                    0x20  bsp_key.o [5]
  .bss               zero                    0x20  mac_beacon.o [4]
  .bss               zero                    0x20  io_pin_int.o [5]
  .bss               zero                    0x1c  zcl_Coordinator.o [1]
  .bss               zero                    0x1c  zcl_Coordinator.o [1]
  .bss               zero                    0x1c  ZDApp.o [1]
  .bss               zero                    0x1c  nwk_util.o [3]
  .bss               zero                    0x18  nwk_globals.o [1]
  .bss               zero                    0x14  nwk_globals.o [1]
  .bss               zero                    0x14  zcl_Coordinator.o [1]
  .bss               zero                    0x14  zcl_Coordinator.o [1]
  .bss               zero                    0x14  APSMEDE.o [3]
  .bss               zero                    0x14  aes.o [9]
  .bss               zero                    0x10  zcl_Coordinator.o [1]
  .bss               zero                    0x10  zcl_ezmode.o [1]
  .bss               zero                    0x10  zcl_ezmode.o [1]
  .bss               zero                    0x10  ZDConfig.o [1]
  .bss               zero                    0x10  nwk_util.o [3]
  .bss               zero                    0x10  APS.o [3]
  .bss               zero                     0xc  nwk_globals.o [1]
  .bss               zero                     0xc  osal_nv.o [1]
  .bss               zero                     0xc  osal_nv.o [1]
  .bss               zero                     0xc  zcl_Coordinator.o [1]
  .bss               zero                     0xc  ZDApp.o [1]
  .bss               zero                     0xc  ZDNwkMgr.o [1]
  .bss               zero                     0xc  ZDNwkMgr.o [1]
  .bss               zero                     0xc  ZDSecMgr.o [1]
  .bss               zero                     0xc  nwk_util.o [3]
  .bss               zero                     0xc  nwk_util.o [3]
  .bss               zero                     0xc  NLMEDE.o [3]
  .bss               zero                     0x8  OnBoard.o [1]
  .bss               zero                     0x8  osal_nv.o [1]
  .bss               zero                     0x8  OSAL_PwrMgr.o [1]
  .bss               zero                     0x4  AF.o [1]
  .bss               zero                     0x8  zcl_Coordinator.o [1]
  .bss               zero                     0x8  zcl_Coordinator.o [1]
  .bss               zero                     0x8  ZDApp.o [1]
  .bss               zero                     0x8  ZGlobals.o [1]
  .bss               zero                     0x8  ZGlobals.o [1]
  .bss               zero                     0x8  ZGlobals.o [1]
  .bss               zero                     0x8  AddrMgr.o [3]
  .bss               zero                     0x8  ssp.o [3]
  .bss               zero                     0x8  ssp.o [3]
  .bss               zero                     0x4  BindingTable.o [1]
  .bss               zero                     0x4  BindingTable.o [1]
  .bss               zero                     0x4  BindingTable.o [1]
  .bss               zero                     0x4  BindingTable.o [1]
  .bss               zero                     0x4  BindingTable.o [1]
  .bss               zero                     0x4  BindingTable.o [1]
  .bss               zero                     0x4  BindingTable.o [1]
  .bss               zero                     0x4  hal_aes.o [1]
  .bss               zero                     0x4  hal_key.o [1]
  .bss               zero                     0x4  mac_backoff_timer.o [1]
  .bss               zero                     0x4  mac_backoff_timer.o [1]
  .bss               zero                     0x4  mac_mcu.o [1]
  .bss               zero                     0x4  mac_mcu.o [1]
  .bss               zero                     0x4  mac_mcu.o [1]
  .bss               zero                     0x4  mac_rx.o [1]
  .bss               zero                     0x4  mac_rx.o [1]
  .bss               zero                     0x4  mac_rx.o [1]
  .bss               zero                     0x4  MT_AF.o [1]
  .bss               zero                     0x4  MT_AF.o [1]
  .bss               zero                     0x4  MT_UART.o [1]
  .bss               zero                     0x4  MT_ZDO.o [1]
  .bss               zero                     0x4  OSAL.o [1]
  .bss               zero                     0x4  OSAL_Clock.o [1]
  .bss               zero                     0x4  OSAL_Clock.o [1]
  .bss               zero                     0x4  OSAL_Coordinator.o [1]
  .bss               zero                     0x4  osal_nv.o [1]
  .bss               zero                     0x4  OSAL_Timers.o [1]
  .bss               zero                     0x4  OSAL_Timers.o [1]
  .bss               zero                     0x4  uartstdio.o [1]
  .bss               zero                     0x4  zcl.o [1]
  .bss               zero                     0x4  zcl.o [1]
  .bss               zero                     0x4  zcl.o [1]
  .bss               zero                     0x4  zcl.o [1]
  .bss               zero                     0x4  zcl.o [1]
  .bss               zero                     0x4  zcl_Coordinator.o [1]
  .bss               zero                     0x4  zcl_Coordinator.o [1]
  .bss               zero                     0x4  zcl_Coordinator.o [1]
  .bss               zero                     0x4  zcl_Coordinator.o [1]
  .bss               zero                     0x4  zcl_Coordinator.o [1]
  .bss               zero                     0x4  zcl_Coordinator.o [1]
  .bss               zero                     0x4  zcl_Coordinator.o [1]
  .bss               zero                     0x4  zcl_Coordinator.o [1]
  .bss               zero                     0x4  zcl_general.o [1]
  .bss               zero                     0x4  ZDApp.o [1]
  .bss               zero                     0x4  ZDApp.o [1]
  .bss               zero                     0x4  ZDConfig.o [1]
  .bss               zero                     0x4  ZDNwkMgr.o [1]
  .bss               zero                     0x4  ZDNwkMgr.o [1]
  .bss               zero                     0x4  ZDNwkMgr.o [1]
  .bss               zero                     0x4  ZDNwkMgr.o [1]
  .bss               zero                     0x4  ZDNwkMgr.o [1]
  .bss               zero                     0x4  ZDObject.o [1]
  .bss               zero                     0x4  ZDObject.o [1]
  .bss               zero                     0x4  ZDProfile.o [1]
  .bss               zero                     0x4  ZDSecMgr.o [1]
  .bss               zero                     0x4  zmac.o [1]
  .bss               zero                     0x4  zmac.o [1]
  .bss               zero                     0x4  zmac_cb.o [1]
  .bss               zero                     0x4  APSMEDE.o [3]
  .bss               zero                     0x4  nwk_util.o [3]
  .bss               zero                     0x4  rtg.o [3]
  .bss               zero                     0x4  rtg.o [3]
  .bss               zero                     0x4  rtg.o [3]
  .bss               zero                     0x4  rtg.o [3]
  .bss               zero                     0x4  rtg.o [3]
  .bss               zero                     0x4  aps_groups.o [3]
  .bss               zero                     0x4  APS.o [3]
  .bss               zero                     0x4  APS.o [3]
  .bss               zero                     0x4  APS.o [3]
  .bss               zero                     0x4  mac_beacon.o [4]
  .bss               zero                     0x4  NLMEDE.o [3]
  .bss               zero                     0x4  NLMEDE.o [3]
  .bss               zero                     0x4  nwk_bufs.o [3]
  .bss               zero                     0x4  nwk_bufs.o [3]
  .bss               zero                     0x2  zcl_Coordinator.o [1]
  .bss               zero                     0x2  zcl_Coordinator.o [1]
  .bss               zero                     0x2  zcl_Coordinator.o [1]
  .bss               zero                     0x2  zcl_Coordinator.o [1]
  .bss               zero                     0x2  zcl_Coordinator.o [1]
  .bss               zero                     0x2  zcl_Coordinator.o [1]
  .bss               zero                     0x2  zcl_Coordinator.o [1]
  .bss               zero                     0x2  zcl_Coordinator.o [1]
  .bss               zero                     0x2  zcl_Coordinator.o [1]
  .bss               zero                     0x2  zcl_Coordinator.o [1]
  .bss               zero                     0x2  zcl_Coordinator.o [1]
  .bss               zero                     0x2  zcl_Coordinator.o [1]
  .bss               zero                     0x2  zcl_Coordinator.o [1]
  .bss               zero                     0x2  zcl_Coordinator.o [1]
  .bss               zero                     0x2  zcl_Coordinator.o [1]
  .bss               zero                     0x2  zcl_Coordinator.o [1]
  .bss               zero                     0x2  zcl_Coordinator.o [1]
  .bss               zero                     0x2  zcl_Coordinator.o [1]
  .bss               zero                     0x2  zcl_Coordinator.o [1]
  .bss               zero                     0x2  zcl_Coordinator.o [1]
  .bss               zero                     0x2  zcl_Coordinator.o [1]
  .bss               zero                     0x2  zcl_Coordinator_data.o [1]
  .bss               zero                     0x2  zcl_Coordinator_data.o [1]
  .bss               zero                     0x2  zcl_ezmode.o [1]
  .bss               zero                     0x2  ZDNwkMgr.o [1]
  .bss               zero                     0x2  ZDNwkMgr.o [1]
  .bss               zero                     0x2  ZDNwkMgr.o [1]
  .bss               zero                     0x2  nwk_util.o [3]
  .bss               zero                     0x2  nwk.o [3]
  .bss               zero                     0x2  NLMEDE.o [3]
  .bss               zero                     0x1  BindingTable.o [1]
  .bss               zero                     0x1  hal_assert.o [1]
  .bss               zero                     0x1  hal_drivers.o [1]
  .bss               zero                     0x1  hal_key.o [1]
  .bss               zero                     0x1  hal_key.o [1]
  .bss               zero                     0x1  hal_key.o [1]
  .bss               zero                     0x1  hal_led.o [1]
  .bss               zero                     0x1  hal_led.o [1]
  .bss               zero                     0x1  hal_uart.o [1]
  .bss               zero                     0x1  mac_autopend.o [1]
  .bss               zero                     0x1  mac_autopend.o [1]
  .bss               zero                     0x1  mac_mcu.o [1]
  .bss               zero                     0x1  mac_mcu.o [1]
  .bss               zero                     0x1  mac_radio.o [1]
  .bss               zero                     0x1  mac_radio.o [1]
  .bss               zero                     0x1  mac_radio.o [1]
  .bss               zero                     0x1  mac_radio.o [1]
  .bss               zero                     0x1  mac_rx.o [1]
  .bss               zero                     0x1  mac_rx.o [1]
  .bss               zero                     0x1  mac_rx.o [1]
  .bss               zero                     0x1  mac_rx.o [1]
  .bss               zero                     0x1  mac_rx.o [1]
  .bss               zero                     0x1  mac_rx.o [1]
  .bss               zero                     0x1  mac_rx.o [1]
  .bss               zero                     0x1  mac_rx.o [1]
  .bss               zero                     0x1  mac_rx.o [1]
  .bss               zero                     0x1  mac_rx.o [1]
  .bss               zero                     0x1  mac_rx.o [1]
  .bss               zero                     0x1  mac_rx_onoff.o [1]
  .bss               zero                     0x1  mac_rx_onoff.o [1]
  .bss               zero                     0x1  mac_tx.o [1]
  .bss               zero                     0x1  mac_tx.o [1]
  .bss               zero                     0x1  mac_tx.o [1]
  .bss               zero                     0x1  mac_tx.o [1]
  .bss               zero                     0x1  mac_tx.o [1]
  .bss               zero                     0x1  mac_tx.o [1]
  .bss               zero                     0x1  mac_tx.o [1]
  .bss               zero                     0x1  mac_tx.o [1]
  .bss               zero                     0x1  mac_tx.o [1]
  .bss               zero                     0x1  MT.o [1]
  .bss               zero                     0x1  MT.o [1]
  .bss               zero                     0x1  MT_TASK.o [1]
  .bss               zero                     0x1  MT_UART.o [1]
  .bss               zero                     0x1  MT_UART.o [1]
  .bss               zero                     0x1  MT_UART.o [1]
  .bss               zero                     0x1  MT_UART.o [1]
  .bss               zero                     0x1  MT_UART.o [1]
  .bss               zero                     0x1  nwk_globals.o [1]
  .bss               zero                     0x1  nwk_globals.o [1]
  .bss               zero                     0x1  OnBoard.o [1]
  .bss               zero                     0x1  OSAL_Memory.o [1]
  .bss               zero                     0x1  osal_nv.o [1]
  .bss               zero                     0x1  zcl.o [1]
  .bss               zero                     0x1  zcl.o [1]
  .bss               zero                     0x1  zcl_Coordinator.o [1]
  .bss               zero                     0x1  zcl_Coordinator.o [1]
  .bss               zero                     0x1  zcl_Coordinator.o [1]
  .bss               zero                     0x1  zcl_Coordinator.o [1]
  .bss               zero                     0x1  zcl_Coordinator.o [1]
  .bss               zero                     0x1  zcl_Coordinator_data.o [1]
  .bss               zero                     0x1  zcl_Coordinator_data.o [1]
  .bss               zero                     0x1  zcl_Coordinator_data.o [1]
  .bss               zero                     0x1  zcl_ezmode.o [1]
  .bss               zero                     0x1  zcl_ezmode.o [1]
  .bss               zero                     0x1  zcl_ezmode.o [1]
  .bss               zero                     0x1  zcl_ezmode.o [1]
  .bss               zero                     0x1  zcl_ezmode.o [1]
  .bss               zero                     0x1  zcl_ezmode.o [1]
  .bss               zero                     0x1  zcl_general.o [1]
  .bss               zero                     0x1  ZDApp.o [1]
  .bss               zero                     0x1  ZDApp.o [1]
  .bss               zero                     0x1  ZDApp.o [1]
  .bss               zero                     0x1  ZDApp.o [1]
  .bss               zero                     0x1  ZDApp.o [1]
  .bss               zero                     0x1  ZDNwkMgr.o [1]
  .bss               zero                     0x1  ZDNwkMgr.o [1]
  .bss               zero                     0x1  ZDNwkMgr.o [1]
  .bss               zero                     0x1  ZDNwkMgr.o [1]
  .bss               zero                     0x1  ZDNwkMgr.o [1]
  .bss               zero                     0x1  ZDProfile.o [1]
  .bss               zero                     0x1  ZDProfile.o [1]
  .bss               zero                     0x1  ZDSecMgr.o [1]
  .bss               zero                     0x1  ZDSecMgr.o [1]
  .bss               zero                     0x1  ZGlobals.o [1]
  .bss               zero                     0x1  ZGlobals.o [1]
  .bss               zero                     0x1  ZGlobals.o [1]
  .bss               zero                     0x1  ZGlobals.o [1]
  .bss               zero                     0x1  ZGlobals.o [1]
  .bss               zero                     0x1  ZGlobals.o [1]
  .bss               zero                     0x1  ZGlobals.o [1]
  .bss               zero                     0x1  ZGlobals.o [1]
  .bss               zero                     0x1  ZGlobals.o [1]
  .bss               zero                     0x1  zmac_cb.o [1]
  .bss               zero                     0x1  nwk_util.o [3]
  .bss               zero                     0x1  nwk_util.o [3]
  .bss               zero                     0x1  rtg.o [3]
  .bss               zero                     0x1  rtg.o [3]
  .bss               zero                     0x1  nwk.o [3]
  .bss               zero                     0x1  bsp.o [5]
  .bss               zero                     0x1  ssp.o [3]
                                           0x2148

"P2", part 3 of 3 (*** FAILED ***):        0x2004
  .noinit            uninit                0x1800  OSAL_Memory.o [1]
  .noinit            uninit                 0x800  startup_ewarm.o [1]
  .noinit            uninit                   0x4  OSAL_Memory.o [1]
                                           0x2004


*******************************************************************************
*** INIT TABLE
***

          Address     Size
          -------     ----
Zero (__iar_zero_init3)
    1 destination range, total size 0x100:
          0x20004000  0x100



*******************************************************************************
*** MODULE SUMMARY
***

    Module                    ro code  ro data  rw data  rw data
                                                          (abs)
    ------                    -------  -------  -------  -------
C:\Texas Instruments\Z-Stack Home 1.2.0\Projects\zstack\HomeAutomation\Coordinator\CC2538\Coordinator\Obj: [1]
    AF.o                        1 684                 5
    BindingTable.o              2 236                29
    DebugTrace.o                   76
    MT.o                          258                74
    MT_AF.o                       200                 8
    MT_APP.o                      206
    MT_DEBUG.o                    194
    MT_SYS.o                    2 228       12
    MT_TASK.o                     400                 1
    MT_UART.o                     604                 9
    MT_VERSION.o                             8
    MT_ZDO.o                    3 264                 4
    OSAL.o                      1 956                 5
    OSAL_Clock.o                  776                 8
    OSAL_Coordinator.o            148       41        4
    OSAL_Memory.o                 524             6 149
    OSAL_PwrMgr.o                  24                 8
    OSAL_Timers.o                 776                 8
    OnBoard.o                     272                10
    ZDApp.o                     4 740                81
    ZDConfig.o                    228                20
    ZDNwkMgr.o                  1 532       20       55
    ZDObject.o                  5 134       88       60
    ZDProfile.o                 4 204      105       90
    ZDSecMgr.o                  2 896                55
    ZGlobals.o                    536      400       83
    ZMain.o                       656       36
    armcm3flashutil.o             438
    hal_adc.o                      56
    hal_aes.o                      92                 4
    hal_assert.o                  668                 1
    hal_ccm.o                     258
    hal_drivers.o                 152                 1
    hal_key.o                     404                 7
    hal_lcd.o                     448       24
    hal_led.o                     876                54
    hal_sleep.o                    10
    hal_sys_ctrl.o                408
    hal_systick.o                  42
    hal_uart.o                  1 366       20       45
    mac_autopend.o              1 132                 2
    mac_backoff_timer.o           368                 8
    mac_cfg.o                                8
    mac_csp_tx.o                1 456
    mac_low_level.o               104
    mac_mcu.o                   1 784                14
    mac_mem.o                     116
    mac_pib.o                     512      220       76
    mac_radio.o                   752                 4
    mac_radio_defs.o              144       36
    mac_rx.o                    2 736        4       23
    mac_rx_onoff.o                516                 2
    mac_sleep.o                   104                 1
    mac_tx.o                    1 188                 9
    nwk_globals.o                 736      232    1 671
    osal_nv.o                   4 390        8       41   12 288
    saddr.o                       166
    startup_ewarm.o                66      268    2 048
    uartstdio.o                   756       48        4
    zcl.o                       9 090      184       23
    zcl_Coordinator.o           9 104      466    4 290
    zcl_Coordinator_data.o                 347       63
    zcl_ezmode.o                  924                40
    zcl_general.o                 694                 5
    zcl_ha.o                      196       36
    zmac.o                        652                 8
    zmac_cb.o                     724       20        5
    ------------------------------------------------------------
    Total:                     79 380    2 631   15 215   12 288

command line: [2]
    ------------------------------------------------------------
    Total:

Router.a: [3]
    APS.o                       1 852                56
    APSMEDE.o                   3 300                24
    APSMEDE_CB.o                  308
    AddrMgr.o                   1 092                 8
    AssocList.o                 1 496
    NLMEDE.o                    1 280                25
    NLMEDE_CB.o                   608
    aps_frag.o                  1 596                12
    aps_groups.o                   88                 4
    aps_util.o                    552
    nwk.o                       5 960               143
    nwk_bufs.o                  1 228                 8
    nwk_util.o                  9 582                93
    reflecttrack.o                328                10
    rtg.o                       6 860                22
    ssp.o                       1 432                17
    ssp_hash.o                    690
    ------------------------------------------------------------
    Total:                     38 252               422

TIMAC-CC2538.a: [4]
    mac_beacon.o               10 236      204      456
    ------------------------------------------------------------
    Total:                     10 236      204      456

bsp.lib: [5]
    bsp.o                         180                 1
    bsp_key.o                     780                32
    io_pin_int.o                  848               144
    lcd_dogm128_6.o               228             1 024
    lcd_dogm128_6_alphabet.o               472
    lcd_srf06eb.o                 288
    ------------------------------------------------------------
    Total:                      2 324      472    1 201

dl7M_tln.a: [6]
    abort.o                         6
    exit.o                          4
    low_level_init.o                4
    memcpy.o                       12
    memset.o                       20
    strcat.o                       28
    ------------------------------------------------------------
    Total:                         74

m7M_tl.a: [7]
    ------------------------------------------------------------
    Total:

rt7M_tl.a: [8]
    ABImemclr.o                     6
    ABImemcpy_unaligned.o         118
    ABImemset.o                   102
    U64Shr.o                       30
    cexit.o                        10
    cmain.o                        26
    cstartup_M.o                   12
    data_init.o                    40
    packbits_init.o               212
    strcpy_unaligned.o             68
    strlen.o                       54
    zero_init3.o                   34
    ------------------------------------------------------------
    Total:                        712

sdriverlib.lib: [9]
    aes.o                         492                20
    ccm.o                         944
    cpu.o                          16
    flash.o                        56
    gpio.o                        448
    interrupt.o                   592               256
    ioc.o                         740
    ssi.o                         138
    sys_ctrl.o                    556
    systick.o                      52
    uart.o                        242
    ------------------------------------------------------------
    Total:                      4 276               276

shb_l.a: [10]
    exit.o                         20
    ------------------------------------------------------------
    Total:                         20

    Linker created                         268
----------------------------------------------------------------
    Grand Total:              135 274    3 575   17 570   12 288


*******************************************************************************
*** ENTRY LIST
***

Entry                      Address    Size  Type      Object
-----                      -------    ----  ----      ------
?main                   0x00221871          Code  Gb  cmain.o [8]
ADC_DELAY               0x000020ce     0x2  Data  Gb  zcl_Coordinator.o [1]
AESECBCheckResult       0x0021eb61    0x16  Code  Gb  aes.o [9]
AESECBGetResult         0x0021eb77    0x5a  Code  Gb  aes.o [9]
AESECBStart             0x0021ead9    0x88  Code  Gb  aes.o [9]
AESLoadKey              0x0021ea09    0xce  Code  Gb  aes.o [9]
AF_DataRequest          0x00218611   0x208  Code  Gb  AF.o [1]
AF_DataRequestDiscoverRoute
                        0x0000022c     0x1  Data  Gb  AF.o [1]
AIB_MaxBindingTime      0x00000158     0x2  Data  Gb  APS.o [3]
AIB_apsTrustCenterAddress
                        0x0000015c     0x4  Data  Gb  APS.o [3]
AIB_apsUseExtendedPANID
                        0x00000168     0x8  Data  Gb  APS.o [3]
AIB_apsUseInsecureJoin  0x00000156     0x1  Data  Gb  APS.o [3]
APSDE_DataCnf           0x002197b5     0xa  Code  Gb  APSMEDE_CB.o [3]
APSDE_DataConfirm       0x0021979d    0x18  Code  Gb  APSMEDE_CB.o [3]
APSDE_DataIndication    0x002197bf    0xa0  Code  Gb  APSMEDE_CB.o [3]
APSDE_DataReq           0x00218971   0x1da  Code  Gb  APSMEDE.o [3]
APSDE_DataReqMTU        0x00218b4b    0x28  Code  Gb  APSMEDE.o [3]
APSDE_FrameAlloc        0x0021929d   0x114  Code  Gb  APSMEDE.o [3]
APSDE_FrameHdrSet       0x0021906d    0xee  Code  Gb  APSMEDE.o [3]
APSDE_FrameSend         0x002193c1    0x42  Code  Gb  APSMEDE.o [3]
APSDE_ParseMsg          0x002198d1   0x102  Code  Gb  aps_util.o [3]
APSF_AllocRxObj         0x002094d9    0xf6  Code  Lc  aps_frag.o [3]
APSF_FindObj            0x002091cb    0x2a  Code  Lc  aps_frag.o [3]
APSF_FreeObj            0x002091f5    0x28  Code  Lc  aps_frag.o [3]
APSF_IncomingData       0x002095cf   0x136  Code  Lc  aps_frag.o [3]
APSF_Init               0x002091a5    0x26  Code  Gb  aps_frag.o [3]
APSF_ObjList            0x000001e0     0x4  Data  Lc  aps_frag.o [3]
APSF_ProcessAck         0x00209455    0x84  Code  Gb  aps_frag.o [3]
APSF_ProcessEvent       0x0020970f    0xb0  Code  Gb  aps_frag.o [3]
APSF_SendFragmented     0x0020921d   0x134  Code  Gb  aps_frag.o [3]
APSF_SendOsalMsg        0x00209705     0xa  Code  Gb  aps_frag.o [3]
APSF_TxNextFrame        0x00209351   0x102  Code  Lc  aps_frag.o [3]
APSF_taskID             0x000001dc     0x1  Data  Gb  aps_frag.o [3]
APSME_BindRequest       0x00218b73    0x26  Code  Gb  APSMEDE.o [3]
APSME_CmdPkt            0x00219255    0x3e  Code  Gb  APSMEDE.o [3]
APSME_CmdPktCM_CD       0x002191f9    0x5c  Code  Gb  APSMEDE.o [3]
APSME_CmdPktHook        0x00001e20     0x4  Data  Gb  APSMEDE.o [3]
APSME_FrameSecApplyCM   0x00218ffd    0x6c  Code  Gb  APSMEDE.o [3]
APSME_FrameSecApplyExtCM
                        0x00219069     0x4  Code  Gb  APSMEDE.o [3]
APSME_FrameSecApplyExtHook
                        0x00001e18     0x4  Data  Gb  APSMEDE.o [3]
APSME_FrameSecApplyHook
                        0x00001e14     0x4  Data  Gb  APSMEDE.o [3]
APSME_FrameSecKeySetup  0x00218e87    0x76  Code  Gb  APSMEDE.o [3]
APSME_FrameSecKeySync   0x00218e25    0x62  Code  Gb  APSMEDE.o [3]
APSME_FrameSecRemoveCM  0x00218f81    0x7c  Code  Gb  APSMEDE.o [3]
APSME_FrameSecRemoveHook
                        0x00001e1c     0x4  Data  Gb  APSMEDE.o [3]
APSME_FrameSecSetupCM   0x00218efd    0x84  Code  Gb  APSMEDE.o [3]
APSME_FrameSecSetupHook
                        0x00001e10     0x4  Data  Gb  APSMEDE.o [3]
APSME_FrameSecurityRemove
                        0x00219409    0x20  Code  Gb  APSMEDE.o [3]
APSME_FrameTunnel       0x0021915b    0x98  Code  Gb  APSMEDE.o [3]
APSME_GetRequest        0x00218bad    0x5a  Code  Gb  APSMEDE.o [3]
APSME_HoldDataRequests  0x002090cb    0x2a  Code  Gb  APS.o [3]
APSME_IsDefaultTCLK     0x0021b845    0x10  Code  Gb  ZDSecMgr.o [1]
APSME_IsDistributedSecurity
                        0x00219625     0xc  Code  Gb  APSMEDE.o [3]
APSME_LinkKeyLoad       0x00218da7    0x7e  Code  Gb  APSMEDE.o [3]
APSME_LinkKeyNVIdGet    0x0021b54d    0x2a  Code  Gb  ZDSecMgr.o [1]
APSME_LinkKeySync       0x00218cff    0x5e  Code  Gb  APSMEDE.o [3]
APSME_LookupExtAddr     0x00218c31    0x3e  Code  Gb  APSMEDE.o [3]
APSME_LookupNwkAddr     0x00218c6f    0x2e  Code  Gb  APSMEDE.o [3]
APSME_NwkKeyLoad        0x00218d5d    0x4a  Code  Gb  APSMEDE.o [3]
APSME_NwkKeySync        0x00218cd5    0x2a  Code  Gb  APSMEDE.o [3]
APSME_RemoveDeviceReq   0x002195a9    0x52  Code  Gb  APSMEDE.o [3]
APSME_RequestKeyInd     0x0021988b    0x2c  Code  Gb  APSMEDE_CB.o [3]
APSME_SecurityCM_CD     0x00219609    0x18  Code  Gb  APSMEDE.o [3]
APSME_SetRequest        0x00218c07    0x2a  Code  Gb  APSMEDE.o [3]
APSME_TCLinkKeyInit     0x0021b57d    0xb6  Code  Gb  ZDSecMgr.o [1]
APSME_TCLinkKeyLoad     0x0021b745    0xf4  Code  Gb  ZDSecMgr.o [1]
APSME_TCLinkKeySync     0x0021b633   0x10e  Code  Gb  ZDSecMgr.o [1]
APSME_TransportKeyReq   0x00219449    0xf8  Code  Gb  APSMEDE.o [3]
APSME_UnBindRequest     0x00218b99    0x14  Code  Gb  APSMEDE.o [3]
APSME_UpdateDeviceInd   0x0021985f    0x2c  Code  Gb  APSMEDE_CB.o [3]
APSME_UpdateDeviceReq   0x00219541    0x60  Code  Gb  APSMEDE.o [3]
APS_AllowDataRequests   0x00000157     0x1  Data  Gb  APS.o [3]
APS_CmdInd              0x00208bbd    0x60  Code  Gb  APS.o [3]
APS_Counter             0x00000155     0x1  Data  Gb  APS.o [3]
APS_DataConfirmReflect  0x00208cfd    0x18  Code  Lc  APS.o [3]
APS_DataIndReflect      0x00208d15   0x11c  Code  Lc  APS.o [3]
APS_GetBind             0x00208c55    0xa8  Code  Lc  APS.o [3]
APS_Init                0x00208a8d    0x30  Code  Gb  APS.o [3]
APS_IsDuplicate         0x002090f5    0x82  Code  Lc  APS.o [3]
APS_ReReflect           0x00209007    0x78  Code  Lc  APS.o [3]
APS_Reflect             0x00208e37   0x1d0  Code  Lc  APS.o [3]
APS_ReflectorInit       0x00208a69    0x24  Code  Gb  APS.o [3]
APS_SetEndDeviceBindTimeout
                        0x00208b9f    0x1e  Code  Gb  APS.o [3]
APS_TaskID              0x00000154     0x1  Data  Gb  APS.o [3]
APS_UnBind              0x00208c1d    0x38  Code  Lc  APS.o [3]
APS_event_loop          0x00208abd    0xdc  Code  Gb  APS.o [3]
AddrMgrEntryAdd         0x002168a9    0x58  Code  Lc  AddrMgr.o [3]
AddrMgrEntryAddRef      0x002169f7    0x3c  Code  Gb  AddrMgr.o [3]
AddrMgrEntryData        0x00001f6c     0x4  Data  Lc  AddrMgr.o [3]
AddrMgrEntryGet         0x00216aeb    0x46  Code  Gb  AddrMgr.o [3]
AddrMgrEntryLookupExt   0x00216a91    0x5a  Code  Gb  AddrMgr.o [3]
AddrMgrEntryLookupNwk   0x00216a33    0x5e  Code  Gb  AddrMgr.o [3]
AddrMgrEntryRelease     0x002169c3    0x34  Code  Gb  AddrMgr.o [3]
AddrMgrEntrySet         0x00216861    0x48  Code  Lc  AddrMgr.o [3]
AddrMgrEntryTotal       0x00001f68     0x2  Data  Lc  AddrMgr.o [3]
AddrMgrEntryUpdate      0x00216b31   0x124  Code  Gb  AddrMgr.o [3]
AddrMgrEntryValidate    0x0021683d    0x24  Code  Lc  AddrMgr.o [3]
AddrMgrExtAddrEqual     0x00216953    0x18  Code  Gb  AddrMgr.o [3]
AddrMgrExtAddrLookup    0x0021696b    0x28  Code  Gb  AddrMgr.o [3]
AddrMgrExtAddrSet       0x0021692b     0xe  Code  Gb  AddrMgr.o [3]
AddrMgrExtAddrValid     0x00216939    0x1a  Code  Gb  AddrMgr.o [3]
AddrMgrInit             0x00216901    0x2a  Code  Gb  AddrMgr.o [3]
AddrMgrIsFull           0x00216c55    0x28  Code  Gb  AddrMgr.o [3]
AddrMgrNwkAddrLookup    0x00216993    0x30  Code  Gb  AddrMgr.o [3]
AddrMgrWriteNVRequest   0x0020a643     0x2  Code  Gb  ZDApp.o [1]
App_TaskID              0x0000210e     0x1  Data  Gb  MT_UART.o [1]
ApsLinkKeyFrmCntr       0x00001cc8    0x24  Data  Gb  ZDSecMgr.o [1]
AssocAddNew             0x00213a71   0x12a  Code  Gb  AssocList.o [3]
AssocChangeNwkAddr      0x00213ba1    0x62  Code  Gb  AssocList.o [3]
AssocCheckDupNeighbors  0x00213ec1    0x6a  Code  Gb  AssocList.o [3]
AssocChildAging         0x00213f2b    0x62  Code  Gb  AssocList.o [3]
AssocChildTableManagement
                        0x00213fa9    0x3a  Code  Gb  AssocList.o [3]
AssocChildTableUpdateTimeout
                        0x00213f8d    0x1c  Code  Gb  AssocList.o [3]
AssocCnfFailStr         0x00221adc    0x10  Data  Gb  nwk_globals.o [1]
AssocCnfStr             0x00221bfc     0xc  Data  Gb  nwk_globals.o [1]
AssocCount              0x00213a4b    0x26  Code  Gb  AssocList.o [3]
AssocFindDevice         0x00213e97    0x2a  Code  Gb  AssocList.o [3]
AssocGetNextNode        0x00213dbd    0x6a  Code  Lc  AssocList.o [3]
AssocGetWithAddress     0x00213cf1    0x74  Code  Gb  AssocList.o [3]
AssocGetWithExt         0x00213c8f    0x62  Code  Gb  AssocList.o [3]
AssocGetWithShort       0x00213c5b    0x34  Code  Gb  AssocList.o [3]
AssocInit               0x00213a49     0x2  Code  Gb  AssocList.o [3]
AssocIsChild            0x00213c03    0x20  Code  Gb  AssocList.o [3]
AssocIsParent           0x00213c43    0x18  Code  Gb  AssocList.o [3]
AssocIsRFChild          0x00213c23    0x20  Code  Gb  AssocList.o [3]
AssocMakeList           0x00213e3d    0x48  Code  Gb  AssocList.o [3]
AssocRemove             0x00213d6b    0x52  Code  Gb  AssocList.o [3]
AssocRspFailStr         0x00221acc    0x10  Data  Gb  nwk_globals.o [1]
AssociatedDevList       0x000013a0   0x1f8  Data  Gb  nwk_globals.o [1]
BUILD_UINT32_16         0x0020f48d     0xe  Code  Gb  zcl_Coordinator.o [1]
BUILD_UINT64_16         0x0020f49b    0x46  Code  Gb  zcl_Coordinator.o [1]
BUILD_UINT64_8          0x0020f4e1    0xb0  Code  Gb  zcl_Coordinator.o [1]
BindInitNV              0x0021800d    0x2e  Code  Gb  BindingTable.o [1]
BindRestoreFromNV       0x00218055    0x46  Code  Gb  BindingTable.o [1]
BindSetDefaultNV        0x0021803d    0x16  Code  Gb  BindingTable.o [1]
BindWriteNV             0x0021809d    0x6e  Code  Gb  BindingTable.o [1]
BindingTable            0x00001b74    0x38  Data  Gb  nwk_globals.o [1]
BuzzerControl           0x00204a07     0x2  Code  Gb  OnBoard.o [1]
CCMAuthEncryptCheckResult
                        0x0022096d    0x16  Code  Gb  ccm.o [9]
CCMAuthEncryptGetResult
                        0x00220985    0x88  Code  Gb  ccm.o [9]
CCMAuthEncryptStart     0x00220851   0x11c  Code  Gb  ccm.o [9]
CCMInvAuthDecryptCheckResult
                        0x00220b21     0x2  Code  Gb  ccm.o [9]
CCMInvAuthDecryptGetResult
                        0x00220b25    0xae  Code  Gb  ccm.o [9]
CCMInvAuthDecryptStart  0x00220a0d   0x114  Code  Gb  ccm.o [9]
CPUcpsid                0x00204eb5     0x8  Code  Gb  cpu.o [9]
CPUcpsie                0x00204ebd     0x8  Code  Gb  cpu.o [9]
Coordinator_TestEp      0x000001ac    0x10  Data  Lc  zcl_Coordinator.o [1]
CskipChldrn             0x00002114     0x1  Data  Gb  nwk_globals.o [1]
CskipRtrs               0x00002113     0x1  Data  Gb  nwk_globals.o [1]
ENERGY_RESET_VALUE      0x00002008     0x4  Data  Gb  zcl_Coordinator.o [1]
EnergyLevelStr          0x00221aec    0x10  Data  Gb  nwk_globals.o [1]
FSC_Token               0x00002111     0x1  Data  Gb  MT_UART.o [1]
FailedStr               0x00221cd0     0x8  Data  Gb  nwk_globals.o [1]
FaultISR                0x0022185f     0x2  Code  Lc  startup_ewarm.o [1]
FlashCacheModeSet       0x00220c55    0x12  Code  Gb  flash.o [9]
FlashMainPageErase      0x00220c35    0x10  Code  Gb  flash.o [9]
GPIODirModeSet          0x00206d9b    0x28  Code  Gb  gpio.o [9]
GPIOGetIntNumber        0x00206d6d    0x2e  Code  Gb  gpio.o [9]
GPIOIntTypeSet          0x00206dc3    0x38  Code  Gb  gpio.o [9]
GPIOIntWakeupDisable    0x00206f09     0xc  Code  Gb  gpio.o [9]
GPIOIntWakeupEnable     0x00206eff     0xa  Code  Gb  gpio.o [9]
GPIOPinIntClear         0x00206e25     0x6  Code  Gb  gpio.o [9]
GPIOPinIntDisable       0x00206e07     0xe  Code  Gb  gpio.o [9]
GPIOPinIntEnable        0x00206dfb     0xc  Code  Gb  gpio.o [9]
GPIOPinIntStatus        0x00206e15    0x10  Code  Gb  gpio.o [9]
GPIOPinRead             0x00206e45     0x6  Code  Gb  gpio.o [9]
GPIOPinTypeGPIOInput    0x00206e51     0xa  Code  Gb  gpio.o [9]
GPIOPinTypeGPIOOutput   0x00206e5b     0xa  Code  Gb  gpio.o [9]
GPIOPinTypeSSI          0x00206e65     0x2  Code  Gb  gpio.o [9]
GPIOPinTypeUARTInput    0x00206e7f     0x4  Code  Gb  gpio.o [9]
GPIOPinTypeUARTOutput   0x00206e83    0x1a  Code  Gb  gpio.o [9]
GPIOPinWrite            0x00206e4b     0x6  Code  Gb  gpio.o [9]
GPIOPortIntRegister     0x00206e2b    0x1a  Code  Gb  gpio.o [9]
GPIOPowIntClear         0x00206ed3    0x22  Code  Gb  gpio.o [9]
GPIOPowIntTypeSet       0x00206e9d    0x36  Code  Gb  gpio.o [9]
GetBindingTableEntry    0x0021825d    0x4a  Code  Gb  BindingTable.o [1]
HalAdcCheckVdd          0x002202d5    0x22  Code  Gb  hal_adc.o [1]
HalAdcRead              0x002202cd     0x8  Code  Gb  hal_adc.o [1]
HalAesInit              0x0020f775    0x1a  Code  Gb  hal_aes.o [1]
HalDriverInit           0x00204e23    0x18  Code  Gb  hal_drivers.o [1]
HalKeyConfig            0x00207087    0x6a  Code  Gb  hal_key.o [1]
HalKeyInit              0x00206ffd     0xe  Code  Gb  hal_key.o [1]
HalKeyPoll              0x00207111    0x3c  Code  Gb  hal_key.o [1]
HalKeyRead              0x002070f1    0x20  Code  Gb  hal_key.o [1]
HalLcdInit              0x0020f7d1     0xe  Code  Gb  hal_lcd.o [1]
HalLcdWriteScreen       0x0020f81b    0x18  Code  Gb  hal_lcd.o [1]
HalLcdWriteString       0x0020f7df    0x18  Code  Gb  hal_lcd.o [1]
HalLcdWriteStringValue  0x0020f833    0x5a  Code  Gb  hal_lcd.o [1]
HalLcdWriteStringValueValue
                        0x0020f88d    0xac  Code  Gb  hal_lcd.o [1]
HalLcdWriteValue        0x0020f7f7    0x24  Code  Gb  hal_lcd.o [1]
HalLcd_HW_WriteLine     0x0020f939    0x4c  Code  Gb  hal_lcd.o [1]
HalLedBlink             0x0020fa35    0xd2  Code  Gb  hal_led.o [1]
HalLedInit              0x0020f991    0x16  Code  Gb  hal_led.o [1]
HalLedOnOff             0x0020fc3f    0xa8  Code  Gb  hal_led.o [1]
HalLedSet               0x0020f9a7    0x8e  Code  Gb  hal_led.o [1]
HalLedState             0x000020ea     0x1  Data  Lc  hal_led.o [1]
HalLedStatusControl     0x00001be4    0x34  Data  Lc  hal_led.o [1]
HalLedUpdate            0x0020fb07   0x138  Code  Gb  hal_led.o [1]
HalUARTClose            0x00210207     0xe  Code  Gb  hal_uart.o [1]
HalUARTCloseIsr         0x0020ff5b    0x28  Code  Gb  hal_uart.o [1]
HalUARTInit             0x002101e5     0x8  Code  Gb  hal_uart.o [1]
HalUARTInitIsr          0x0020fcfd    0x3e  Code  Gb  hal_uart.o [1]
HalUARTOpen             0x002101ed    0x12  Code  Gb  hal_uart.o [1]
HalUARTOpenIsr          0x0020fd3b   0x15c  Code  Gb  hal_uart.o [1]
HalUARTPoll             0x002101ff     0x8  Code  Gb  hal_uart.o [1]
HalUARTPollIsr          0x0020fe97    0xc4  Code  Gb  hal_uart.o [1]
HalUARTRead             0x00210215    0x18  Code  Gb  hal_uart.o [1]
HalUARTReadIsr          0x0020ff83    0x70  Code  Gb  hal_uart.o [1]
HalUARTWrite            0x0021022d    0x18  Code  Gb  hal_uart.o [1]
HalUARTWriteIsr         0x0020fff3    0xc8  Code  Gb  hal_uart.o [1]
Hal_Init                0x00204e1d     0x6  Code  Gb  hal_drivers.o [1]
Hal_KeyIntEnable        0x000020e9     0x1  Data  Gb  hal_key.o [1]
Hal_ProcessEvent        0x00204e3b    0x6a  Code  Gb  hal_drivers.o [1]
Hal_ProcessPoll         0x00204ead     0x8  Code  Gb  hal_drivers.o [1]
Hal_TaskID              0x000020e6     0x1  Data  Gb  hal_drivers.o [1]
Hal_UART_RxBufLen       0x00210245     0xe  Code  Gb  hal_uart.o [1]
Hal_UART_RxBufLenIsr    0x002100bb    0x22  Code  Gb  hal_uart.o [1]
IOCPadConfigSet         0x0021324b    0x68  Code  Gb  ioc.o [9]
IOCPinConfigPeriphInput
[...]
txCsmaPrep              0x00204085    0x2c  Code  Lc  mac_tx.o [1]
txGo                    0x002040df    0x36  Code  Lc  mac_tx.o [1]
txGreenPowerPrep        0x002040b1    0x2e  Code  Lc  mac_tx.o [1]
txMT                    0x000020ec     0x1  Data  Lc  hal_uart.o [1]
txRetransmitFlag        0x0000210a     0x1  Data  Lc  mac_tx.o [1]
txSeqn                  0x00002108     0x1  Data  Lc  mac_tx.o [1]
uartRecord              0x00001c4c    0x2c  Data  Lc  hal_uart.o [1]
ui8BspKeyMode           0x00001d08     0x4  Data  Lc  bsp_key.o [5]
ui8PortAPinHasIsr       0x00001970     0x4  Data  Lc  io_pin_int.o [5]
ui8PortBPinHasIsr       0x00001974     0x4  Data  Lc  io_pin_int.o [5]
ui8PortCPinHasIsr       0x00001978     0x4  Data  Lc  io_pin_int.o [5]
ui8PortDPinHasIsr       0x0000197c     0x4  Data  Lc  io_pin_int.o [5]
updateRolloverflag      0x000020f0     0x1  Data  Lc  mac_mcu.o [1]
writeBuf                0x0021c513   0x16c  Code  Lc  osal_nv.o [1]
writeItem               0x0021c835   0x182  Code  Lc  osal_nv.o [1]
xferBuf                 0x0021c67f   0x1b6  Code  Lc  osal_nv.o [1]
zclAnalogDataType       0x0020c285    0x26  Code  Gb  zcl.o [1]
zclAuthorizeRead        0x0020c535    0x2c  Code  Lc  zcl.o [1]
zclAuthorizeWrite       0x0020c647    0x2c  Code  Lc  zcl.o [1]
zclBuildHdr             0x0020bf07    0x60  Code  Lc  zcl.o [1]
zclCalcHdrSize          0x0020bf67    0x14  Code  Lc  zcl.o [1]
zclCmdTable             0x00221624    0xb8  Data  Lc  zcl.o [1]
zclCoordinatorSeqNum    0x0000211b     0x1  Data  Gb  zcl_Coordinator.o [1]
zclCoordinator_Attrs    0x00221290   0x108  Data  Gb  zcl_Coordinator_data.o [1]
zclCoordinator_BasicResetCB
                        0x0020e83f    0x14  Code  Lc  zcl_Coordinator.o [1]
zclCoordinator_CmdCallbacks
                        0x00000124    0x30  Data  Lc  zcl_Coordinator.o [1]
zclCoordinator_ControlSequenceOfOperation
                        0x00000236     0x1  Data  Gb  zcl_Coordinator_data.o [1]
zclCoordinator_CoolingDemand
                        0x00000235     0x1  Data  Gb  zcl_Coordinator_data.o [1]
zclCoordinator_DateCode
                        0x00221a3c    0x14  Data  Gb  zcl_Coordinator_data.o [1]
zclCoordinator_DeviceEnable
                        0x00000233     0x1  Data  Gb  zcl_Coordinator_data.o [1]
zclCoordinator_DstAddr  0x00001ebc     0xc  Data  Gb  zcl_Coordinator.o [1]
zclCoordinator_EZModeCB
                        0x0020f5b9    0xe2  Code  Lc  zcl_Coordinator.o [1]
zclCoordinator_HWRevision
                        0x002218c7     0x1  Data  Gb  zcl_Coordinator_data.o [1]
zclCoordinator_HandleKeys
                        0x0020dfb5   0x27c  Code  Lc  zcl_Coordinator.o [1]
zclCoordinator_HeatingDemand
                        0x00000234     0x1  Data  Gb  zcl_Coordinator_data.o [1]
zclCoordinator_IdentifyCB
                        0x0020e853    0x12  Code  Lc  zcl_Coordinator.o [1]
zclCoordinator_IdentifyQueryRspCB
                        0x0020e8a5    0x12  Code  Lc  zcl_Coordinator.o [1]
zclCoordinator_IdentifyTime
                        0x000020d2     0x2  Data  Gb  zcl_Coordinator_data.o [1]
zclCoordinator_InClusterList
                        0x00221d28     0x8  Data  Gb  zcl_Coordinator_data.o [1]
zclCoordinator_Init     0x0020d3e5   0x23a  Code  Gb  zcl_Coordinator.o [1]
zclCoordinator_LcdDisplayCoolMode
                        0x0020e45d    0x54  Code  Gb  zcl_Coordinator.o [1]
zclCoordinator_LcdDisplayHeatMode
                        0x0020e401    0x54  Code  Gb  zcl_Coordinator.o [1]
zclCoordinator_LcdDisplayHelpMode
                        0x0020e3c9    0x22  Code  Gb  zcl_Coordinator.o [1]
zclCoordinator_LcdDisplayMainMode
                        0x0020e2f9    0xcc  Code  Gb  zcl_Coordinator.o [1]
zclCoordinator_LcdDisplayUpdate
                        0x0020e23d    0xb8  Code  Gb  zcl_Coordinator.o [1]
zclCoordinator_LocalTemperature
                        0x000020d4     0x2  Data  Gb  zcl_Coordinator_data.o [1]
zclCoordinator_LocationDescription
                        0x00000170    0x14  Data  Gb  zcl_Coordinator_data.o [1]
zclCoordinator_ManufacturerName
                        0x00221a14    0x14  Data  Gb  zcl_Coordinator_data.o [1]
zclCoordinator_MaxCoolSetpointLimit
                        0x0000020c     0x2  Data  Gb  zcl_Coordinator_data.o [1]
zclCoordinator_MaxHeatSetpointLimit
                        0x00000208     0x2  Data  Gb  zcl_Coordinator_data.o [1]
zclCoordinator_MinCoolSetpointLimit
                        0x0000020a     0x2  Data  Gb  zcl_Coordinator_data.o [1]
zclCoordinator_MinHeatSetpointLimit
                        0x00000206     0x2  Data  Gb  zcl_Coordinator_data.o [1]
zclCoordinator_ModelId  0x00221a28    0x14  Data  Gb  zcl_Coordinator_data.o [1]
zclCoordinator_NetDiscov
                        0x0020f0cd    0xba  Code  Lc  zcl_Coordinator.o [1]
zclCoordinator_NwkState
                        0x00000232     0x1  Data  Gb  zcl_Coordinator.o [1]
zclCoordinator_OccupiedCoolingSetpoint
                        0x00000210     0x2  Data  Gb  zcl_Coordinator_data.o [1]
zclCoordinator_OccupiedHeatingSetpoint
                        0x0000020e     0x2  Data  Gb  zcl_Coordinator_data.o [1]
zclCoordinator_OnOff    0x00002120     0x1  Data  Gb  zcl_Coordinator_data.o [1]
zclCoordinator_OutClusterList
                        0x00221c5c     0xc  Data  Gb  zcl_Coordinator_data.o [1]
zclCoordinator_PhysicalEnvironment
                        0x0000211f     0x1  Data  Gb  zcl_Coordinator_data.o [1]
zclCoordinator_PowerSource
                        0x00221c97     0x1  Data  Gb  zcl_Coordinator_data.o [1]
zclCoordinator_ProcessAppMsg
                        0x0020e529   0x128  Code  Lc  zcl_Coordinator.o [1]
zclCoordinator_ProcessFoundationMsg
                        0x0020e651   0x1ee  Code  Lc  zcl_Coordinator.o [1]
zclCoordinator_ProcessIdentifyTimeChange
                        0x0020e4b1    0x56  Code  Lc  zcl_Coordinator.o [1]
zclCoordinator_ProcessInReportCmd
                        0x0020e903   0x4a2  Code  Lc  zcl_Coordinator.o [1]
zclCoordinator_ProcessIncomingMsg
                        0x0020e8b7    0x4c  Code  Lc  zcl_Coordinator.o [1]
zclCoordinator_ProcessZDOMsgs
                        0x0020f591    0x28  Code  Lc  zcl_Coordinator.o [1]
zclCoordinator_RegisterEZModeData
                        0x00221b6c    0x10  Data  Lc  zcl_Coordinator.o [1]
zclCoordinator_SendAck  0x0020f199    0xde  Code  Lc  zcl_Coordinator.o [1]
zclCoordinator_SendData
                        0x0020eef1    0x5a  Code  Lc  zcl_Coordinator.o [1]
zclCoordinator_SendParam
                        0x0020eda9    0x5a  Code  Lc  zcl_Coordinator.o [1]
zclCoordinator_SendRelay
                        0x0020efdd    0x66  Code  Lc  zcl_Coordinator.o [1]
zclCoordinator_SendReset
                        0x0020ef51    0x88  Code  Lc  zcl_Coordinator.o [1]
zclCoordinator_SendRestart
                        0x0020f04d    0x66  Code  Lc  zcl_Coordinator.o [1]
zclCoordinator_SetParam
                        0x0020ee11    0xd8  Code  Lc  zcl_Coordinator.o [1]
zclCoordinator_SimpleDesc
                        0x00000184    0x14  Data  Gb  zcl_Coordinator_data.o [1]
zclCoordinator_SmartMeterParamCompare
                        0x0020f3ed    0x40  Code  Gb  zcl_Coordinator.o [1]
zclCoordinator_SystemMode
                        0x00002121     0x1  Data  Gb  zcl_Coordinator_data.o [1]
zclCoordinator_TaskID   0x0000211a     0x1  Data  Gb  zcl_Coordinator.o [1]
zclCoordinator_ZCLVersion
                        0x00221c96     0x1  Data  Gb  zcl_Coordinator_data.o [1]
zclCoordinator_controlRegInit
                        0x0020f321    0x86  Code  Lc  zcl_Coordinator.o [1]
zclCoordinator_dataRegInit
                        0x0020f42d    0x24  Code  Lc  zcl_Coordinator.o [1]
zclCoordinator_event_loop
                        0x0020d61f   0x95c  Code  Gb  zcl_Coordinator.o [1]
zclCoordinator_nvReadParam
                        0x0020f3a7    0x24  Code  Lc  zcl_Coordinator.o [1]
zclCoordinator_nvWriteParam
                        0x0020f3cb    0x22  Code  Lc  zcl_Coordinator.o [1]
zclCoordinator_parameterInit
                        0x0020f27d    0xa0  Code  Lc  zcl_Coordinator.o [1]
zclEZModeErr            0x00002123     0x1  Data  Gb  zcl_ezmode.o [1]
zclEZModeInvokeData     0x00001e58    0x10  Data  Gb  zcl_ezmode.o [1]
zclEZModeMatched        0x00002126     0x1  Data  Gb  zcl_ezmode.o [1]
zclEZModeOpener         0x00002125     0x1  Data  Gb  zcl_ezmode.o [1]
zclEZModeQueryRspEP     0x00002127     0x1  Data  Gb  zcl_ezmode.o [1]
zclEZModeQueryRspNwkAddr
                        0x000020d6     0x2  Data  Gb  zcl_ezmode.o [1]
zclEZModeRegisterData   0x00001e48    0x10  Data  Gb  zcl_ezmode.o [1]
zclEZModeRegistered     0x00002122     0x1  Data  Gb  zcl_ezmode.o [1]
zclEZModeState          0x00002124     0x1  Data  Gb  zcl_ezmode.o [1]
zclFindAttrRec          0x0020bfc3    0x78  Code  Gb  zcl.o [1]
zclFindAttrRecsList     0x0020bfa3    0x20  Code  Lc  zcl.o [1]
zclFindClusterOption    0x0020c06f    0x4a  Code  Lc  zcl.o [1]
zclFindPlugin           0x0020bf7b    0x28  Code  Lc  zcl.o [1]
zclGenCBs               0x00002028     0x4  Data  Lc  zcl_general.o [1]
zclGenPluginRegisted    0x00002128     0x1  Data  Lc  zcl_general.o [1]
zclGeneral_FindCallbacks
                        0x0021e05b    0x20  Code  Lc  zcl_general.o [1]
zclGeneral_HdlInSpecificCommands
                        0x0021e0b9    0x56  Code  Lc  zcl_general.o [1]
zclGeneral_HdlIncoming  0x0021e085    0x34  Code  Lc  zcl_general.o [1]
zclGeneral_ProcessInBasic
                        0x0021e10f    0x28  Code  Lc  zcl_general.o [1]
zclGeneral_ProcessInIdentity
                        0x0021e137    0xfa  Code  Lc  zcl_general.o [1]
zclGeneral_ProcessInOnOff
                        0x0021e231    0x32  Code  Lc  zcl_general.o [1]
zclGeneral_RegisterCmdCallbacks
                        0x0021dfad    0x5c  Code  Gb  zcl_general.o [1]
zclGeneral_SendIdentifyQueryResponse
                        0x0021e009    0x52  Code  Gb  zcl_general.o [1]
zclGetAttrDataLength    0x0020c3e7    0x46  Code  Gb  zcl.o [1]
zclGetAttrDataLengthUsingCB
                        0x0020c4b7    0x38  Code  Lc  zcl.o [1]
zclGetAuthorizeCB       0x0020c055    0x1a  Code  Lc  zcl.o [1]
zclGetClusterOption     0x0020c0b9    0x26  Code  Lc  zcl.o [1]
zclGetDataTypeLength    0x0020c309    0xde  Code  Gb  zcl.o [1]
zclGetReadWriteCB       0x0020c03b    0x1a  Code  Lc  zcl.o [1]
zclHA_Init              0x0021dee9    0x26  Code  Gb  zcl_ha.o [1]
zclHA_LcdStatusLine1    0x0021df49    0x56  Code  Gb  zcl_ha.o [1]
zclHA_uint16toa         0x0021df0f    0x3a  Code  Gb  zcl_ha.o [1]
zclIsLittleEndianMachine
                        0x0020c2ab    0x10  Code  Lc  zcl.o [1]
zclParseHdr             0x0020be89    0x7e  Code  Gb  zcl.o [1]
zclParseInConfigReportCmd
                        0x0020c93d   0x1a0  Code  Gb  zcl.o [1]
zclParseInConfigReportRspCmd
                        0x0020cadd    0x62  Code  Lc  zcl.o [1]
zclParseInDefaultRspCmd
                        0x0020ce47    0x20  Code  Lc  zcl.o [1]
zclParseInReadCmd       0x0020c673    0x46  Code  Gb  zcl.o [1]
zclParseInReadReportCfgCmd
                        0x0020cb3f    0x56  Code  Gb  zcl.o [1]
zclParseInReadReportCfgRspCmd
                        0x0020cb95   0x1b4  Code  Lc  zcl.o [1]
zclParseInReadRspCmd    0x0020c6b9   0x128  Code  Lc  zcl.o [1]
zclParseInReportCmd     0x0020cd49    0xfe  Code  Gb  zcl.o [1]
zclParseInWriteCmd      0x0020c7e1    0xfe  Code  Gb  zcl.o [1]
zclParseInWriteRspCmd   0x0020c8df    0x5e  Code  Lc  zcl.o [1]
zclProcessInReadCmd     0x0020ce67    0xea  Code  Lc  zcl.o [1]
zclProcessInWriteCmd    0x0020cf51   0x16a  Code  Lc  zcl.o [1]
zclProcessInWriteUndividedCmd
                        0x0020d131   0x2b2  Code  Lc  zcl.o [1]
zclReadAttrData         0x0020c42d    0x32  Code  Gb  zcl.o [1]
zclReadAttrDataUsingCB  0x0020c4ef    0x46  Code  Lc  zcl.o [1]
zclRevertWriteUndividedCmd
                        0x0020d0bb    0x76  Code  Lc  zcl.o [1]
zclSerializeData        0x0020c113   0x172  Code  Gb  zcl.o [1]
zclSetSecurityOption    0x0020c0df    0x34  Code  Lc  zcl.o [1]
zclWriteAttrData        0x0020c561    0x70  Code  Lc  zcl.o [1]
zclWriteAttrDataUsingCB
                        0x0020c5e9    0x5e  Code  Lc  zcl.o [1]
zcl_BuildAnalogData     0x0020c2bb    0x4e  Code  Lc  zcl.o [1]
zcl_DeviceOperational   0x0020b1eb    0x5c  Code  Lc  zcl.o [1]
zcl_EZModeAction        0x0021e2ef   0x130  Code  Gb  zcl_ezmode.o [1]
zcl_HandleExternal      0x0020b0e9    0x58  Code  Gb  zcl.o [1]
zcl_Init                0x0020b061     0x8  Code  Gb  zcl.o [1]
zcl_InvokeEZMode        0x0021e27f    0x70  Code  Gb  zcl_ezmode.o [1]
zcl_ProcessEZMode       0x0021e43f   0x19a  Code  Lc  zcl_ezmode.o [1]
zcl_ProcessMessageMSG   0x0020bb87   0x2fa  Code  Gb  zcl.o [1]
zcl_ReadAttrData        0x0020c45f    0x58  Code  Gb  zcl.o [1]
zcl_RegisterEZMode      0x0021e265    0x1a  Code  Gb  zcl_ezmode.o [1]
zcl_RegisteredMsgTaskID
                        0x00000231     0x1  Data  Gb  zcl.o [1]
zcl_SendCommand         0x0020b247   0x168  Code  Gb  zcl.o [1]
zcl_SendConfigReportCmd
                        0x0020b7d1   0x192  Code  Gb  zcl.o [1]
zcl_SendDefaultRspCmd   0x0020bb2f    0x58  Code  Gb  zcl.o [1]
zcl_SendRead            0x0020b3c5    0xba  Code  Gb  zcl.o [1]
zcl_SendReadReportCfgCmd
                        0x0020b963    0xcc  Code  Gb  zcl.o [1]
zcl_SendReadRsp         0x0020b47f   0x16e  Code  Gb  zcl.o [1]
zcl_SendReportCmd       0x0020ba2f   0x100  Code  Gb  zcl.o [1]
zcl_SendWriteRequest    0x0020b5ed   0x102  Code  Gb  zcl.o [1]
zcl_SendWriteRsp        0x0020b6ef    0xe2  Code  Gb  zcl.o [1]
zcl_SetEZModeError      0x0021e439     0x6  Code  Lc  zcl_ezmode.o [1]
zcl_SetEZModeState      0x0021e41f    0x1a  Code  Lc  zcl_ezmode.o [1]
zcl_TaskID              0x00002118     0x1  Data  Gb  zcl.o [1]
zcl_TransID             0x00002119     0x1  Data  Lc  zcl.o [1]
zcl_ValidateAttrDataCB  0x00001ff4     0x4  Data  Gb  zcl.o [1]
zcl_event_loop          0x0020b069    0x6a  Code  Gb  zcl.o [1]
zcl_getRawAFMsg         0x0020b141     0x6  Code  Gb  zcl.o [1]
zcl_registerAttrList    0x0020b197    0x54  Code  Gb  zcl.o [1]
zcl_registerForMsg      0x0020b0d3    0x16  Code  Gb  zcl.o [1]
zcl_registerPlugin      0x0020b147    0x50  Code  Gb  zcl.o [1]
zdappHoldKeys           0x0000212d     0x1  Data  Lc  ZDApp.o [1]
zdoCBFunc               0x00001d84    0x1c  Data  Gb  ZDApp.o [1]
zdoMsgCBs               0x00002054     0x4  Data  Gb  ZDProfile.o [1]
zdoSendStateChangeMsg   0x00219bbb    0x46  Code  Lc  ZDObject.o [1]
zdpMsgProcs             0x0022176c    0x68  Data  Gb  ZDProfile.o [1]
zdpProcessAddrReq       0x0021d357   0x268  Code  Gb  ZDProfile.o [1]
zgApsAckWaitMultiplier  0x0000024b     0x1  Data  Gb  ZGlobals.o [1]
zgApsAllowR19Sec        0x0000213e     0x1  Data  Gb  ZGlobals.o [1]
zgApsDefaultMaxBindingTime
                        0x0000021e     0x2  Data  Gb  ZGlobals.o [1]
zgApsLinkKeyType        0x0000024f     0x1  Data  Gb  ZGlobals.o [1]
zgApsMinDupRejTableSize
                        0x00000224     0x2  Data  Gb  ZGlobals.o [1]
zgApsNonMemberRadius    0x0000024d     0x1  Data  Gb  ZGlobals.o [1]
zgApsTrustCenterAddr    0x00001f50     0x8  Data  Gb  ZGlobals.o [1]
zgApsUseExtendedPANID   0x00001f60     0x8  Data  Gb  ZGlobals.o [1]
zgApsUseInsecureJoin    0x0000024c     0x1  Data  Gb  ZGlobals.o [1]
zgApscAckWaitDurationPolled
                        0x0000021c     0x2  Data  Gb  ZGlobals.o [1]
zgApscDupRejTimeoutCount
                        0x0000024e     0x1  Data  Gb  ZGlobals.o [1]
zgApscDupRejTimeoutInc  0x00000222     0x2  Data  Gb  ZGlobals.o [1]
zgApscMaxFrameRetries   0x0000024a     0x1  Data  Gb  ZGlobals.o [1]
zgBcastDeliveryTime     0x00000245     0x1  Data  Gb  ZGlobals.o [1]
zgChildAgingEnable      0x0000213b     0x1  Data  Gb  ZGlobals.o [1]
zgConcentratorDiscoveryTime
                        0x00002138     0x1  Data  Gb  ZGlobals.o [1]
zgConcentratorEnable    0x00002137     0x1  Data  Gb  ZGlobals.o [1]
zgConcentratorRC        0x00002139     0x1  Data  Gb  ZGlobals.o [1]
zgConcentratorRadius    0x00000247     0x1  Data  Gb  ZGlobals.o [1]
zgConfigPANID           0x00000226     0x2  Data  Gb  ZGlobals.o [1]
zgDefaultChannelList    0x000001fc     0x4  Data  Gb  ZGlobals.o [1]
zgDefaultStartingScanDuration
                        0x0000023c     0x1  Data  Gb  ZGlobals.o [1]
zgDeviceLogicalType     0x0000213f     0x1  Data  Gb  ZGlobals.o [1]
zgExtendedPANID         0x00001f58     0x8  Data  Gb  ZGlobals.o [1]
zgIndirectMsgTimeout    0x0000023e     0x1  Data  Gb  ZGlobals.o [1]
zgInit                  0x0021bab3    0x42  Code  Gb  ZGlobals.o [1]
zgInitItems             0x0021baf5    0x52  Code  Gb  ZGlobals.o [1]
zgItemInit              0x0021ba59    0x5a  Code  Lc  ZGlobals.o [1]
zgItemTable             0x00221100   0x190  Data  Lc  ZGlobals.o [1]
zgMaxBcastRetires       0x00000243     0x1  Data  Gb  ZGlobals.o [1]
zgMaxDataRetries        0x0000023a     0x1  Data  Gb  ZGlobals.o [1]
zgMaxPollFailureRetries
                        0x0000023b     0x1  Data  Gb  ZGlobals.o [1]
zgNwkCommissionedNwkAddr
                        0x00000220     0x2  Data  Gb  ZGlobals.o [1]
zgNwkLeaveRequestAllowed
                        0x00000249     0x1  Data  Gb  ZGlobals.o [1]
zgNwkMgrMinTransmissions
                        0x00000251     0x1  Data  Gb  ZGlobals.o [1]
zgNwkMgrMode            0x00000252     0x1  Data  Gb  ZGlobals.o [1]
zgNwkMode               0x00000246     0x1  Data  Gb  ZGlobals.o [1]
zgNwkSrcRtgExpiryTime   0x00000248     0x1  Data  Gb  ZGlobals.o [1]
zgPassiveAckTimeout     0x00000244     0x1  Data  Gb  ZGlobals.o [1]
zgPollRate              0x00000214     0x2  Data  Gb  ZGlobals.o [1]
zgPreConfigKeys         0x0000213c     0x1  Data  Gb  ZGlobals.o [1]
zgPreconfigKeyInit      0x0021bc15    0x48  Code  Lc  ZGlobals.o [1]
zgQueuedPollRate        0x00000216     0x2  Data  Gb  ZGlobals.o [1]
zgReadStartupOptions    0x0021bb47    0x28  Code  Gb  ZGlobals.o [1]
zgRejoinPollRate        0x0000021a     0x2  Data  Gb  ZGlobals.o [1]
zgResponsePollRate      0x00000218     0x2  Data  Gb  ZGlobals.o [1]
zgRouteDiscoveryTime    0x00000241     0x1  Data  Gb  ZGlobals.o [1]
zgRouteExpiryTime       0x00000242     0x1  Data  Gb  ZGlobals.o [1]
zgRouterOffAssocCleanup
                        0x0000213a     0x1  Data  Gb  ZGlobals.o [1]
zgSapiEndpoint          0x00000253     0x1  Data  Gb  ZGlobals.o [1]
zgSecurePermitJoin      0x00000240     0x1  Data  Gb  ZGlobals.o [1]
zgSecurityMode          0x0000023f     0x1  Data  Gb  ZGlobals.o [1]
zgSetItem               0x0021bbc5    0x50  Code  Gb  ZGlobals.o [1]
zgStackProfile          0x0000023d     0x1  Data  Gb  ZGlobals.o [1]
zgStartDelay            0x00000250     0x1  Data  Gb  ZGlobals.o [1]
zgUseDefaultTCLK        0x0000213d     0x1  Data  Gb  ZGlobals.o [1]
zgWriteStartupOptions   0x0021bb6f    0x56  Code  Gb  ZGlobals.o [1]
zmacCBSizeTable         0x00221a64    0x14  Data  Gb  zmac_cb.o [1]
zmain_dev_info          0x00220e4d    0x70  Code  Lc  ZMain.o [1]
zmain_ext_addr          0x00220d45   0x108  Code  Lc  ZMain.o [1]
zmain_lcd_init          0x00220ebd     0xc  Code  Lc  ZMain.o [1]


[1] = C:\Texas Instruments\Z-Stack Home 1.2.0\Projects\zstack\HomeAutomation\Coordinator\CC2538\Coordinator\Obj
[2] = command line
[3] = Router.a
[4] = TIMAC-CC2538.a
[5] = bsp.lib
[6] = dl7M_tln.a
[7] = m7M_tl.a
[8] = rt7M_tl.a
[9] = sdriverlib.lib
[10] = shb_l.a

  135 274 bytes of readonly  code memory
    3 575 bytes of readonly  data memory
   17 570 bytes of readwrite data memory (+ 12 288 absolute)

Errors: 1
Warnings: none
