###############################################################################
#
# IAR ELF Linker V7.20.5.7591/W32 for ARM                 27/Aug/2015  19:22:21
# Copyright 2007-2014 IAR Systems AB.
#
#    Output file  =  
#        E:\github\jay\Energy-Management-System\SmartMeter\Projects\zstack\HomeAutomation_test\Smartmeter_Xu_backup\CC2538\EndDevice\Exe\SmartMeter.out
#    Map file     =  
#        E:\github\jay\Energy-Management-System\SmartMeter\Projects\zstack\HomeAutomation_test\Smartmeter_Xu_backup\CC2538\EndDevice\List\SmartMeter.map
#    Command line =  
#        E:\github\jay\Energy-Management-System\SmartMeter\Projects\zstack\HomeAutomation_test\Smartmeter_Xu_backup\CC2538\EndDevice\Obj\AF.o
#        E:\github\jay\Energy-Management-System\SmartMeter\Projects\zstack\HomeAutomation_test\Smartmeter_Xu_backup\CC2538\EndDevice\Obj\armcm3flashutil.o
#        E:\github\jay\Energy-Management-System\SmartMeter\Projects\zstack\HomeAutomation_test\Smartmeter_Xu_backup\CC2538\EndDevice\Obj\BindingTable.o
#        E:\github\jay\Energy-Management-System\SmartMeter\Projects\zstack\HomeAutomation_test\Smartmeter_Xu_backup\CC2538\EndDevice\Obj\DebugTrace.o
#        E:\github\jay\Energy-Management-System\SmartMeter\Projects\zstack\HomeAutomation_test\Smartmeter_Xu_backup\CC2538\EndDevice\Obj\hal_adc.o
#        E:\github\jay\Energy-Management-System\SmartMeter\Projects\zstack\HomeAutomation_test\Smartmeter_Xu_backup\CC2538\EndDevice\Obj\hal_aes.o
#        E:\github\jay\Energy-Management-System\SmartMeter\Projects\zstack\HomeAutomation_test\Smartmeter_Xu_backup\CC2538\EndDevice\Obj\hal_assert.o
#        E:\github\jay\Energy-Management-System\SmartMeter\Projects\zstack\HomeAutomation_test\Smartmeter_Xu_backup\CC2538\EndDevice\Obj\hal_ccm.o
#        E:\github\jay\Energy-Management-System\SmartMeter\Projects\zstack\HomeAutomation_test\Smartmeter_Xu_backup\CC2538\EndDevice\Obj\hal_drivers.o
#        E:\github\jay\Energy-Management-System\SmartMeter\Projects\zstack\HomeAutomation_test\Smartmeter_Xu_backup\CC2538\EndDevice\Obj\hal_key.o
#        E:\github\jay\Energy-Management-System\SmartMeter\Projects\zstack\HomeAutomation_test\Smartmeter_Xu_backup\CC2538\EndDevice\Obj\hal_lcd.o
#        E:\github\jay\Energy-Management-System\SmartMeter\Projects\zstack\HomeAutomation_test\Smartmeter_Xu_backup\CC2538\EndDevice\Obj\hal_led.o
#        E:\github\jay\Energy-Management-System\SmartMeter\Projects\zstack\HomeAutomation_test\Smartmeter_Xu_backup\CC2538\EndDevice\Obj\hal_mac_cfg.o
#        E:\github\jay\Energy-Management-System\SmartMeter\Projects\zstack\HomeAutomation_test\Smartmeter_Xu_backup\CC2538\EndDevice\Obj\hal_sleep.o
#        E:\github\jay\Energy-Management-System\SmartMeter\Projects\zstack\HomeAutomation_test\Smartmeter_Xu_backup\CC2538\EndDevice\Obj\hal_sys_ctrl.o
#        E:\github\jay\Energy-Management-System\SmartMeter\Projects\zstack\HomeAutomation_test\Smartmeter_Xu_backup\CC2538\EndDevice\Obj\hal_systick.o
#        E:\github\jay\Energy-Management-System\SmartMeter\Projects\zstack\HomeAutomation_test\Smartmeter_Xu_backup\CC2538\EndDevice\Obj\hal_uart.o
#        E:\github\jay\Energy-Management-System\SmartMeter\Projects\zstack\HomeAutomation_test\Smartmeter_Xu_backup\CC2538\EndDevice\Obj\mac_autopend.o
#        E:\github\jay\Energy-Management-System\SmartMeter\Projects\zstack\HomeAutomation_test\Smartmeter_Xu_backup\CC2538\EndDevice\Obj\mac_backoff_timer.o
#        E:\github\jay\Energy-Management-System\SmartMeter\Projects\zstack\HomeAutomation_test\Smartmeter_Xu_backup\CC2538\EndDevice\Obj\mac_cfg.o
#        E:\github\jay\Energy-Management-System\SmartMeter\Projects\zstack\HomeAutomation_test\Smartmeter_Xu_backup\CC2538\EndDevice\Obj\mac_csp_tx.o
#        E:\github\jay\Energy-Management-System\SmartMeter\Projects\zstack\HomeAutomation_test\Smartmeter_Xu_backup\CC2538\EndDevice\Obj\mac_low_level.o
#        E:\github\jay\Energy-Management-System\SmartMeter\Projects\zstack\HomeAutomation_test\Smartmeter_Xu_backup\CC2538\EndDevice\Obj\mac_mcu.o
#        E:\github\jay\Energy-Management-System\SmartMeter\Projects\zstack\HomeAutomation_test\Smartmeter_Xu_backup\CC2538\EndDevice\Obj\mac_mem.o
#        E:\github\jay\Energy-Management-System\SmartMeter\Projects\zstack\HomeAutomation_test\Smartmeter_Xu_backup\CC2538\EndDevice\Obj\mac_pib.o
#        E:\github\jay\Energy-Management-System\SmartMeter\Projects\zstack\HomeAutomation_test\Smartmeter_Xu_backup\CC2538\EndDevice\Obj\mac_radio.o
#        E:\github\jay\Energy-Management-System\SmartMeter\Projects\zstack\HomeAutomation_test\Smartmeter_Xu_backup\CC2538\EndDevice\Obj\mac_radio_defs.o
#        E:\github\jay\Energy-Management-System\SmartMeter\Projects\zstack\HomeAutomation_test\Smartmeter_Xu_backup\CC2538\EndDevice\Obj\mac_rffrontend.o
#        E:\github\jay\Energy-Management-System\SmartMeter\Projects\zstack\HomeAutomation_test\Smartmeter_Xu_backup\CC2538\EndDevice\Obj\mac_rx.o
#        E:\github\jay\Energy-Management-System\SmartMeter\Projects\zstack\HomeAutomation_test\Smartmeter_Xu_backup\CC2538\EndDevice\Obj\mac_rx_onoff.o
#        E:\github\jay\Energy-Management-System\SmartMeter\Projects\zstack\HomeAutomation_test\Smartmeter_Xu_backup\CC2538\EndDevice\Obj\mac_sleep.o
#        E:\github\jay\Energy-Management-System\SmartMeter\Projects\zstack\HomeAutomation_test\Smartmeter_Xu_backup\CC2538\EndDevice\Obj\mac_tx.o
#        E:\github\jay\Energy-Management-System\SmartMeter\Projects\zstack\HomeAutomation_test\Smartmeter_Xu_backup\CC2538\EndDevice\Obj\MT.o
#        E:\github\jay\Energy-Management-System\SmartMeter\Projects\zstack\HomeAutomation_test\Smartmeter_Xu_backup\CC2538\EndDevice\Obj\MT_AF.o
#        E:\github\jay\Energy-Management-System\SmartMeter\Projects\zstack\HomeAutomation_test\Smartmeter_Xu_backup\CC2538\EndDevice\Obj\MT_APP.o
#        E:\github\jay\Energy-Management-System\SmartMeter\Projects\zstack\HomeAutomation_test\Smartmeter_Xu_backup\CC2538\EndDevice\Obj\MT_DEBUG.o
#        E:\github\jay\Energy-Management-System\SmartMeter\Projects\zstack\HomeAutomation_test\Smartmeter_Xu_backup\CC2538\EndDevice\Obj\MT_NWK.o
#        E:\github\jay\Energy-Management-System\SmartMeter\Projects\zstack\HomeAutomation_test\Smartmeter_Xu_backup\CC2538\EndDevice\Obj\MT_SYS.o
#        E:\github\jay\Energy-Management-System\SmartMeter\Projects\zstack\HomeAutomation_test\Smartmeter_Xu_backup\CC2538\EndDevice\Obj\MT_TASK.o
#        E:\github\jay\Energy-Management-System\SmartMeter\Projects\zstack\HomeAutomation_test\Smartmeter_Xu_backup\CC2538\EndDevice\Obj\MT_UART.o
#        E:\github\jay\Energy-Management-System\SmartMeter\Projects\zstack\HomeAutomation_test\Smartmeter_Xu_backup\CC2538\EndDevice\Obj\MT_UTIL.o
#        E:\github\jay\Energy-Management-System\SmartMeter\Projects\zstack\HomeAutomation_test\Smartmeter_Xu_backup\CC2538\EndDevice\Obj\MT_VERSION.o
#        E:\github\jay\Energy-Management-System\SmartMeter\Projects\zstack\HomeAutomation_test\Smartmeter_Xu_backup\CC2538\EndDevice\Obj\MT_ZDO.o
#        E:\github\jay\Energy-Management-System\SmartMeter\Projects\zstack\HomeAutomation_test\Smartmeter_Xu_backup\CC2538\EndDevice\Obj\nwk_globals.o
#        E:\github\jay\Energy-Management-System\SmartMeter\Projects\zstack\HomeAutomation_test\Smartmeter_Xu_backup\CC2538\EndDevice\Obj\OnBoard.o
#        E:\github\jay\Energy-Management-System\SmartMeter\Projects\zstack\HomeAutomation_test\Smartmeter_Xu_backup\CC2538\EndDevice\Obj\OSAL.o
#        E:\github\jay\Energy-Management-System\SmartMeter\Projects\zstack\HomeAutomation_test\Smartmeter_Xu_backup\CC2538\EndDevice\Obj\OSAL_Clock.o
#        E:\github\jay\Energy-Management-System\SmartMeter\Projects\zstack\HomeAutomation_test\Smartmeter_Xu_backup\CC2538\EndDevice\Obj\OSAL_Memory.o
#        E:\github\jay\Energy-Management-System\SmartMeter\Projects\zstack\HomeAutomation_test\Smartmeter_Xu_backup\CC2538\EndDevice\Obj\osal_nv.o
#        E:\github\jay\Energy-Management-System\SmartMeter\Projects\zstack\HomeAutomation_test\Smartmeter_Xu_backup\CC2538\EndDevice\Obj\OSAL_PwrMgr.o
#        E:\github\jay\Energy-Management-System\SmartMeter\Projects\zstack\HomeAutomation_test\Smartmeter_Xu_backup\CC2538\EndDevice\Obj\OSAL_SmartMeter.o
#        E:\github\jay\Energy-Management-System\SmartMeter\Projects\zstack\HomeAutomation_test\Smartmeter_Xu_backup\CC2538\EndDevice\Obj\OSAL_Timers.o
#        E:\github\jay\Energy-Management-System\SmartMeter\Projects\zstack\HomeAutomation_test\Smartmeter_Xu_backup\CC2538\EndDevice\Obj\saddr.o
#        E:\github\jay\Energy-Management-System\SmartMeter\Projects\zstack\HomeAutomation_test\Smartmeter_Xu_backup\CC2538\EndDevice\Obj\startup_ewarm.o
#        E:\github\jay\Energy-Management-System\SmartMeter\Projects\zstack\HomeAutomation_test\Smartmeter_Xu_backup\CC2538\EndDevice\Obj\stub_aps.o
#        E:\github\jay\Energy-Management-System\SmartMeter\Projects\zstack\HomeAutomation_test\Smartmeter_Xu_backup\CC2538\EndDevice\Obj\uartstdio.o
#        E:\github\jay\Energy-Management-System\SmartMeter\Projects\zstack\HomeAutomation_test\Smartmeter_Xu_backup\CC2538\EndDevice\Obj\zcl.o
#        E:\github\jay\Energy-Management-System\SmartMeter\Projects\zstack\HomeAutomation_test\Smartmeter_Xu_backup\CC2538\EndDevice\Obj\zcl_ezmode.o
#        E:\github\jay\Energy-Management-System\SmartMeter\Projects\zstack\HomeAutomation_test\Smartmeter_Xu_backup\CC2538\EndDevice\Obj\zcl_general.o
#        E:\github\jay\Energy-Management-System\SmartMeter\Projects\zstack\HomeAutomation_test\Smartmeter_Xu_backup\CC2538\EndDevice\Obj\zcl_ha.o
#        E:\github\jay\Energy-Management-System\SmartMeter\Projects\zstack\HomeAutomation_test\Smartmeter_Xu_backup\CC2538\EndDevice\Obj\zcl_ms.o
#        E:\github\jay\Energy-Management-System\SmartMeter\Projects\zstack\HomeAutomation_test\Smartmeter_Xu_backup\CC2538\EndDevice\Obj\zcl_SmartMeter.o
#        E:\github\jay\Energy-Management-System\SmartMeter\Projects\zstack\HomeAutomation_test\Smartmeter_Xu_backup\CC2538\EndDevice\Obj\zcl_SmartMeter_data.o
#        E:\github\jay\Energy-Management-System\SmartMeter\Projects\zstack\HomeAutomation_test\Smartmeter_Xu_backup\CC2538\EndDevice\Obj\ZDApp.o
#        E:\github\jay\Energy-Management-System\SmartMeter\Projects\zstack\HomeAutomation_test\Smartmeter_Xu_backup\CC2538\EndDevice\Obj\ZDConfig.o
#        E:\github\jay\Energy-Management-System\SmartMeter\Projects\zstack\HomeAutomation_test\Smartmeter_Xu_backup\CC2538\EndDevice\Obj\ZDNwkMgr.o
#        E:\github\jay\Energy-Management-System\SmartMeter\Projects\zstack\HomeAutomation_test\Smartmeter_Xu_backup\CC2538\EndDevice\Obj\ZDObject.o
#        E:\github\jay\Energy-Management-System\SmartMeter\Projects\zstack\HomeAutomation_test\Smartmeter_Xu_backup\CC2538\EndDevice\Obj\ZDProfile.o
#        E:\github\jay\Energy-Management-System\SmartMeter\Projects\zstack\HomeAutomation_test\Smartmeter_Xu_backup\CC2538\EndDevice\Obj\ZDSecMgr.o
#        E:\github\jay\Energy-Management-System\SmartMeter\Projects\zstack\HomeAutomation_test\Smartmeter_Xu_backup\CC2538\EndDevice\Obj\ZGlobals.o
#        E:\github\jay\Energy-Management-System\SmartMeter\Projects\zstack\HomeAutomation_test\Smartmeter_Xu_backup\CC2538\EndDevice\Obj\zmac.o
#        E:\github\jay\Energy-Management-System\SmartMeter\Projects\zstack\HomeAutomation_test\Smartmeter_Xu_backup\CC2538\EndDevice\Obj\zmac_cb.o
#        E:\github\jay\Energy-Management-System\SmartMeter\Projects\zstack\HomeAutomation_test\Smartmeter_Xu_backup\CC2538\EndDevice\Obj\ZMain.o
#        --redirect _Printf=_PrintfTiny --redirect _Scanf=_ScanfSmall -o
#        E:\github\jay\Energy-Management-System\SmartMeter\Projects\zstack\HomeAutomation_test\Smartmeter_Xu_backup\CC2538\EndDevice\Exe\SmartMeter.out
#        --map
#        E:\github\jay\Energy-Management-System\SmartMeter\Projects\zstack\HomeAutomation_test\Smartmeter_Xu_backup\CC2538\EndDevice\List\SmartMeter.map
#        --config
#        E:\github\jay\Energy-Management-System\SmartMeter\Projects\zstack\HomeAutomation_test\Smartmeter_Xu_backup\CC2538\..\..\..\Tools\CC2538DB\CC2538.icf
#        --semihosting
#        E:\github\jay\Energy-Management-System\SmartMeter\Projects\zstack\HomeAutomation_test\Smartmeter_Xu_backup\CC2538\..\..\..\Libraries\CC2538\bin\EndDevice.a
#        E:\github\jay\Energy-Management-System\SmartMeter\Projects\zstack\HomeAutomation_test\Smartmeter_Xu_backup\CC2538\..\..\..\Libraries\TIMAC\bin\TIMAC-CC2538.a
#        E:\github\jay\Energy-Management-System\SmartMeter\Projects\zstack\HomeAutomation_test\Smartmeter_Xu_backup\CC2538\..\..\..\..\..\Components\driverlib\cc2538\bin\iar\sdriverlib.lib
#        E:\github\jay\Energy-Management-System\SmartMeter\Projects\zstack\HomeAutomation_test\Smartmeter_Xu_backup\CC2538\..\..\..\..\..\Components\bsp\srf06eb_cc2538\drivers\bin\iar\bsp.lib
#        --entry __iar_program_start --vfe
#
###############################################################################

*******************************************************************************
*** RUNTIME MODEL ATTRIBUTES
***

CppFlavor       = *
__SystemLibrary = DLib


*******************************************************************************
*** PLACEMENT SUMMARY
***

"A1":  place at start of [0x00200000-0x0027c7ff] { ro section .intvec };
"A2":  place at start of [0x0027ffd4-0x0027ffdf] { ro section .cca };
"P1":  place in [from 0x00200000 to 0x0027c7ff] { ro };
"A7":  place at start of [0x20004000-0x20008fff] { section VTABLE };
"P2":  place in [from 0x20004000 to 0x20008fff] { rw, block HEAP };

  Section             Kind        Address     Size  Object
  -------             ----        -------     ----  ------
"A1":                                        0x100
  .intvec             const    0x00200000    0x100  startup_ewarm.o [1]
                             - 0x00200100    0x100

"P1":                                      0x22e38
  .text               ro code  0x00200100   0x63a4  zcl_SmartMeter.o [1]
  .text               ro code  0x002064a4    0x1c0  gpio.o [9]
  .text               ro code  0x00206664     0x64  zcl_ha.o [1]
  .text               ro code  0x002066c8    0x270  zcl_general.o [1]
  .text               ro code  0x00206938   0x1eee  zcl.o [1]
  .text               ro code  0x00208826     0x22  zero_init3.o [8]
  .text               ro code  0x00208848    0x32c  zcl_ezmode.o [1]
  .text               ro code  0x00208b74    0xf24  ZDProfile.o [1]
  .text               ro code  0x00209a98    0x10e  OnBoard.o [1]
  .text               ro code  0x00209ba6      0xa  xsprout.o [6]
  .text               ro code  0x00209bb0    0x694  AF.o [1]
  .text               ro code  0x0020a244    0x1c0  hal_lcd.o [1]
  .text               ro code  0x0020a404   0x10c4  nwk_util.o [3]
  .text               ro code  0x0020b4c8     0x22  I64Shl.o [8]
  .rodata             const    0x0020b4ea      0x2  MT_SYS.o [1]
  .text               ro code  0x0020b4ec    0x5b4  MT_UART.o [1]
  .text               ro code  0x0020baa0    0x308  OSAL_Timers.o [1]
  .text               ro code  0x0020bda8    0x7a4  OSAL.o [1]
  .text               ro code  0x0020c54c     0x32  I32ToFlt.o [7]
  .rodata             const    0x0020c57e      0x2  MT_SYS.o [1]
  .text               ro code  0x0020c580     0xfc  FltDiv.o [7]
  .text               ro code  0x0020c67c     0x24  FltToU32.o [7]
  .text               ro code  0x0020c6a0    0x304  OSAL_Clock.o [1]
  .text               ro code  0x0020c9a4     0x34  sprintf.o [6]
  .text               ro code  0x0020c9d8    0x9f6  hal_uart.o [1]
  .rodata             const    0x0020d3ce      0x2  nwk_globals.o [1]
  .text               ro code  0x0020d3d0    0x1f4  sys_ctrl.o [9]
  .text               ro code  0x0020d5c4     0x76  ABImemcpy_unaligned.o [8]
  .rodata             const    0x0020d63a      0x2  nwk_globals.o [1]
  .text               ro code  0x0020d63c      0x6  ABImemclr4.o [8]
  .rodata             const    0x0020d642      0x2  nwk_globals.o [1]
  .text               ro code  0x0020d644   0x112a  osal_nv.o [1]
  .rodata             const    0x0020e76e      0x2  nwk_globals.o [1]
  .text               ro code  0x0020e770     0x40  systick.o [9]
  .text               ro code  0x0020e7b0     0x1e  U64Shr.o [8]
  .rodata             const    0x0020e7ce      0x2  zcl_SmartMeter.o [1]
  .text               ro code  0x0020e7d0     0x5c  I64ToDbl.o [7]
  .text               ro code  0x0020e82c    0x246  DblDiv.o [7]
  .rodata             const    0x0020ea72      0x2  zcl_SmartMeter_data.o [1]
  .text               ro code  0x0020ea74     0x30  I32ToDbl.o [7]
  .text               ro code  0x0020eaa4    0x1a2  DblMul.o [7]
  .text               ro code  0x0020ec46      0x6  cos.o [7]
  .text               ro code  0x0020ec4c      0x6  sin.o [7]
  .text               ro code  0x0020ec52      0x6  log.o [7]
  .text               ro code  0x0020ec58     0x2e  DblCmpLe.o [7]
  .rodata             const    0x0020ec86      0x1  nwk_globals.o [1]
  .rodata             const    0x0020ec87      0x1  nwk_globals.o [1]
  .text               ro code  0x0020ec88     0xe8  DblAdd.o [7]
  .text               ro code  0x0020ed70     0x2e  DblCmpGe.o [7]
  .rodata             const    0x0020ed9e      0x1  nwk_globals.o [1]
  .rodata             const    0x0020ed9f      0x1  nwk_globals.o [1]
  .text               ro code  0x0020eda0    0x180  DblSub.o [7]
  .text               ro code  0x0020ef20     0xf0  sqrt.o [7]
  .text               ro code  0x0020f010     0x4e  FltToDbl.o [7]
  .rodata             const    0x0020f05e      0x1  nwk_globals.o [1]
  .rodata             const    0x0020f05f      0x1  nwk_globals.o [1]
  .text               ro code  0x0020f060     0x4c  DblToI32.o [7]
  .text               ro code  0x0020f0ac     0xcc  atan2.o [7]
  .text               ro code  0x0020f178    0x132  I64DivMod.o [8]
  .rodata             const    0x0020f2aa      0x1  nwk_globals.o [1]
  .rodata             const    0x0020f2ab      0x1  nwk_globals.o [1]
  .text               ro code  0x0020f2ac     0xd8  FltMul.o [7]
  .text               ro code  0x0020f384     0x44  FltToS32.o [7]
  .text               ro code  0x0020f3c8     0x50  adc.o [9]
  .text               ro code  0x0020f418     0xe0  rand.o [6]
  .text               ro code  0x0020f4f8    0x404  lcd_dogm128_6.o [5]
  .text               ro code  0x0020f8fc     0x90  DblToFlt.o [7]
  .text               ro code  0x0020f98c    0x36c  hal_led.o [1]
  .text               ro code  0x0020fcf8    0x204  ZGlobals.o [1]
  .text               ro code  0x0020fefc    0x8b8  MT_SYS.o [1]
  .text               ro code  0x002107b4    0x20c  OSAL_Memory.o [1]
  .text               ro code  0x002109c0    0xc94  ZDObject.o [1]
  .text               ro code  0x00211654    0x250  interrupt.o [9]
  .text               ro code  0x002118a4    0x2e4  ioc.o [9]
  .text               ro code  0x00211b88    0x420  NLMEDE.o [3]
  .text               ro code  0x00211fa8    0x8b8  BindingTable.o [1]
  .text               ro code  0x00212860   0x14dc  ZDApp.o [1]
  .text               ro code  0x00213d3c     0xa6  saddr.o [1]
  .rodata             const    0x00213de2      0x1  nwk_globals.o [1]
  .rodata             const    0x00213de3      0x1  nwk_globals.o [1]
  .text               ro code  0x00213de4    0x194  hal_key.o [1]
  .text               ro code  0x00213f78    0x6f8  mac_mcu.o [1]
  .text               ro code  0x00214670     0x58  aps_groups.o [3]
  .text               ro code  0x002146c8    0x704  rtg.o [3]
  .text               ro code  0x00214dcc    0xac8  APSMEDE.o [3]
  .text               ro code  0x00215894     0xb4  bsp.o [5]
  .text               ro code  0x00215948    0x120  lcd_srf06eb.o [5]
  .text               ro code  0x00215a68     0x4c  DebugTrace.o [1]
  .text               ro code  0x00215ab4     0x36  strlen.o [8]
  .rodata             const    0x00215aea      0x1  nwk_globals.o [1]
  .rodata             const    0x00215aeb      0x1  nwk_globals.o [1]
  .text               ro code  0x00215aec    0x424  nwk_bufs.o [3]
  .text               ro code  0x00215f10    0x230  NLMEDE_CB.o [3]
  .text               ro code  0x00216140    0x548  ssp.o [3]
  .text               ro code  0x00216688    0x214  zmac.o [1]
  .text               ro code  0x0021689c    0xb8c  nwk.o [3]
  .text               ro code  0x00217428    0x264  nwk_globals.o [1]
  .text               ro code  0x0021768c    0x41c  AddrMgr.o [3]
  .text               ro code  0x00217aa8    0x134  AssocList.o [3]
  .text               ro code  0x00217bdc     0x66  ABImemset.o [8]
  .rodata             const    0x00217c42      0x1  nwk_globals.o [1]
  .rodata             const    0x00217c43      0x1  nwk_globals.o [1]
  .text               ro code  0x00217c44      0x6  ABImemclr.o [8]
  .rodata             const    0x00217c4a      0x1  nwk_globals.o [1]
  .rodata             const    0x00217c4b      0x1  nwk_globals.o [1]
  .text               ro code  0x00217c4c     0x44  strcpy_unaligned.o [8]
  .text               ro code  0x00217c90     0x1c  strcat.o [6]
  .text               ro code  0x00217cac     0x14  OSAL_PwrMgr.o [1]
  .text               ro code  0x00217cc0     0x94  OSAL_SmartMeter.o [1]
  .text               ro code  0x00217d54     0x98  hal_drivers.o [1]
  .text               ro code  0x00217dec    0x150  xprintftiny.o [6]
  .text               ro code  0x00217f3c     0xd6  uart.o [9]
  .rodata             const    0x00218012      0x1  nwk_globals.o [1]
  .rodata             const    0x00218013      0x1  OSAL_SmartMeter.o [1]
  .text               ro code  0x00218014     0x32  ABImemset48.o [8]
  .text               ro code  0x00218046    0x1b6  armcm3flashutil.o [1]
  .text               ro code  0x002181fc     0x38  hal_adc.o [1]
  .text               ro code  0x00218234    0x42a  xsin.o [7]
  .rodata             const    0x0021865e      0x1  zcl_SmartMeter_data.o [1]
  .rodata             const    0x0021865f      0x1  zcl_SmartMeter_data.o [1]
  .text               ro code  0x00218660    0x2d8  xlog.o [7]
  .text               ro code  0x00218938      0xc  iarEdom.o [8]
  .text               ro code  0x00218944     0x32  xdtest.o [7]
  .rodata             const    0x00218976      0x1  zcl_SmartMeter_data.o [1]
  .rodata             const    0x00218977      0x1  ZDProfile.o [1]
  .text               ro code  0x00218978    0x1e0  xatan.o [7]
  .text               ro code  0x00218b58      0x2  I64DivZer.o [8]
  .text               ro code  0x00218b5a      0x2  xtls.o [6]
  .text               ro code  0x00218b5c     0x24  FltCmpGe.o [7]
  .text               ro code  0x00218b80    0xa5c  ZDSecMgr.o [1]
  .text               ro code  0x002195dc    0x102  MT.o [1]
  .text               ro code  0x002196e0    0x2f0  mac_radio.o [1]
  .text               ro code  0x002199d0    0x200  mac_pib.o [1]
  .text               ro code  0x00219bd0    0x29c  hal_assert.o [1]
  .text               ro code  0x00219e6c    0x6c8  APS.o [3]
  .text               ro code  0x0021a534     0x10  cpu.o [9]
  .text               ro code  0x0021a544     0xf8  ZDConfig.o [1]
  .text               ro code  0x0021a63c    0x30c  bsp_key.o [5]
  .text               ro code  0x0021a948    0x198  hal_sys_ctrl.o [1]
  .text               ro code  0x0021aae0    0x204  mac_rx_onoff.o [1]
  .text               ro code  0x0021ace4    0x170  mac_backoff_timer.o [1]
  .text               ro code  0x0021ae54    0x5b0  mac_csp_tx.o [1]
  .text               ro code  0x0021b404    0xad8  mac_rx.o [1]
  .text               ro code  0x0021bedc    0x144  APSMEDE_CB.o [3]
  .text               ro code  0x0021c020     0x8a  ssi.o [9]
  .text               ro code  0x0021c0ac    0x228  aps_util.o [3]
  .text               ro code  0x0021c2d4    0x2b2  ssp_hash.o [3]
  .text               ro code  0x0021c588     0x5c  hal_aes.o [1]
  .text               ro code  0x0021c5e4    0x102  hal_ccm.o [1]
  .text               ro code  0x0021c6e8   0x1dac  mac_beacon.o [4]
  .text               ro code  0x0021e494    0x46c  mac_autopend.o [1]
  .text               ro code  0x0021e900    0x174  MT_TASK.o [1]
  .text               ro code  0x0021ea74    0x63c  aps_frag.o [3]
  .text               ro code  0x0021f0b0    0x5fc  ZDNwkMgr.o [1]
  .text               ro code  0x0021f6ac     0x38  flash.o [9]
  .text               ro code  0x0021f6e4      0xc  errno.o [6]
  .text               ro code  0x0021f6f0    0x160  xquad.o [7]
  .text               ro code  0x0021f850     0x42  xdnorm.o [7]
  .text               ro code  0x0021f894    0xcc4  MT_ZDO.o [1]
  .text               ro code  0x00220558     0x74  mac_mem.o [1]
  .text               ro code  0x002205cc    0x148  reflecttrack.o [3]
  .text               ro code  0x00220714    0x350  io_pin_int.o [5]
  .text               ro code  0x00220a64    0x4b4  mac_tx.o [1]
  .text               ro code  0x00220f18    0x1ec  aes.o [9]
  .text               ro code  0x00221104    0x3b0  ccm.o [9]
  .text               ro code  0x002214b4    0x2d0  zmac_cb.o [1]
  .text               ro code  0x00221784     0x68  mac_low_level.o [1]
  .text               ro code  0x002217ec     0xcc  MT_AF.o [1]
  .text               ro code  0x002218b8     0xc2  MT_DEBUG.o [1]
  .text               ro code  0x0022197a     0x7e  xdint.o [7]
  .text               ro code  0x002219f8     0x20  DblCmpEq.o [7]
  .text               ro code  0x00221a18    0x1a8  fmod.o [7]
  .text               ro code  0x00221bc0     0x68  mac_sleep.o [1]
  .text               ro code  0x00221c28     0x90  mac_radio_defs.o [1]
  .text               ro code  0x00221cb8    0x29c  ZMain.o [1]
  .text               ro code  0x00221f54     0x2a  hal_systick.o [1]
  .rodata             const    0x00221f80    0x1d8  lcd_dogm128_6_alphabet.o [5]
  .rodata             const    0x00222158    0x190  ZGlobals.o [1]
  .text               ro code  0x002222e8     0xd2  packbits_init.o [8]
  .text               ro code  0x002223ba      0x6  abort.o [6]
  .text               ro code  0x002223c0     0x14  exit.o [10]
  .text               ro code  0x002223d4     0xce  MT_APP.o [1]
  .rodata             const    0x002224a4     0xcc  zcl_SmartMeter_data.o [1]
  .rodata             const    0x00222570     0xcc  mac_beacon.o [4]
  .rodata             const    0x0022263c     0xb8  zcl.o [1]
  .rodata             const    0x002226f4     0x90  mac_pib.o [1]
  .rodata             const    0x00222784     0x68  ZDProfile.o [1]
  .text               ro code  0x002227ec     0x52  startup_ewarm.o [1]
  .text               ro code  0x0022283e      0xc  cstartup_M.o [8]
  .text               ro code  0x0022284c     0x1a  cmain.o [8]
  .text               ro code  0x00222866      0x4  low_level_init.o [6]
  .text               ro code  0x0022286c     0x28  data_init.o [8]
  .text               ro code  0x00222894      0x4  exit.o [6]
  .text               ro code  0x00222898      0xa  cexit.o [8]
  .rodata             const    0x002228a4     0x4c  mac_pib.o [1]
  .rodata             const    0x002228f0     0x2c  zcl_SmartMeter.o [1]
  .rodata             const    0x0022291c     0x28  OSAL_SmartMeter.o [1]
  .rodata             const    0x00222944     0x28  zcl_SmartMeter.o [1]
  .rodata             const    0x0022296c     0x24  mac_radio_defs.o [1]
  .iar.init_table     const    0x00222990     0x34  - Linker created -
  .rodata             const    0x002229c4     0x1c  MT_UART.o [1]
  .rodata             const    0x002229e0     0x1c  MT_UART.o [1]
  .rodata             const    0x002229fc     0x18  hal_lcd.o [1]
  .rodata             const    0x00222a14     0x18  ZMain.o [1]
  .rodata             const    0x00222a2c     0x14  hal_uart.o [1]
  .rodata             const    0x00222a40     0x14  zcl_SmartMeter.o [1]
  .rodata             const    0x00222a54     0x14  zcl_SmartMeter.o [1]
  .rodata             const    0x00222a68     0x14  zcl_SmartMeter.o [1]
  .rodata             const    0x00222a7c     0x14  zcl_SmartMeter.o [1]
  .rodata             const    0x00222a90     0x14  zcl_SmartMeter.o [1]
  .rodata             const    0x00222aa4     0x14  zcl_SmartMeter_data.o [1]
  .rodata             const    0x00222ab8     0x14  zcl_SmartMeter_data.o [1]
  .rodata             const    0x00222acc     0x14  zcl_SmartMeter_data.o [1]
  .rodata             const    0x00222ae0     0x14  ZDNwkMgr.o [1]
  .rodata             const    0x00222af4     0x14  zmac_cb.o [1]
  .rodata             const    0x00222b08     0x14  ZMain.o [1]
  .rodata             const    0x00222b1c     0x10  nwk_globals.o [1]
  .rodata             const    0x00222b2c     0x10  nwk_globals.o [1]
  .rodata             const    0x00222b3c     0x10  nwk_globals.o [1]
  .rodata             const    0x00222b4c     0x10  nwk_globals.o [1]
  .rodata             const    0x00222b5c     0x10  zcl_SmartMeter.o [1]
  .rodata             const    0x00222b6c     0x10  zcl_SmartMeter.o [1]
  .rodata             const    0x00222b7c     0x10  zcl_SmartMeter.o [1]
  .rodata             const    0x00222b8c     0x10  zcl_SmartMeter.o [1]
  .rodata             const    0x00222b9c     0x10  zcl_SmartMeter.o [1]
  .rodata             const    0x00222bac     0x10  zcl_SmartMeter.o [1]
  .rodata             const    0x00222bbc     0x10  zcl_SmartMeter.o [1]
  .rodata             const    0x00222bcc     0x10  zcl_SmartMeter.o [1]
  .rodata             const    0x00222bdc     0x10  zcl_SmartMeter.o [1]
  .rodata             const    0x00222bec     0x10  zcl_SmartMeter.o [1]
  .rodata             const    0x00222bfc     0x10  zcl_SmartMeter.o [1]
  .rodata             const    0x00222c0c     0x10  zcl_SmartMeter.o [1]
  .rodata             const    0x00222c1c     0x10  zcl_SmartMeter.o [1]
  .rodata             const    0x00222c2c     0x10  ZDObject.o [1]
  .rodata             const    0x00222c3c     0x10  ZDObject.o [1]
  .rodata             const    0x00222c4c     0x10  ZDObject.o [1]
  .rodata             const    0x00222c5c     0x10  ZDObject.o [1]
  .rodata             const    0x00222c6c      0xc  nwk_globals.o [1]
  .rodata             const    0x00222c78      0xc  nwk_globals.o [1]
  .rodata             const    0x00222c84      0xc  nwk_globals.o [1]
  .rodata             const    0x00222c90      0xc  zcl_SmartMeter.o [1]
  .rodata             const    0x00222c9c      0xc  zcl_SmartMeter.o [1]
  .rodata             const    0x00222ca8      0xc  zcl_SmartMeter.o [1]
  .rodata             const    0x00222cb4      0xc  zcl_SmartMeter.o [1]
  .rodata             const    0x00222cc0      0xc  zcl_SmartMeter.o [1]
  .rodata             const    0x00222ccc      0xc  zcl_SmartMeter.o [1]
  .rodata             const    0x00222cd8      0xc  zcl_SmartMeter.o [1]
  .rodata             const    0x00222ce4      0xc  zcl_SmartMeter.o [1]
  .rodata             const    0x00222cf0      0xc  zcl_SmartMeter.o [1]
  .rodata             const    0x00222cfc      0xc  zcl_SmartMeter.o [1]
  .rodata             const    0x00222d08      0xc  zcl_SmartMeter.o [1]
  .rodata             const    0x00222d14      0xc  zcl_SmartMeter.o [1]
  .rodata             const    0x00222d20      0xc  zcl_SmartMeter.o [1]
  .rodata             const    0x00222d2c      0xc  ZDObject.o [1]
  .rodata             const    0x00222d38      0xc  ZDObject.o [1]
  .text               ro code  0x00222d44      0xa  hal_sleep.o [1]
  .rodata             const    0x00222d50      0x8  mac_cfg.o [1]
  .rodata             const    0x00222d58      0x8  MT_SYS.o [1]
  .rodata             const    0x00222d60      0x8  MT_VERSION.o [1]
  .rodata             const    0x00222d68      0x8  nwk_globals.o [1]
  .rodata             const    0x00222d70      0x8  nwk_globals.o [1]
  .rodata             const    0x00222d78      0x8  osal_nv.o [1]
  .rodata             const    0x00222d80      0x8  zcl_SmartMeter.o [1]
  .rodata             const    0x00222d88      0x8  zcl_SmartMeter.o [1]
  .rodata             const    0x00222d90      0x8  zcl_SmartMeter.o [1]
  .rodata             const    0x00222d98      0x8  zcl_SmartMeter.o [1]
  .rodata             const    0x00222da0      0x8  zcl_SmartMeter.o [1]
  .rodata             const    0x00222da8      0x8  zcl_SmartMeter.o [1]
  .rodata             const    0x00222db0      0x8  zcl_SmartMeter.o [1]
  .rodata             const    0x00222db8      0x8  zcl_SmartMeter.o [1]
  .rodata             const    0x00222dc0      0x8  zcl_SmartMeter.o [1]
  .rodata             const    0x00222dc8      0x8  zcl_SmartMeter.o [1]
  .rodata             const    0x00222dd0      0x8  zcl_SmartMeter.o [1]
  .rodata             const    0x00222dd8      0x8  zcl_SmartMeter.o [1]
  .rodata             const    0x00222de0      0x8  zcl_SmartMeter_data.o [1]
  .rodata             const    0x00222de8      0x8  ZDSecMgr.o [1]
  .rodata             const    0x00222df0      0x8  ZMain.o [1]
  .rodata             const    0x00222df8      0x8  ZMain.o [1]
  .rodata             const    0x00222e00      0x4  mac_rx.o [1]
  .rodata             const    0x00222e04      0x4  nwk_globals.o [1]
  .rodata             const    0x00222e08      0x0  zero_init3.o [8]
  .rodata             const    0x00222e08      0x0  packbits_init.o [8]
  Initializer bytes   ro data  0x00222e08    0x130  <for P2 s0>
                             - 0x00222f38  0x22e38

Absolute sections:                          0x3000
  .noinit             uninit   0x0027c800   0x3000  osal_nv.o [1]
                             - 0x0027f800   0x3000

"A2":                                          0xc
  .cca                const    0x0027ffd4      0xc  startup_ewarm.o [1]
                             - 0x0027ffe0      0xc

"A7":                                        0x100
  VTABLE              zero     0x20004000    0x100  interrupt.o [9]
                             - 0x20004100    0x100

"P2":                                       0x3b50
  P2 s0                        0x20004100    0x346  <Init block>
    __DLIB_PERTHREAD  inited   0x20004100     0x8c  rand.o [6]
    .data             inited   0x2000418c     0x80  mac_beacon.o [4]
    .data             inited   0x2000420c     0x5c  mac_beacon.o [4]
    .data             inited   0x20004268     0x48  MT.o [1]
    .data             inited   0x200042b0     0x30  zcl_SmartMeter.o [1]
    .data             inited   0x200042e0     0x18  APS.o [3]
    .data             inited   0x200042f8     0x14  zcl_SmartMeter_data.o [1]
    .data             inited   0x2000430c     0x14  zcl_SmartMeter_data.o [1]
    .data             inited   0x20004320     0x14  nwk.o [3]
    .data             inited   0x20004334     0x10  zcl_SmartMeter.o [1]
    .data             inited   0x20004344     0x10  zcl_SmartMeter.o [1]
    .data             inited   0x20004354     0x10  zcl_SmartMeter.o [1]
    .data             inited   0x20004364     0x10  zcl_SmartMeter.o [1]
    .data             inited   0x20004374     0x10  zcl_SmartMeter.o [1]
    .data             inited   0x20004384     0x10  zcl_SmartMeter.o [1]
    .data             inited   0x20004394     0x10  zcl_SmartMeter.o [1]
    .data             inited   0x200043a4     0x10  zcl_SmartMeter.o [1]
    .data             inited   0x200043b4     0x10  ZDApp.o [1]
    .data             inited   0x200043c4     0x10  nwk_util.o [3]
    .data             inited   0x200043d4      0xc  aps_frag.o [3]
    .data             inited   0x200043e0      0x8  reflecttrack.o [3]
    .data             inited   0x200043e8      0x4  osal_nv.o [1]
    .data             inited   0x200043ec      0x4  zcl_SmartMeter.o [1]
    .data             inited   0x200043f0      0x4  ZDProfile.o [1]
    .data             inited   0x200043f4      0x4  ZGlobals.o [1]
    .data             inited   0x200043f8      0x4  mac_beacon.o [4]
    __DLIB_PERTHREAD  inited   0x200043fc      0x4  errno.o [6]
    .data             inited   0x20004400      0x2  zcl_SmartMeter.o [1]
    .data             inited   0x20004402      0x2  ZDApp.o [1]
    .data             inited   0x20004404      0x2  ZGlobals.o [1]
    .data             inited   0x20004406      0x2  ZGlobals.o [1]
    .data             inited   0x20004408      0x2  ZGlobals.o [1]
    .data             inited   0x2000440a      0x2  ZGlobals.o [1]
    .data             inited   0x2000440c      0x2  ZGlobals.o [1]
    .data             inited   0x2000440e      0x2  ZGlobals.o [1]
    .data             inited   0x20004410      0x2  ZGlobals.o [1]
    .data             inited   0x20004412      0x2  ZGlobals.o [1]
    .data             inited   0x20004414      0x2  ZGlobals.o [1]
    .data             inited   0x20004416      0x2  ZGlobals.o [1]
    .data             inited   0x20004418      0x2  NLMEDE.o [3]
    .data             inited   0x2000441a      0x2  reflecttrack.o [3]
    .data             inited   0x2000441c      0x1  AF.o [1]
    .data             inited   0x2000441d      0x1  mac_sleep.o [1]
    .data             inited   0x2000441e      0x1  MT_UART.o [1]
    .data             inited   0x2000441f      0x1  MT_UART.o [1]
    .data             inited   0x20004420      0x1  nwk_globals.o [1]
    .data             inited   0x20004421      0x1  OnBoard.o [1]
    .data             inited   0x20004422      0x1  OSAL.o [1]
    .data             inited   0x20004423      0x1  zcl.o [1]
    .data             inited   0x20004424      0x1  zcl_SmartMeter.o [1]
    .data             inited   0x20004425      0x1  zcl_SmartMeter.o [1]
    .data             inited   0x20004426      0x1  zcl_SmartMeter.o [1]
    .data             inited   0x20004427      0x1  zcl_SmartMeter.o [1]
    .data             inited   0x20004428      0x1  zcl_SmartMeter_data.o [1]
    .data             inited   0x20004429      0x1  ZDApp.o [1]
    .data             inited   0x2000442a      0x1  ZDApp.o [1]
    .data             inited   0x2000442b      0x1  ZGlobals.o [1]
    .data             inited   0x2000442c      0x1  ZGlobals.o [1]
    .data             inited   0x2000442d      0x1  ZGlobals.o [1]
    .data             inited   0x2000442e      0x1  ZGlobals.o [1]
    .data             inited   0x2000442f      0x1  ZGlobals.o [1]
    .data             inited   0x20004430      0x1  ZGlobals.o [1]
    .data             inited   0x20004431      0x1  ZGlobals.o [1]
    .data             inited   0x20004432      0x1  ZGlobals.o [1]
    .data             inited   0x20004433      0x1  ZGlobals.o [1]
    .data             inited   0x20004434      0x1  ZGlobals.o [1]
    .data             inited   0x20004435      0x1  ZGlobals.o [1]
    .data             inited   0x20004436      0x1  ZGlobals.o [1]
    .data             inited   0x20004437      0x1  ZGlobals.o [1]
    .data             inited   0x20004438      0x1  ZGlobals.o [1]
    .data             inited   0x20004439      0x1  ZGlobals.o [1]
    .data             inited   0x2000443a      0x1  ZGlobals.o [1]
    .data             inited   0x2000443b      0x1  ZGlobals.o [1]
    .data             inited   0x2000443c      0x1  ZGlobals.o [1]
    .data             inited   0x2000443d      0x1  ZGlobals.o [1]
    .data             inited   0x2000443e      0x1  ZGlobals.o [1]
    .data             inited   0x2000443f      0x1  ZGlobals.o [1]
    .data             inited   0x20004440      0x1  ZGlobals.o [1]
    .data             inited   0x20004441      0x1  ZGlobals.o [1]
    .data             inited   0x20004442      0x1  ZGlobals.o [1]
    .data             inited   0x20004443      0x1  ZGlobals.o [1]
    .data             inited   0x20004444      0x1  ZGlobals.o [1]
    .data             inited   0x20004445      0x1  ZGlobals.o [1]
  .bss                zero     0x20004448    0x400  lcd_dogm128_6.o [5]
  .bss                zero     0x20004848    0x1f8  nwk_globals.o [1]
  .bss                zero     0x20004a40    0x1e0  zcl_SmartMeter.o [1]
  .bss                zero     0x20004c20    0x140  nwk_globals.o [1]
  .bss                zero     0x20004d60    0x100  zcl_SmartMeter.o [1]
  .bss                zero     0x20004e60    0x100  zcl_SmartMeter.o [1]
  .bss                zero     0x20004f60     0x78  zcl_SmartMeter.o [1]
  .bss                zero     0x20004fd8     0x78  zcl_SmartMeter.o [1]
  .bss                zero     0x20005050     0x78  nwk.o [3]
  .bss                zero     0x200050c8     0x70  nwk_globals.o [1]
  .bss                zero     0x20005138     0x70  io_pin_int.o [5]
  .bss                zero     0x200051a8     0x60  mac_beacon.o [4]
  .bss                zero     0x20005208     0x50  nwk_globals.o [1]
  .bss                zero     0x20005258     0x50  zcl_SmartMeter.o [1]
  .bss                zero     0x200052a8     0x50  ZDProfile.o [1]
  .bss                zero     0x200052f8     0x4c  mac_pib.o [1]
  .bss                zero     0x20005344     0x3c  zcl_SmartMeter.o [1]
  .bss                zero     0x20005380     0x40  zcl_SmartMeter.o [1]
  .bss                zero     0x200053c0     0x40  zcl_SmartMeter.o [1]
  .bss                zero     0x20005400     0x38  nwk_globals.o [1]
  .bss                zero     0x20005438     0x38  mac_beacon.o [4]
  .bss                zero     0x20005470     0x34  hal_led.o [1]
  .bss                zero     0x200054a4     0x34  ZDObject.o [1]
  .bss                zero     0x200054d8     0x2c  hal_uart.o [1]
  .bss                zero     0x20005504     0x2c  hal_uart.o [1]
  .bss                zero     0x20005530     0x24  zcl_SmartMeter.o [1]
  .bss                zero     0x20005554     0x24  ZDSecMgr.o [1]
  .bss                zero     0x20005578     0x20  zcl_SmartMeter.o [1]
  .bss                zero     0x20005598     0x20  zcl_SmartMeter.o [1]
  .bss                zero     0x200055b8     0x20  zcl_SmartMeter.o [1]
  .bss                zero     0x200055d8     0x20  zcl_SmartMeter.o [1]
  .bss                zero     0x200055f8     0x20  zcl_SmartMeter.o [1]
  .bss                zero     0x20005618     0x20  zcl_SmartMeter.o [1]
  .bss                zero     0x20005638     0x20  zcl_SmartMeter.o [1]
  .bss                zero     0x20005658     0x20  zcl_SmartMeter.o [1]
  .bss                zero     0x20005678     0x20  zcl_SmartMeter.o [1]
  .bss                zero     0x20005698     0x20  zcl_SmartMeter.o [1]
  .bss                zero     0x200056b8     0x20  zcl_SmartMeter.o [1]
  .bss                zero     0x200056d8     0x20  zcl_SmartMeter.o [1]
  .bss                zero     0x200056f8     0x20  bsp_key.o [5]
  .bss                zero     0x20005718     0x20  mac_beacon.o [4]
  .bss                zero     0x20005738     0x20  io_pin_int.o [5]
  .bss                zero     0x20005758     0x1c  ZDApp.o [1]
  .bss                zero     0x20005774     0x18  nwk_globals.o [1]
  .bss                zero     0x2000578c     0x14  APSMEDE.o [3]
  .bss                zero     0x200057a0     0x14  aes.o [9]
  .bss                zero     0x200057b4     0x10  zcl_ezmode.o [1]
  .bss                zero     0x200057c4     0x10  zcl_ezmode.o [1]
  .bss                zero     0x200057d4     0x10  zcl_SmartMeter.o [1]
  .bss                zero     0x200057e4     0x10  zcl_SmartMeter.o [1]
  .bss                zero     0x200057f4     0x10  zcl_SmartMeter.o [1]
  .bss                zero     0x20005804     0x10  zcl_SmartMeter.o [1]
  .bss                zero     0x20005814     0x10  zcl_SmartMeter.o [1]
  .bss                zero     0x20005824     0x10  zcl_SmartMeter.o [1]
  .bss                zero     0x20005834     0x10  zcl_SmartMeter.o [1]
  .bss                zero     0x20005844     0x10  zcl_SmartMeter.o [1]
  .bss                zero     0x20005854     0x10  zcl_SmartMeter.o [1]
  .bss                zero     0x20005864     0x10  zcl_SmartMeter.o [1]
  .bss                zero     0x20005874     0x10  zcl_SmartMeter.o [1]
  .bss                zero     0x20005884     0x10  zcl_SmartMeter.o [1]
  .bss                zero     0x20005894     0x10  zcl_SmartMeter.o [1]
  .bss                zero     0x200058a4     0x10  ZDConfig.o [1]
  .bss                zero     0x200058b4     0x10  APS.o [3]
  .bss                zero     0x200058c4      0xc  MT_UART.o [1]
  .bss                zero     0x200058d0      0xc  nwk_globals.o [1]
  .bss                zero     0x200058dc      0xc  osal_nv.o [1]
  .bss                zero     0x200058e8      0xc  osal_nv.o [1]
  .bss                zero     0x200058f4      0xc  zcl_SmartMeter.o [1]
  .bss                zero     0x20005900      0xc  zcl_SmartMeter.o [1]
  .bss                zero     0x2000590c      0xc  zcl_SmartMeter.o [1]
  .bss                zero     0x20005918      0xc  ZDApp.o [1]
  .bss                zero     0x20005924      0xc  ZDNwkMgr.o [1]
  .bss                zero     0x20005930      0xc  ZDNwkMgr.o [1]
  .bss                zero     0x2000593c      0xc  ZDSecMgr.o [1]
  .bss                zero     0x20005948      0xc  nwk_util.o [3]
  .bss                zero     0x20005954      0xc  nwk_util.o [3]
  .bss                zero     0x20005960      0xc  nwk_util.o [3]
  .bss                zero     0x2000596c      0xc  NLMEDE.o [3]
  .bss                zero     0x20005978      0x8  OnBoard.o [1]
  .bss                zero     0x20005980      0x8  osal_nv.o [1]
  .bss                zero     0x20005988      0x8  OSAL_PwrMgr.o [1]
  .bss                zero     0x20005990      0x8  zcl_SmartMeter.o [1]
  .bss                zero     0x20005998      0x8  zcl_SmartMeter.o [1]
  .bss                zero     0x200059a0      0x8  zcl_SmartMeter.o [1]
  .bss                zero     0x200059a8      0x8  zcl_SmartMeter.o [1]
  .bss                zero     0x200059b0      0x8  zcl_SmartMeter.o [1]
  .bss                zero     0x200059b8      0x8  zcl_SmartMeter.o [1]
  .bss                zero     0x200059c0      0x8  zcl_SmartMeter.o [1]
  .bss                zero     0x200059c8      0x8  zcl_SmartMeter.o [1]
  .bss                zero     0x200059d0      0x8  zcl_SmartMeter.o [1]
  .bss                zero     0x200059d8      0x8  zcl_SmartMeter.o [1]
  .bss                zero     0x200059e0      0x8  zcl_SmartMeter.o [1]
  .bss                zero     0x200059e8      0x8  zcl_SmartMeter.o [1]
  .bss                zero     0x200059f0      0x8  zcl_SmartMeter.o [1]
  .bss                zero     0x200059f8      0x8  ZDApp.o [1]
  .bss                zero     0x20005a00      0x8  ZGlobals.o [1]
  .bss                zero     0x20005a08      0x8  ZGlobals.o [1]
  .bss                zero     0x20005a10      0x8  ZGlobals.o [1]
  .bss                zero     0x20005a18      0x8  AddrMgr.o [3]
  .bss                zero     0x20005a20      0x8  ssp.o [3]
  .bss                zero     0x20005a28      0x8  ssp.o [3]
  .bss                zero     0x20005a30      0x4  AF.o [1]
  .bss                zero     0x20005a34      0x4  BindingTable.o [1]
  .bss                zero     0x20005a38      0x4  BindingTable.o [1]
  .bss                zero     0x20005a3c      0x4  BindingTable.o [1]
  .bss                zero     0x20005a40      0x4  BindingTable.o [1]
  .bss                zero     0x20005a44      0x4  BindingTable.o [1]
  .bss                zero     0x20005a48      0x4  BindingTable.o [1]
  .bss                zero     0x20005a4c      0x4  BindingTable.o [1]
  .bss                zero     0x20005a50      0x4  hal_aes.o [1]
  .bss                zero     0x20005a54      0x4  hal_key.o [1]
  .bss                zero     0x20005a58      0x4  mac_backoff_timer.o [1]
  .bss                zero     0x20005a5c      0x4  mac_backoff_timer.o [1]
  .bss                zero     0x20005a60      0x4  mac_mcu.o [1]
  .bss                zero     0x20005a64      0x4  mac_mcu.o [1]
  .bss                zero     0x20005a68      0x4  mac_mcu.o [1]
  .bss                zero     0x20005a6c      0x4  mac_rx.o [1]
  .bss                zero     0x20005a70      0x4  mac_rx.o [1]
  .bss                zero     0x20005a74      0x4  mac_rx.o [1]
  .bss                zero     0x20005a78      0x4  MT_AF.o [1]
  .bss                zero     0x20005a7c      0x4  MT_AF.o [1]
  .bss                zero     0x20005a80      0x4  MT_UART.o [1]
  .bss                zero     0x20005a84      0x4  MT_ZDO.o [1]
  .bss                zero     0x20005a88      0x4  OSAL.o [1]
  .bss                zero     0x20005a8c      0x4  OSAL_Clock.o [1]
  .bss                zero     0x20005a90      0x4  OSAL_Clock.o [1]
  .bss                zero     0x20005a94      0x4  osal_nv.o [1]
  .bss                zero     0x20005a98      0x4  OSAL_SmartMeter.o [1]
  .bss                zero     0x20005a9c      0x4  OSAL_Timers.o [1]
  .bss                zero     0x20005aa0      0x4  OSAL_Timers.o [1]
  .bss                zero     0x20005aa4      0x4  zcl.o [1]
  .bss                zero     0x20005aa8      0x4  zcl.o [1]
  .bss                zero     0x20005aac      0x4  zcl.o [1]
  .bss                zero     0x20005ab0      0x4  zcl.o [1]
  .bss                zero     0x20005ab4      0x4  zcl.o [1]
  .bss                zero     0x20005ab8      0x4  zcl_general.o [1]
  .bss                zero     0x20005abc      0x4  zcl_SmartMeter.o [1]
  .bss                zero     0x20005ac0      0x4  zcl_SmartMeter.o [1]
  .bss                zero     0x20005ac4      0x4  zcl_SmartMeter.o [1]
  .bss                zero     0x20005ac8      0x4  zcl_SmartMeter.o [1]
  .bss                zero     0x20005acc      0x4  zcl_SmartMeter.o [1]
  .bss                zero     0x20005ad0      0x4  zcl_SmartMeter.o [1]
  .bss                zero     0x20005ad4      0x4  zcl_SmartMeter.o [1]
  .bss                zero     0x20005ad8      0x4  zcl_SmartMeter.o [1]
  .bss                zero     0x20005adc      0x4  zcl_SmartMeter.o [1]
  .bss                zero     0x20005ae0      0x4  zcl_SmartMeter.o [1]
  .bss                zero     0x20005ae4      0x4  zcl_SmartMeter.o [1]
  .bss                zero     0x20005ae8      0x4  zcl_SmartMeter.o [1]
  .bss                zero     0x20005aec      0x4  zcl_SmartMeter.o [1]
  .bss                zero     0x20005af0      0x4  zcl_SmartMeter.o [1]
  .bss                zero     0x20005af4      0x4  zcl_SmartMeter.o [1]
  .bss                zero     0x20005af8      0x4  zcl_SmartMeter.o [1]
  .bss                zero     0x20005afc      0x4  ZDApp.o [1]
  .bss                zero     0x20005b00      0x4  ZDApp.o [1]
  .bss                zero     0x20005b04      0x4  ZDConfig.o [1]
  .bss                zero     0x20005b08      0x4  ZDNwkMgr.o [1]
  .bss                zero     0x20005b0c      0x4  ZDNwkMgr.o [1]
  .bss                zero     0x20005b10      0x4  ZDNwkMgr.o [1]
  .bss                zero     0x20005b14      0x4  ZDObject.o [1]
  .bss                zero     0x20005b18      0x4  ZDProfile.o [1]
  .bss                zero     0x20005b1c      0x4  ZDSecMgr.o [1]
  .bss                zero     0x20005b20      0x4  zmac.o [1]
  .bss                zero     0x20005b24      0x4  zmac.o [1]
  .bss                zero     0x20005b28      0x4  zmac_cb.o [1]
  .bss                zero     0x20005b2c      0x4  APSMEDE.o [3]
  .bss                zero     0x20005b30      0x4  aps_groups.o [3]
  .bss                zero     0x20005b34      0x4  APS.o [3]
  .bss                zero     0x20005b38      0x4  APS.o [3]
  .bss                zero     0x20005b3c      0x4  APS.o [3]
  .bss                zero     0x20005b40      0x4  mac_beacon.o [4]
  .bss                zero     0x20005b44      0x4  nwk_bufs.o [3]
  .bss                zero     0x20005b48      0x4  nwk_bufs.o [3]
  .bss                zero     0x20005b4c      0x4  NLMEDE.o [3]
  .bss                zero     0x20005b50      0x4  NLMEDE.o [3]
  .bss                zero     0x20005b54      0x2  zcl_ezmode.o [1]
  .bss                zero     0x20005b56      0x2  zcl_SmartMeter.o [1]
  .bss                zero     0x20005b58      0x2  zcl_SmartMeter.o [1]
  .bss                zero     0x20005b5a      0x2  zcl_SmartMeter.o [1]
  .bss                zero     0x20005b5c      0x2  zcl_SmartMeter.o [1]
  .bss                zero     0x20005b5e      0x2  zcl_SmartMeter.o [1]
  .bss                zero     0x20005b60      0x2  zcl_SmartMeter.o [1]
  .bss                zero     0x20005b62      0x2  zcl_SmartMeter.o [1]
  .bss                zero     0x20005b64      0x2  zcl_SmartMeter.o [1]
  .bss                zero     0x20005b66      0x2  zcl_SmartMeter.o [1]
  .bss                zero     0x20005b68      0x2  zcl_SmartMeter.o [1]
  .bss                zero     0x20005b6a      0x2  zcl_SmartMeter.o [1]
  .bss                zero     0x20005b6c      0x2  zcl_SmartMeter.o [1]
  .bss                zero     0x20005b6e      0x2  zcl_SmartMeter.o [1]
  .bss                zero     0x20005b70      0x2  zcl_SmartMeter.o [1]
  .bss                zero     0x20005b72      0x2  zcl_SmartMeter.o [1]
  .bss                zero     0x20005b74      0x2  zcl_SmartMeter.o [1]
  .bss                zero     0x20005b76      0x2  zcl_SmartMeter.o [1]
  .bss                zero     0x20005b78      0x2  zcl_SmartMeter.o [1]
  .bss                zero     0x20005b7a      0x2  zcl_SmartMeter.o [1]
  .bss                zero     0x20005b7c      0x2  zcl_SmartMeter.o [1]
  .bss                zero     0x20005b7e      0x2  zcl_SmartMeter.o [1]
  .bss                zero     0x20005b80      0x2  zcl_SmartMeter.o [1]
  .bss                zero     0x20005b82      0x2  zcl_SmartMeter.o [1]
  .bss                zero     0x20005b84      0x2  zcl_SmartMeter.o [1]
  .bss                zero     0x20005b86      0x2  zcl_SmartMeter.o [1]
  .bss                zero     0x20005b88      0x2  zcl_SmartMeter.o [1]
  .bss                zero     0x20005b8a      0x2  zcl_SmartMeter.o [1]
  .bss                zero     0x20005b8c      0x2  zcl_SmartMeter.o [1]
  .bss                zero     0x20005b8e      0x2  zcl_SmartMeter.o [1]
  .bss                zero     0x20005b90      0x2  zcl_SmartMeter.o [1]
  .bss                zero     0x20005b92      0x2  zcl_SmartMeter.o [1]
  .bss                zero     0x20005b94      0x2  zcl_SmartMeter.o [1]
  .bss                zero     0x20005b96      0x2  zcl_SmartMeter.o [1]
  .bss                zero     0x20005b98      0x2  zcl_SmartMeter.o [1]
  .bss                zero     0x20005b9a      0x2  zcl_SmartMeter.o [1]
  .bss                zero     0x20005b9c      0x2  zcl_SmartMeter.o [1]
  .bss                zero     0x20005b9e      0x2  zcl_SmartMeter.o [1]
  .bss                zero     0x20005ba0      0x2  zcl_SmartMeter.o [1]
  .bss                zero     0x20005ba2      0x2  zcl_SmartMeter.o [1]
  .bss                zero     0x20005ba4      0x2  zcl_SmartMeter.o [1]
  .bss                zero     0x20005ba6      0x2  zcl_SmartMeter.o [1]
  .bss                zero     0x20005ba8      0x2  zcl_SmartMeter.o [1]
  .bss                zero     0x20005baa      0x2  zcl_SmartMeter.o [1]
  .bss                zero     0x20005bac      0x2  zcl_SmartMeter.o [1]
  .bss                zero     0x20005bae      0x2  zcl_SmartMeter.o [1]
  .bss                zero     0x20005bb0      0x2  zcl_SmartMeter.o [1]
  .bss                zero     0x20005bb2      0x2  zcl_SmartMeter.o [1]
  .bss                zero     0x20005bb4      0x2  zcl_SmartMeter.o [1]
  .bss                zero     0x20005bb6      0x2  zcl_SmartMeter.o [1]
  .bss                zero     0x20005bb8      0x2  zcl_SmartMeter.o [1]
  .bss                zero     0x20005bba      0x2  zcl_SmartMeter.o [1]
  .bss                zero     0x20005bbc      0x2  zcl_SmartMeter.o [1]
  .bss                zero     0x20005bbe      0x2  zcl_SmartMeter.o [1]
  .bss                zero     0x20005bc0      0x2  zcl_SmartMeter.o [1]
  .bss                zero     0x20005bc2      0x2  zcl_SmartMeter.o [1]
  .bss                zero     0x20005bc4      0x2  zcl_SmartMeter.o [1]
  .bss                zero     0x20005bc6      0x2  zcl_SmartMeter.o [1]
  .bss                zero     0x20005bc8      0x2  zcl_SmartMeter_data.o [1]
  .bss                zero     0x20005bca      0x2  zcl_SmartMeter_data.o [1]
  .bss                zero     0x20005bcc      0x2  zcl_SmartMeter_data.o [1]
  .bss                zero     0x20005bce      0x2  zcl_SmartMeter_data.o [1]
  .bss                zero     0x20005bd0      0x2  ZDNwkMgr.o [1]
  .bss                zero     0x20005bd2      0x2  ZDNwkMgr.o [1]
  .bss                zero     0x20005bd4      0x2  ZDNwkMgr.o [1]
  .bss                zero     0x20005bd6      0x2  NLMEDE.o [3]
  .bss                zero     0x20005bd8      0x1  BindingTable.o [1]
  .bss                zero     0x20005bd9      0x1  hal_assert.o [1]
  .bss                zero     0x20005bda      0x1  hal_drivers.o [1]
  .bss                zero     0x20005bdb      0x1  hal_key.o [1]
  .bss                zero     0x20005bdc      0x1  hal_key.o [1]
  .bss                zero     0x20005bdd      0x1  hal_key.o [1]
  .bss                zero     0x20005bde      0x1  hal_led.o [1]
  .bss                zero     0x20005bdf      0x1  hal_led.o [1]
  .bss                zero     0x20005be0      0x1  hal_uart.o [1]
  .bss                zero     0x20005be1      0x1  hal_uart.o [1]
  .bss                zero     0x20005be2      0x1  mac_autopend.o [1]
  .bss                zero     0x20005be3      0x1  mac_autopend.o [1]
  .bss                zero     0x20005be4      0x1  mac_mcu.o [1]
  .bss                zero     0x20005be5      0x1  mac_mcu.o [1]
  .bss                zero     0x20005be6      0x1  mac_radio.o [1]
  .bss                zero     0x20005be7      0x1  mac_radio.o [1]
  .bss                zero     0x20005be8      0x1  mac_radio.o [1]
  .bss                zero     0x20005be9      0x1  mac_radio.o [1]
  .bss                zero     0x20005bea      0x1  mac_rx.o [1]
  .bss                zero     0x20005beb      0x1  mac_rx.o [1]
  .bss                zero     0x20005bec      0x1  mac_rx.o [1]
  .bss                zero     0x20005bed      0x1  mac_rx.o [1]
  .bss                zero     0x20005bee      0x1  mac_rx.o [1]
  .bss                zero     0x20005bef      0x1  mac_rx.o [1]
  .bss                zero     0x20005bf0      0x1  mac_rx.o [1]
  .bss                zero     0x20005bf1      0x1  mac_rx.o [1]
  .bss                zero     0x20005bf2      0x1  mac_rx.o [1]
  .bss                zero     0x20005bf3      0x1  mac_rx.o [1]
  .bss                zero     0x20005bf4      0x1  mac_rx.o [1]
  .bss                zero     0x20005bf5      0x1  mac_rx_onoff.o [1]
  .bss                zero     0x20005bf6      0x1  mac_rx_onoff.o [1]
  .bss                zero     0x20005bf7      0x1  mac_tx.o [1]
  .bss                zero     0x20005bf8      0x1  mac_tx.o [1]
  .bss                zero     0x20005bf9      0x1  mac_tx.o [1]
  .bss                zero     0x20005bfa      0x1  mac_tx.o [1]
  .bss                zero     0x20005bfb      0x1  mac_tx.o [1]
  .bss                zero     0x20005bfc      0x1  mac_tx.o [1]
  .bss                zero     0x20005bfd      0x1  mac_tx.o [1]
  .bss                zero     0x20005bfe      0x1  mac_tx.o [1]
  .bss                zero     0x20005bff      0x1  mac_tx.o [1]
  .bss                zero     0x20005c00      0x1  MT.o [1]
  .bss                zero     0x20005c01      0x1  MT.o [1]
  .bss                zero     0x20005c02      0x1  MT_TASK.o [1]
  .bss                zero     0x20005c03      0x1  MT_UART.o [1]
  .bss                zero     0x20005c04      0x1  MT_UART.o [1]
  .bss                zero     0x20005c05      0x1  MT_UART.o [1]
  .bss                zero     0x20005c06      0x1  MT_UART.o [1]
  .bss                zero     0x20005c07      0x1  MT_UART.o [1]
  .bss                zero     0x20005c08      0x1  MT_UART.o [1]
  .bss                zero     0x20005c09      0x1  MT_UART.o [1]
  .bss                zero     0x20005c0a      0x1  MT_UART.o [1]
  .bss                zero     0x20005c0b      0x1  MT_UART.o [1]
  .bss                zero     0x20005c0c      0x1  OnBoard.o [1]
  .bss                zero     0x20005c0d      0x1  OSAL_Memory.o [1]
  .bss                zero     0x20005c0e      0x1  osal_nv.o [1]
  .bss                zero     0x20005c0f      0x1  zcl.o [1]
  .bss                zero     0x20005c10      0x1  zcl.o [1]
  .bss                zero     0x20005c11      0x1  zcl_ezmode.o [1]
  .bss                zero     0x20005c12      0x1  zcl_ezmode.o [1]
  .bss                zero     0x20005c13      0x1  zcl_ezmode.o [1]
  .bss                zero     0x20005c14      0x1  zcl_ezmode.o [1]
  .bss                zero     0x20005c15      0x1  zcl_ezmode.o [1]
  .bss                zero     0x20005c16      0x1  zcl_ezmode.o [1]
  .bss                zero     0x20005c17      0x1  zcl_general.o [1]
  .bss                zero     0x20005c18      0x1  zcl_SmartMeter.o [1]
  .bss                zero     0x20005c19      0x1  zcl_SmartMeter.o [1]
  .bss                zero     0x20005c1a      0x1  zcl_SmartMeter.o [1]
  .bss                zero     0x20005c1b      0x1  zcl_SmartMeter.o [1]
  .bss                zero     0x20005c1c      0x1  zcl_SmartMeter.o [1]
  .bss                zero     0x20005c1d      0x1  zcl_SmartMeter.o [1]
  .bss                zero     0x20005c1e      0x1  zcl_SmartMeter.o [1]
  .bss                zero     0x20005c1f      0x1  zcl_SmartMeter.o [1]
  .bss                zero     0x20005c20      0x1  zcl_SmartMeter.o [1]
  .bss                zero     0x20005c21      0x1  zcl_SmartMeter.o [1]
  .bss                zero     0x20005c22      0x1  zcl_SmartMeter.o [1]
  .bss                zero     0x20005c23      0x1  zcl_SmartMeter.o [1]
  .bss                zero     0x20005c24      0x1  zcl_SmartMeter.o [1]
  .bss                zero     0x20005c25      0x1  zcl_SmartMeter.o [1]
  .bss                zero     0x20005c26      0x1  zcl_SmartMeter.o [1]
  .bss                zero     0x20005c27      0x1  zcl_SmartMeter.o [1]
  .bss                zero     0x20005c28      0x1  zcl_SmartMeter.o [1]
  .bss                zero     0x20005c29      0x1  zcl_SmartMeter_data.o [1]
  .bss                zero     0x20005c2a      0x1  ZDApp.o [1]
  .bss                zero     0x20005c2b      0x1  ZDApp.o [1]
  .bss                zero     0x20005c2c      0x1  ZDApp.o [1]
  .bss                zero     0x20005c2d      0x1  ZDApp.o [1]
  .bss                zero     0x20005c2e      0x1  ZDApp.o [1]
  .bss                zero     0x20005c2f      0x1  ZDApp.o [1]
  .bss                zero     0x20005c30      0x1  ZDApp.o [1]
  .bss                zero     0x20005c31      0x1  ZDApp.o [1]
  .bss                zero     0x20005c32      0x1  ZDNwkMgr.o [1]
  .bss                zero     0x20005c33      0x1  ZDNwkMgr.o [1]
  .bss                zero     0x20005c34      0x1  ZDNwkMgr.o [1]
  .bss                zero     0x20005c35      0x1  ZDNwkMgr.o [1]
  .bss                zero     0x20005c36      0x1  ZDNwkMgr.o [1]
  .bss                zero     0x20005c37      0x1  ZDObject.o [1]
  .bss                zero     0x20005c38      0x1  ZDProfile.o [1]
  .bss                zero     0x20005c39      0x1  ZDProfile.o [1]
  .bss                zero     0x20005c3a      0x1  ZGlobals.o [1]
  .bss                zero     0x20005c3b      0x1  ZGlobals.o [1]
  .bss                zero     0x20005c3c      0x1  ZGlobals.o [1]
  .bss                zero     0x20005c3d      0x1  ZGlobals.o [1]
  .bss                zero     0x20005c3e      0x1  ZGlobals.o [1]
  .bss                zero     0x20005c3f      0x1  ZGlobals.o [1]
  .bss                zero     0x20005c40      0x1  ZGlobals.o [1]
  .bss                zero     0x20005c41      0x1  ZGlobals.o [1]
  .bss                zero     0x20005c42      0x1  zmac_cb.o [1]
  .bss                zero     0x20005c43      0x1  nwk_util.o [3]
  .bss                zero     0x20005c44      0x1  nwk_util.o [3]
  .bss                zero     0x20005c45      0x1  nwk_util.o [3]
  .bss                zero     0x20005c46      0x1  rtg.o [3]
  .bss                zero     0x20005c47      0x1  nwk.o [3]
  .bss                zero     0x20005c48      0x1  nwk.o [3]
  .bss                zero     0x20005c49      0x1  nwk.o [3]
  .bss                zero     0x20005c4a      0x1  bsp.o [5]
  .noinit             uninit   0x20005c4c   0x1800  OSAL_Memory.o [1]
  .noinit             uninit   0x2000744c    0x800  startup_ewarm.o [1]
  .noinit             uninit   0x20007c4c      0x4  OSAL_Memory.o [1]
                             - 0x20007c50   0x3b50


*******************************************************************************
*** INIT TABLE
***

          Address     Size
          -------     ----
Zero (__iar_zero_init3)
    2 destination ranges, total size 0x1903:
          0x20004000   0x100
          0x20004448  0x1803

Copy/packbits (__iar_packbits_init3)
    1 source range, total size 0x130 (36% of destination):
          0x00222e08   0x130
    1 destination range, total size 0x346:
          0x20004100   0x346



*******************************************************************************
*** MODULE SUMMARY
***

    Module                    ro code  ro data  rw data  rw data
                                                          (abs)
    ------                    -------  -------  -------  -------
E:\github\jay\Energy-Management-System\SmartMeter\Projects\zstack\HomeAutomation_test\Smartmeter_Xu_backup\CC2538\EndDevice\Obj: [1]
    AF.o                        1 684        1        5
    BindingTable.o              2 232                29
    DebugTrace.o                   76
    MT.o                          258       26       74
    MT_AF.o                       204                 8
    MT_APP.o                      206
    MT_DEBUG.o                    194
    MT_SYS.o                    2 232       12
    MT_TASK.o                     372                 1
    MT_UART.o                   1 460       57       27
    MT_VERSION.o                             8
    MT_ZDO.o                    3 268                 4
    OSAL.o                      1 956        1        5
    OSAL_Clock.o                  772                 8
    OSAL_Memory.o                 524             6 149
    OSAL_PwrMgr.o                  20                 8
    OSAL_SmartMeter.o             148       41        4
    OSAL_Timers.o                 776                 8
    OnBoard.o                     270                10
    ZDApp.o                     5 340        7       84
    ZDConfig.o                    248                20
    ZDNwkMgr.o                  1 532       20       47
    ZDObject.o                  3 220       88       57
    ZDProfile.o                 3 876      107       90
    ZDSecMgr.o                  2 652        8       52
    ZGlobals.o                    516      418       83
    ZMain.o                       668       60
    armcm3flashutil.o             438
    hal_adc.o                      56
    hal_aes.o                      92                 4
    hal_assert.o                  668                 1
    hal_ccm.o                     258
    hal_drivers.o                 152                 1
    hal_key.o                     404                 7
    hal_lcd.o                     448       24
    hal_led.o                     876                54
    hal_sleep.o                    10
    hal_sys_ctrl.o                408
    hal_systick.o                  42
    hal_uart.o                  2 550       20       90
    mac_autopend.o              1 132                 2
    mac_backoff_timer.o           368                 8
    mac_cfg.o                                8
    mac_csp_tx.o                1 456
    mac_low_level.o               104
    mac_mcu.o                   1 784                14
    mac_mem.o                     116
    mac_pib.o                     512      220       76
    mac_radio.o                   752                 4
    mac_radio_defs.o              144       36
    mac_rx.o                    2 776        4       23
    mac_rx_onoff.o                516                 2
    mac_sleep.o                   104                 1
    mac_tx.o                    1 204                 9
    nwk_globals.o                 612      145    1 109
    osal_nv.o                   4 394       10       41   12 288
    saddr.o                       166
    startup_ewarm.o                82      268    2 048
    zcl.o                       7 918      184       23
    zcl_SmartMeter.o           25 508      715    2 649
    zcl_SmartMeter_data.o                  292       50
    zcl_ezmode.o                  812                40
    zcl_general.o                 624                 5
    zcl_ha.o                      100
    zmac.o                        532                 8
    zmac_cb.o                     720       20        5
    ------------------------------------------------------------
    Total:                     93 542    2 800   13 047   12 288

command line: [2]
    ------------------------------------------------------------
    Total:

EndDevice.a: [3]
    APS.o                       1 736        8       52
    APSMEDE.o                   2 760                24
    APSMEDE_CB.o                  324
    AddrMgr.o                   1 052                 8
    AssocList.o                   308
    NLMEDE.o                    1 056        1       24
    NLMEDE_CB.o                   560
    aps_frag.o                  1 596        4       12
    aps_groups.o                   88                 4
    aps_util.o                    552
    nwk.o                       2 956        7      143
    nwk_bufs.o                  1 060                 8
    nwk_util.o                  4 292        6       55
    reflecttrack.o                328        3       10
    rtg.o                       1 796                 1
    ssp.o                       1 352                16
    ssp_hash.o                    690
    ------------------------------------------------------------
    Total:                     22 506       29      357

TIMAC-CC2538.a: [4]
    mac_beacon.o                7 596      286      412
    ------------------------------------------------------------
    Total:                      7 596      286      412

bsp.lib: [5]
    bsp.o                         180                 1
    bsp_key.o                     780                32
    io_pin_int.o                  848               144
    lcd_dogm128_6.o             1 028             1 024
    lcd_dogm128_6_alphabet.o               472
    lcd_srf06eb.o                 288
    ------------------------------------------------------------
    Total:                      3 124      472    1 201

dl7M_tln.a: [6]
    abort.o                         6
    errno.o                        12        1        4
    exit.o                          4
    low_level_init.o                4
    rand.o                        224       50      140
    sprintf.o                      52
    strcat.o                       28
    xprintftiny.o                 336
    xsprout.o                      10
    xtls.o                          2
    ------------------------------------------------------------
    Total:                        678       51      144

m7M_tl.a: [7]
    DblAdd.o                      232
    DblCmpEq.o                     32
    DblCmpGe.o                     46
    DblCmpLe.o                     46
    DblDiv.o                      582
    DblMul.o                      418
    DblSub.o                      384
    DblToFlt.o                    144
    DblToI32.o                     76
    FltCmpGe.o                     36
    FltDiv.o                      252
    FltMul.o                      216
    FltToDbl.o                     78
    FltToS32.o                     68
    FltToU32.o                     36
    I32ToDbl.o                     48
    I32ToFlt.o                     50
    I64ToDbl.o                     92
    atan2.o                       204
    cos.o                           6
    fmod.o                        424
    log.o                           6
    sin.o                           6
    sqrt.o                        240
    xatan.o                       480
    xdint.o                       126
    xdnorm.o                       66
    xdtest.o                       50
    xlog.o                        728
    xquad.o                       352
    xsin.o                      1 066
    ------------------------------------------------------------
    Total:                      6 590

rt7M_tl.a: [8]
    ABImemclr.o                     6
    ABImemclr4.o                    6
    ABImemcpy_unaligned.o         118
    ABImemset.o                   102
    ABImemset48.o                  50
    I64DivMod.o                   306
    I64DivZer.o                     2
    I64Shl.o                       34
    U64Shr.o                       30
    cexit.o                        10
    cmain.o                        26
    cstartup_M.o                   12
    data_init.o                    40
    iarEdom.o                      12
    packbits_init.o               210
    strcpy_unaligned.o             68
    strlen.o                       54
    zero_init3.o                   34
    ------------------------------------------------------------
    Total:                      1 120

sdriverlib.lib: [9]
    adc.o                          80
    aes.o                         492                20
    ccm.o                         944
    cpu.o                          16
    flash.o                        56
    gpio.o                        448
    interrupt.o                   592               256
    ioc.o                         740
    ssi.o                         138
    sys_ctrl.o                    500
    systick.o                      64
    uart.o                        214
    ------------------------------------------------------------
    Total:                      4 284               276

shb_l.a: [10]
    exit.o                         20
    ------------------------------------------------------------
    Total:                         20

    Gaps                           14        8        3
    Linker created                          52
----------------------------------------------------------------
    Grand Total:              139 474    3 698   15 440   12 288


*******************************************************************************
*** ENTRY LIST
***

Entry                      Address    Size  Type      Object
-----                      -------    ----  ----      ------
?main                   0x0022284d          Code  Gb  cmain.o [8]
A0A7_Arr                0x200058c4     0xc  Data  Gb  MT_UART.o [1]
A0A7_Num                0x20005c09     0x1  Data  Gb  MT_UART.o [1]
ADD_0                   0x20005bc4     0x2  Data  Gb  zcl_SmartMeter.o [1]
ADD_1                   0x20005bc2     0x2  Data  Gb  zcl_SmartMeter.o [1]
ADD_2                   0x20005bc0     0x2  Data  Gb  zcl_SmartMeter.o [1]
ADD_3                   0x20005bbe     0x2  Data  Gb  zcl_SmartMeter.o [1]
AESECBCheckResult       0x00221071    0x16  Code  Gb  aes.o [9]
AESECBGetResult         0x00221087    0x5a  Code  Gb  aes.o [9]
AESECBStart             0x00220fe9    0x88  Code  Gb  aes.o [9]
AESLoadKey              0x00220f19    0xce  Code  Gb  aes.o [9]
AF_DataRequest          0x00209ee5   0x208  Code  Gb  AF.o [1]
AF_DataRequestDiscoverRoute
                        0x2000441c     0x1  Data  Gb  AF.o [1]
AIB_apsTrustCenterAddress
                        0x200042e4     0x4  Data  Gb  APS.o [3]
AIB_apsUseExtendedPANID
                        0x200042f0     0x8  Data  Gb  APS.o [3]
AIB_apsUseInsecureJoin  0x200042e2     0x1  Data  Gb  APS.o [3]
APSDE_DataCnf           0x0021bef5     0xa  Code  Gb  APSMEDE_CB.o [3]
APSDE_DataConfirm       0x0021bedd    0x18  Code  Gb  APSMEDE_CB.o [3]
APSDE_DataIndication    0x0021beff    0xa0  Code  Gb  APSMEDE_CB.o [3]
APSDE_DataReq           0x00214dcd   0x1da  Code  Gb  APSMEDE.o [3]
APSDE_DataReqMTU        0x00214fa7    0x28  Code  Gb  APSMEDE.o [3]
APSDE_FrameAlloc        0x00215699   0x114  Code  Gb  APSMEDE.o [3]
APSDE_FrameHdrSet       0x002154ad    0xee  Code  Gb  APSMEDE.o [3]
APSDE_FrameSend         0x002157ad    0x42  Code  Gb  APSMEDE.o [3]
APSDE_ParseMsg          0x0021c0ad   0x102  Code  Gb  aps_util.o [3]
APSF_AllocRxObj         0x0021eda9    0xf6  Code  Lc  aps_frag.o [3]
APSF_FindObj            0x0021ea9b    0x2a  Code  Lc  aps_frag.o [3]
APSF_FreeObj            0x0021eac5    0x28  Code  Lc  aps_frag.o [3]
APSF_IncomingData       0x0021ee9f   0x136  Code  Lc  aps_frag.o [3]
APSF_Init               0x0021ea75    0x26  Code  Gb  aps_frag.o [3]
APSF_ObjList            0x200043d8     0x4  Data  Lc  aps_frag.o [3]
APSF_ProcessAck         0x0021ed25    0x84  Code  Gb  aps_frag.o [3]
APSF_ProcessEvent       0x0021efdf    0xb0  Code  Gb  aps_frag.o [3]
APSF_SendFragmented     0x0021eaed   0x134  Code  Gb  aps_frag.o [3]
APSF_SendOsalMsg        0x0021efd5     0xa  Code  Gb  aps_frag.o [3]
APSF_TxNextFrame        0x0021ec21   0x102  Code  Lc  aps_frag.o [3]
APSF_taskID             0x200043d4     0x1  Data  Gb  aps_frag.o [3]
APSME_BindRequest       0x00214fcf    0x26  Code  Gb  APSMEDE.o [3]
APSME_CmdPkt            0x00215655    0x3e  Code  Gb  APSMEDE.o [3]
APSME_CmdPktCM_ED       0x00215627    0x14  Code  Gb  APSMEDE.o [3]
APSME_CmdPktHook        0x2000579c     0x4  Data  Gb  APSMEDE.o [3]
APSME_CmdTransportKey   0x002155a1    0x86  Code  Gb  APSMEDE.o [3]
APSME_FrameSecApplyCM   0x0021543d    0x6c  Code  Gb  APSMEDE.o [3]
APSME_FrameSecApplyExtCM
                        0x002154a9     0x4  Code  Gb  APSMEDE.o [3]
APSME_FrameSecApplyExtHook
                        0x20005794     0x4  Data  Gb  APSMEDE.o [3]
APSME_FrameSecApplyHook
                        0x20005790     0x4  Data  Gb  APSMEDE.o [3]
APSME_FrameSecKeySetup  0x002152c7    0x76  Code  Gb  APSMEDE.o [3]
APSME_FrameSecKeySync   0x00215265    0x62  Code  Gb  APSMEDE.o [3]
APSME_FrameSecRemoveCM  0x002153c1    0x7c  Code  Gb  APSMEDE.o [3]
APSME_FrameSecRemoveHook
                        0x20005798     0x4  Data  Gb  APSMEDE.o [3]
APSME_FrameSecSetupCM   0x0021533d    0x84  Code  Gb  APSMEDE.o [3]
APSME_FrameSecSetupHook
                        0x2000578c     0x4  Data  Gb  APSMEDE.o [3]
APSME_FrameSecurityRemove
                        0x002157f5    0x20  Code  Gb  APSMEDE.o [3]
APSME_GetRequest        0x00215009    0x4c  Code  Gb  APSMEDE.o [3]
APSME_HoldDataRequests  0x0021a461    0x2a  Code  Gb  APS.o [3]
APSME_IsDefaultTCLK     0x00219391    0x10  Code  Gb  ZDSecMgr.o [1]
APSME_IsDistributedSecurity
                        0x00215861     0xc  Code  Gb  APSMEDE.o [3]
APSME_LinkKeyLoad       0x002151e7    0x7e  Code  Gb  APSMEDE.o [3]
APSME_LinkKeyNVIdGet    0x002190a9    0x2a  Code  Gb  ZDSecMgr.o [1]
APSME_LinkKeySet        0x00218fa3    0xa4  Code  Gb  ZDSecMgr.o [1]
APSME_LinkKeySync       0x0021513f    0x5e  Code  Gb  APSMEDE.o [3]
APSME_LookupExtAddr     0x00215071    0x3e  Code  Gb  APSMEDE.o [3]
APSME_LookupNwkAddr     0x002150af    0x2e  Code  Gb  APSMEDE.o [3]
APSME_NwkKeyLoad        0x0021519d    0x4a  Code  Gb  APSMEDE.o [3]
APSME_NwkKeySync        0x00215115    0x2a  Code  Gb  APSMEDE.o [3]
APSME_SecurityCM_ED     0x00215849    0x18  Code  Gb  APSMEDE.o [3]
APSME_SetRequest        0x00215055    0x1c  Code  Gb  APSMEDE.o [3]
APSME_SwitchKeyInd      0x0021bfed    0x28  Code  Gb  APSMEDE_CB.o [3]
APSME_TCLinkKeyInit     0x002190d3    0xb6  Code  Gb  ZDSecMgr.o [1]
APSME_TCLinkKeyLoad     0x0021929d    0xf4  Code  Gb  ZDSecMgr.o [1]
APSME_TCLinkKeySync     0x0021918d   0x110  Code  Gb  ZDSecMgr.o [1]
APSME_TransportKeyInd   0x0021bf9f    0x40  Code  Gb  APSMEDE_CB.o [3]
APSME_UnBindRequest     0x00214ff5    0x14  Code  Gb  APSMEDE.o [3]
APS_AllowDataRequests   0x200042e3     0x1  Data  Gb  APS.o [3]
APS_CmdInd              0x00219f85    0x60  Code  Gb  APS.o [3]
APS_Counter             0x200042e1     0x1  Data  Gb  APS.o [3]
APS_DataConfirmReflect  0x0021a0c9    0x18  Code  Lc  APS.o [3]
APS_DataIndReflect      0x0021a0e1   0x11c  Code  Lc  APS.o [3]
[...]
tasksArr                0x0022291c    0x28  Data  Gb  OSAL_SmartMeter.o [1]
tasksCnt                0x00218013     0x1  Data  Gb  OSAL_SmartMeter.o [1]
tasksEvents             0x20005a98     0x4  Data  Gb  OSAL_SmartMeter.o [1]
tempDataLen             0x20005c08     0x1  Data  Gb  MT_UART.o [1]
theHeap                 0x20005c4c  0x1800  Data  Lc  OSAL_Memory.o [1]
timeMSec                0x20005a8c     0x4  Data  Lc  OSAL_Clock.o [1]
time_new                0x20005af4     0x4  Data  Gb  zcl_SmartMeter.o [1]
time_old                0x20005af0     0x4  Data  Gb  zcl_SmartMeter.o [1]
timerAlignedQ           0x20004258     0x4  Data  Gb  mac_beacon.o [4]
timerHead               0x20005a9c     0x4  Data  Gb  OSAL_Timers.o [1]
timerUnalignedQ         0x20004254     0x4  Data  Gb  mac_beacon.o [4]
txAckReq                0x20005bfe     0x1  Data  Lc  mac_tx.o [1]
txComplete              0x00220e8d    0x26  Code  Lc  mac_tx.o [1]
txCsmaGo                0x00220c8d    0x2c  Code  Lc  mac_tx.o [1]
txCsmaPrep              0x00220bfd    0x2c  Code  Lc  mac_tx.o [1]
txGo                    0x00220c57    0x36  Code  Lc  mac_tx.o [1]
txGreenPowerPrep        0x00220c29    0x2e  Code  Lc  mac_tx.o [1]
txMT                    0x20005be0     0x1  Data  Lc  hal_uart.o [1]
txMT0                   0x20005be1     0x1  Data  Lc  hal_uart.o [1]
txRetransmitFlag        0x20005bff     0x1  Data  Lc  mac_tx.o [1]
txSeqn                  0x20005bfd     0x1  Data  Lc  mac_tx.o [1]
uart0_flag              0x2000441e     0x1  Data  Gb  MT_UART.o [1]
uart1_flag              0x2000441f     0x1  Data  Gb  MT_UART.o [1]
uartRecord              0x200054d8    0x2c  Data  Lc  hal_uart.o [1]
uartRecord0             0x20005504    0x2c  Data  Lc  hal_uart.o [1]
ui8BspKeyMode           0x20005714     0x4  Data  Lc  bsp_key.o [5]
ui8PortAPinHasIsr       0x20005198     0x4  Data  Lc  io_pin_int.o [5]
ui8PortBPinHasIsr       0x2000519c     0x4  Data  Lc  io_pin_int.o [5]
ui8PortCPinHasIsr       0x200051a0     0x4  Data  Lc  io_pin_int.o [5]
ui8PortDPinHasIsr       0x200051a4     0x4  Data  Lc  io_pin_int.o [5]
updateRolloverflag      0x20005be5     0x1  Data  Lc  mac_mcu.o [1]
writeBuf                0x0020de07   0x16c  Code  Lc  osal_nv.o [1]
writeItem               0x0020e129   0x182  Code  Lc  osal_nv.o [1]
x                       0x20004a40   0x1e0  Data  Gb  zcl_SmartMeter.o [1]
xferBuf                 0x0020df73   0x1b6  Code  Lc  osal_nv.o [1]
zclAnalogDataType       0x002076a1    0x26  Code  Gb  zcl.o [1]
zclAuthorizeRead        0x00207977    0x2c  Code  Lc  zcl.o [1]
zclAuthorizeWrite       0x00207a8b    0x2c  Code  Lc  zcl.o [1]
zclBuildHdr             0x002072c3    0x60  Code  Lc  zcl.o [1]
zclCalcHdrSize          0x00207323    0x14  Code  Lc  zcl.o [1]
zclCmdTable             0x0022263c    0xb8  Data  Lc  zcl.o [1]
zclEZModeErr            0x20005c12     0x1  Data  Gb  zcl_ezmode.o [1]
zclEZModeInvokeData     0x200057c4    0x10  Data  Gb  zcl_ezmode.o [1]
zclEZModeMatched        0x20005c15     0x1  Data  Gb  zcl_ezmode.o [1]
zclEZModeOpener         0x20005c14     0x1  Data  Gb  zcl_ezmode.o [1]
zclEZModeQueryRspEP     0x20005c16     0x1  Data  Gb  zcl_ezmode.o [1]
zclEZModeQueryRspNwkAddr
                        0x20005b54     0x2  Data  Gb  zcl_ezmode.o [1]
zclEZModeRegisterData   0x200057b4    0x10  Data  Gb  zcl_ezmode.o [1]
zclEZModeRegistered     0x20005c11     0x1  Data  Gb  zcl_ezmode.o [1]
zclEZModeState          0x20005c13     0x1  Data  Gb  zcl_ezmode.o [1]
zclFindAttrRec          0x0020737f    0x78  Code  Gb  zcl.o [1]
zclFindAttrRecsList     0x0020735f    0x20  Code  Lc  zcl.o [1]
zclFindClusterOption    0x0020742b    0x4a  Code  Lc  zcl.o [1]
zclFindPlugin           0x00207337    0x28  Code  Lc  zcl.o [1]
zclGenCBs               0x20005ab8     0x4  Data  Lc  zcl_general.o [1]
zclGenPluginRegisted    0x20005c17     0x1  Data  Lc  zcl_general.o [1]
zclGeneral_FindCallbacks
                        0x00206777    0x20  Code  Lc  zcl_general.o [1]
zclGeneral_HdlInSpecificCommands
                        0x002067d5    0x46  Code  Lc  zcl_general.o [1]
zclGeneral_HdlIncoming  0x002067a1    0x34  Code  Lc  zcl_general.o [1]
zclGeneral_ProcessInBasic
                        0x0020681b    0x28  Code  Lc  zcl_general.o [1]
zclGeneral_ProcessInIdentity
                        0x00206843    0xf6  Code  Lc  zcl_general.o [1]
zclGeneral_RegisterCmdCallbacks
                        0x002066c9    0x5c  Code  Gb  zcl_general.o [1]
zclGeneral_SendIdentifyQueryResponse
                        0x00206725    0x52  Code  Gb  zcl_general.o [1]
zclGetAttrDataLength    0x00207829    0x46  Code  Gb  zcl.o [1]
zclGetAttrDataLengthUsingCB
                        0x002078f9    0x38  Code  Lc  zcl.o [1]
zclGetAuthorizeCB       0x00207411    0x1a  Code  Lc  zcl.o [1]
zclGetClusterOption     0x00207475    0x26  Code  Lc  zcl.o [1]
zclGetDataTypeLength    0x00207725   0x104  Code  Gb  zcl.o [1]
zclGetReadWriteCB       0x002073f7    0x1a  Code  Lc  zcl.o [1]
zclHA_Init              0x00206665    0x26  Code  Gb  zcl_ha.o [1]
zclHA_uint16toa         0x0020668b    0x3a  Code  Gb  zcl_ha.o [1]
zclIsLittleEndianMachine
                        0x002076c7    0x10  Code  Lc  zcl.o [1]
zclParseHdr             0x00207245    0x7e  Code  Gb  zcl.o [1]
zclParseInConfigReportCmd
                        0x00207d81   0x1a0  Code  Gb  zcl.o [1]
zclParseInConfigReportRspCmd
                        0x00207f21    0x62  Code  Lc  zcl.o [1]
zclParseInDefaultRspCmd
                        0x0020828b    0x20  Code  Lc  zcl.o [1]
zclParseInReadCmd       0x00207ab7    0x46  Code  Gb  zcl.o [1]
zclParseInReadReportCfgCmd
                        0x00207f83    0x56  Code  Gb  zcl.o [1]
zclParseInReadReportCfgRspCmd
                        0x00207fd9   0x1b4  Code  Lc  zcl.o [1]
zclParseInReadRspCmd    0x00207afd   0x128  Code  Lc  zcl.o [1]
zclParseInReportCmd     0x0020818d    0xfe  Code  Gb  zcl.o [1]
zclParseInWriteCmd      0x00207c25    0xfe  Code  Gb  zcl.o [1]
zclParseInWriteRspCmd   0x00207d23    0x5e  Code  Lc  zcl.o [1]
zclProcessInReadCmd     0x002082ab    0xea  Code  Lc  zcl.o [1]
zclProcessInWriteCmd    0x00208395   0x16a  Code  Lc  zcl.o [1]
zclProcessInWriteUndividedCmd
                        0x00208575   0x2b2  Code  Lc  zcl.o [1]
zclReadAttrData         0x0020786f    0x32  Code  Gb  zcl.o [1]
zclReadAttrDataUsingCB  0x00207931    0x46  Code  Lc  zcl.o [1]
zclRevertWriteUndividedCmd
                        0x002084ff    0x76  Code  Lc  zcl.o [1]
zclSerializeData        0x002074cf   0x1d2  Code  Gb  zcl.o [1]
zclSetSecurityOption    0x0020749b    0x34  Code  Lc  zcl.o [1]
zclSmartMeterSeqNum     0x20005c19     0x1  Data  Gb  zcl_SmartMeter.o [1]
zclSmartMeter_ADC_init  0x00205fa1    0x42  Code  Gb  zcl_SmartMeter.o [1]
zclSmartMeter_Add_MeasuredValue
                        0x20005bcc     0x2  Data  Gb  zcl_SmartMeter_data.o [1]
zclSmartMeter_Attrs     0x002224a4    0xcc  Data  Gb  zcl_SmartMeter_data.o [1]
zclSmartMeter_BasicResetCB
                        0x002061e5    0x12  Code  Lc  zcl_SmartMeter.o [1]
zclSmartMeter_CmdCallbacks
                        0x200042b0    0x30  Data  Lc  zcl_SmartMeter.o [1]
zclSmartMeter_Com_MeasuredValue
                        0x20005bce     0x2  Data  Gb  zcl_SmartMeter_data.o [1]
zclSmartMeter_Data_MeasuredValue
                        0x20005bca     0x2  Data  Gb  zcl_SmartMeter_data.o [1]
zclSmartMeter_DateCode  0x00222acc    0x14  Data  Gb  zcl_SmartMeter_data.o [1]
zclSmartMeter_DeviceEnable
                        0x20004428     0x1  Data  Gb  zcl_SmartMeter_data.o [1]
zclSmartMeter_DstAddr   0x2000590c     0xc  Data  Gb  zcl_SmartMeter.o [1]
zclSmartMeter_EZModeCB  0x002062c1    0xe4  Code  Lc  zcl_SmartMeter.o [1]
zclSmartMeter_HWRevision
                        0x0021865e     0x1  Data  Gb  zcl_SmartMeter_data.o [1]
zclSmartMeter_HandleKeys
                        0x002008c3    0x22  Code  Lc  zcl_SmartMeter.o [1]
zclSmartMeter_IdentifyCB
                        0x002061f7    0x10  Code  Lc  zcl_SmartMeter.o [1]
zclSmartMeter_IdentifyQueryRspCB
                        0x00206219    0x12  Code  Lc  zcl_SmartMeter.o [1]
zclSmartMeter_IdentifyTime
                        0x20005bc8     0x2  Data  Gb  zcl_SmartMeter_data.o [1]
zclSmartMeter_InClusterList
                        0x00222de0     0x8  Data  Gb  zcl_SmartMeter_data.o [1]
zclSmartMeter_Init      0x00200101   0x1b4  Code  Gb  zcl_SmartMeter.o [1]
zclSmartMeter_LCDDisplayUpdate
                        0x002008e5    0xb6  Code  Gb  zcl_SmartMeter.o [1]
zclSmartMeter_LcdDisplayTestMode
                        0x0020099b    0xf6  Code  Gb  zcl_SmartMeter.o [1]
zclSmartMeter_LcdPowerDisplayUpdate
                        0x002060a9   0x106  Code  Gb  zcl_SmartMeter.o [1]
zclSmartMeter_LocationDescription
                        0x200042f8    0x14  Data  Gb  zcl_SmartMeter_data.o [1]
zclSmartMeter_ManufacturerName
                        0x00222aa4    0x14  Data  Gb  zcl_SmartMeter_data.o [1]
zclSmartMeter_ModelId   0x00222ab8    0x14  Data  Gb  zcl_SmartMeter_data.o [1]
zclSmartMeter_NwkState  0x20004427     0x1  Data  Gb  zcl_SmartMeter.o [1]
zclSmartMeter_OutClusterList
                        0x0020ea72     0x2  Data  Gb  zcl_SmartMeter_data.o [1]
zclSmartMeter_PhysicalEnvironment
                        0x20005c29     0x1  Data  Gb  zcl_SmartMeter_data.o [1]
zclSmartMeter_PowerSource
                        0x00218976     0x1  Data  Gb  zcl_SmartMeter_data.o [1]
zclSmartMeter_ProcessIdentifyTimeChange
                        0x002061b1    0x34  Code  Lc  zcl_SmartMeter.o [1]
zclSmartMeter_ProcessInDefaultRspCmd
                        0x0020627f     0x6  Code  Lc  zcl_SmartMeter.o [1]
zclSmartMeter_ProcessInReadRspCmd
                        0x00206265    0x1a  Code  Lc  zcl_SmartMeter.o [1]
zclSmartMeter_ProcessInReportCmd
                        0x00201e41   0x794  Code  Lc  zcl_SmartMeter.o [1]
zclSmartMeter_ProcessIncomingMsg
                        0x0020622b    0x3a  Code  Lc  zcl_SmartMeter.o [1]
zclSmartMeter_ProcessUART_Pkt
                        0x002026a9   0xbea  Code  Gb  zcl_SmartMeter.o [1]
zclSmartMeter_ProcessZDOMsgs
                        0x00206285    0x28  Code  Lc  zcl_SmartMeter.o [1]
zclSmartMeter_ReadConfigReg
                        0x00201b69    0x24  Code  Lc  zcl_SmartMeter.o [1]
zclSmartMeter_RegisterEZModeData
                        0x00222c1c    0x10  Data  Lc  zcl_SmartMeter.o [1]
zclSmartMeter_SendAdd   0x0020158d    0xd2  Code  Lc  zcl_SmartMeter.o [1]
zclSmartMeter_SendCalPara
                        0x002016b1   0x2a0  Code  Lc  zcl_SmartMeter.o [1]
zclSmartMeter_SendCalibrate
                        0x002012ed    0xe4  Code  Lc  zcl_SmartMeter.o [1]
zclSmartMeter_SendConfigAck
                        0x00200d79    0xd8  Code  Lc  zcl_SmartMeter.o [1]
zclSmartMeter_SendData  0x00200e7d   0x27a  Code  Lc  zcl_SmartMeter.o [1]
zclSmartMeter_SendParam
                        0x00200a9d   0x186  Code  Lc  zcl_SmartMeter.o [1]
zclSmartMeter_SendRelay
                        0x0020121d    0xc8  Code  Lc  zcl_SmartMeter.o [1]
zclSmartMeter_SendReset
                        0x00201121    0xe6  Code  Lc  zcl_SmartMeter.o [1]
zclSmartMeter_SendRestart
                        0x002013d9    0xb2  Code  Lc  zcl_SmartMeter.o [1]
zclSmartMeter_SendStart
                        0x002014a9    0xb4  Code  Lc  zcl_SmartMeter.o [1]
zclSmartMeter_SendTime  0x00200c51   0x106  Code  Lc  zcl_SmartMeter.o [1]
zclSmartMeter_SimpleDesc
                        0x2000430c    0x14  Data  Gb  zcl_SmartMeter_data.o [1]
zclSmartMeter_TaskID    0x20005c18     0x1  Data  Gb  zcl_SmartMeter.o [1]
zclSmartMeter_WriteConfigReg
                        0x00201af5    0x74  Code  Lc  zcl_SmartMeter.o [1]
zclSmartMeter_ZCLVersion
                        0x0021865f     0x1  Data  Gb  zcl_SmartMeter_data.o [1]
zclSmartMeter_calReadParam
                        0x00201da1    0x24  Code  Lc  zcl_SmartMeter.o [1]
zclSmartMeter_calWriteParam
                        0x00201ba5   0x1fc  Code  Lc  zcl_SmartMeter.o [1]
zclSmartMeter_calibrateInc
                        0x00203919  0x2652  Code  Lc  zcl_SmartMeter.o [1]
zclSmartMeter_dataRegInit
                        0x00206009    0x1c  Code  Lc  zcl_SmartMeter.o [1]
zclSmartMeter_event_loop
                        0x00200511   0x31c  Code  Gb  zcl_SmartMeter.o [1]
zclSmartMeter_map       0x00205f6b    0x36  Code  Gb  zcl_SmartMeter.o [1]
zclSmartMeter_nvReadParam
                        0x00201951    0x66  Code  Lc  zcl_SmartMeter.o [1]
zclSmartMeter_nvWriteParam
                        0x002019ed   0x108  Code  Lc  zcl_SmartMeter.o [1]
zclSmartMeter_parameterInit
                        0x002032c9   0x204  Code  Lc  zcl_SmartMeter.o [1]
zclWriteAttrData        0x002079a3    0x70  Code  Lc  zcl.o [1]
zclWriteAttrDataUsingCB
                        0x00207a2d    0x5e  Code  Lc  zcl.o [1]
zcl_BuildAnalogData     0x002076d7    0x4e  Code  Lc  zcl.o [1]
zcl_DeviceOperational   0x00206ac3    0x5c  Code  Lc  zcl.o [1]
zcl_EZModeAction        0x00208863   0x130  Code  Gb  zcl_ezmode.o [1]
zcl_HandleExternal      0x002069c1    0x58  Code  Gb  zcl.o [1]
zcl_Init                0x00206939     0x8  Code  Gb  zcl.o [1]
zcl_ProcessEZMode       0x002089b3   0x19a  Code  Lc  zcl_ezmode.o [1]
zcl_ProcessMessageMSG   0x00206f45   0x2fa  Code  Gb  zcl.o [1]
zcl_ReadAttrData        0x002078a1    0x58  Code  Gb  zcl.o [1]
zcl_RegisterEZMode      0x00208849    0x1a  Code  Gb  zcl_ezmode.o [1]
zcl_RegisteredMsgTaskID
                        0x20004423     0x1  Data  Gb  zcl.o [1]
zcl_SendCommand         0x00206b1f   0x168  Code  Gb  zcl.o [1]
zcl_SendDefaultRspCmd   0x00206eed    0x58  Code  Gb  zcl.o [1]
zcl_SendReadRsp         0x00206c9d   0x16e  Code  Gb  zcl.o [1]
zcl_SendWriteRsp        0x00206e0b    0xe2  Code  Gb  zcl.o [1]
zcl_SetEZModeError      0x002089ad     0x6  Code  Lc  zcl_ezmode.o [1]
zcl_SetEZModeState      0x00208993    0x1a  Code  Lc  zcl_ezmode.o [1]
zcl_TaskID              0x20005c0f     0x1  Data  Gb  zcl.o [1]
zcl_TransID             0x20005c10     0x1  Data  Lc  zcl.o [1]
zcl_ValidateAttrDataCB  0x20005aa4     0x4  Data  Gb  zcl.o [1]
zcl_event_loop          0x00206941    0x6a  Code  Gb  zcl.o [1]
zcl_getRawAFMsg         0x00206a19     0x6  Code  Gb  zcl.o [1]
zcl_registerAttrList    0x00206a6f    0x54  Code  Gb  zcl.o [1]
zcl_registerForMsg      0x002069ab    0x16  Code  Gb  zcl.o [1]
zcl_registerPlugin      0x00206a1f    0x50  Code  Gb  zcl.o [1]
zdappHoldKeys           0x20005c31     0x1  Data  Lc  ZDApp.o [1]
zdoCBFunc               0x20005758    0x1c  Data  Gb  ZDApp.o [1]
zdoDiscCounter          0x20004429     0x1  Data  Gb  ZDApp.o [1]
zdoMsgCBs               0x20005b18     0x4  Data  Gb  ZDProfile.o [1]
zdoSendStateChangeMsg   0x00210acd    0x46  Code  Lc  ZDObject.o [1]
zdpMsgProcs             0x00222784    0x68  Data  Gb  ZDProfile.o [1]
zdpProcessAddrReq       0x0020905b   0x112  Code  Gb  ZDProfile.o [1]
zgApsAckWaitMultiplier  0x2000443c     0x1  Data  Gb  ZGlobals.o [1]
zgApsAllowR19Sec        0x20005c41     0x1  Data  Gb  ZGlobals.o [1]
zgApsDefaultMaxBindingTime
                        0x2000440e     0x2  Data  Gb  ZGlobals.o [1]
zgApsLinkKeyType        0x20004440     0x1  Data  Gb  ZGlobals.o [1]
zgApsMinDupRejTableSize
                        0x20004414     0x2  Data  Gb  ZGlobals.o [1]
zgApsNonMemberRadius    0x2000443e     0x1  Data  Gb  ZGlobals.o [1]
zgApsTrustCenterAddr    0x20005a00     0x8  Data  Gb  ZGlobals.o [1]
zgApsUseExtendedPANID   0x20005a10     0x8  Data  Gb  ZGlobals.o [1]
zgApsUseInsecureJoin    0x2000443d     0x1  Data  Gb  ZGlobals.o [1]
zgApscAckWaitDurationPolled
                        0x2000440c     0x2  Data  Gb  ZGlobals.o [1]
zgApscDupRejTimeoutCount
                        0x2000443f     0x1  Data  Gb  ZGlobals.o [1]
zgApscDupRejTimeoutInc  0x20004412     0x2  Data  Gb  ZGlobals.o [1]
zgApscMaxFrameRetries   0x2000443b     0x1  Data  Gb  ZGlobals.o [1]
zgBcastDeliveryTime     0x20004436     0x1  Data  Gb  ZGlobals.o [1]
zgChildAgingEnable      0x20005c3e     0x1  Data  Gb  ZGlobals.o [1]
zgConcentratorDiscoveryTime
                        0x20005c3b     0x1  Data  Gb  ZGlobals.o [1]
zgConcentratorEnable    0x20005c3a     0x1  Data  Gb  ZGlobals.o [1]
zgConcentratorRC        0x20005c3c     0x1  Data  Gb  ZGlobals.o [1]
zgConcentratorRadius    0x20004438     0x1  Data  Gb  ZGlobals.o [1]
zgConfigPANID           0x20004416     0x2  Data  Gb  ZGlobals.o [1]
zgDefaultChannelList    0x200043f4     0x4  Data  Gb  ZGlobals.o [1]
zgDefaultStartingScanDuration
                        0x2000442d     0x1  Data  Gb  ZGlobals.o [1]
zgDeviceLogicalType     0x20004441     0x1  Data  Gb  ZGlobals.o [1]
zgExtendedPANID         0x20005a08     0x8  Data  Gb  ZGlobals.o [1]
zgIndirectMsgTimeout    0x2000442f     0x1  Data  Gb  ZGlobals.o [1]
zgInit                  0x0020fd53    0x42  Code  Gb  ZGlobals.o [1]
zgInitItems             0x0020fd95    0x42  Code  Gb  ZGlobals.o [1]
zgItemInit              0x0020fcf9    0x5a  Code  Lc  ZGlobals.o [1]
zgItemTable             0x00222158   0x190  Data  Lc  ZGlobals.o [1]
zgMaxBcastRetires       0x20004434     0x1  Data  Gb  ZGlobals.o [1]
zgMaxDataRetries        0x2000442b     0x1  Data  Gb  ZGlobals.o [1]
zgMaxPollFailureRetries
                        0x2000442c     0x1  Data  Gb  ZGlobals.o [1]
zgNwkCommissionedNwkAddr
                        0x20004410     0x2  Data  Gb  ZGlobals.o [1]
zgNwkLeaveRequestAllowed
                        0x2000443a     0x1  Data  Gb  ZGlobals.o [1]
zgNwkMgrMinTransmissions
                        0x20004443     0x1  Data  Gb  ZGlobals.o [1]
zgNwkMgrMode            0x20004444     0x1  Data  Gb  ZGlobals.o [1]
zgNwkMode               0x20004437     0x1  Data  Gb  ZGlobals.o [1]
zgNwkSrcRtgExpiryTime   0x20004439     0x1  Data  Gb  ZGlobals.o [1]
zgPassiveAckTimeout     0x20004435     0x1  Data  Gb  ZGlobals.o [1]
zgPollRate              0x20004404     0x2  Data  Gb  ZGlobals.o [1]
zgPreConfigKeys         0x20005c3f     0x1  Data  Gb  ZGlobals.o [1]
zgPreconfigKeyInit      0x0020fea5    0x48  Code  Lc  ZGlobals.o [1]
zgQueuedPollRate        0x20004406     0x2  Data  Gb  ZGlobals.o [1]
zgReadStartupOptions    0x0020fdd7    0x28  Code  Gb  ZGlobals.o [1]
zgRejoinPollRate        0x2000440a     0x2  Data  Gb  ZGlobals.o [1]
zgResponsePollRate      0x20004408     0x2  Data  Gb  ZGlobals.o [1]
zgRouteDiscoveryTime    0x20004432     0x1  Data  Gb  ZGlobals.o [1]
zgRouteExpiryTime       0x20004433     0x1  Data  Gb  ZGlobals.o [1]
zgRouterOffAssocCleanup
                        0x20005c3d     0x1  Data  Gb  ZGlobals.o [1]
zgSapiEndpoint          0x20004445     0x1  Data  Gb  ZGlobals.o [1]
zgSecurePermitJoin      0x20004431     0x1  Data  Gb  ZGlobals.o [1]
zgSecurityMode          0x20004430     0x1  Data  Gb  ZGlobals.o [1]
zgSetItem               0x0020fe55    0x50  Code  Gb  ZGlobals.o [1]
zgStackProfile          0x2000442e     0x1  Data  Gb  ZGlobals.o [1]
zgStartDelay            0x20004442     0x1  Data  Gb  ZGlobals.o [1]
zgUseDefaultTCLK        0x20005c40     0x1  Data  Gb  ZGlobals.o [1]
zgWriteStartupOptions   0x0020fdff    0x56  Code  Gb  ZGlobals.o [1]
zmacCBSizeTable         0x00222af4    0x14  Data  Gb  zmac_cb.o [1]
zmain_dev_info          0x00221e99    0x70  Code  Lc  ZMain.o [1]
zmain_ext_addr          0x00221d91   0x108  Code  Lc  ZMain.o [1]
zmain_lcd_init          0x00221f09    0x14  Code  Lc  ZMain.o [1]


[1] = E:\github\jay\Energy-Management-System\SmartMeter\Projects\zstack\HomeAutomation_test\Smartmeter_Xu_backup\CC2538\EndDevice\Obj
[2] = command line
[3] = EndDevice.a
[4] = TIMAC-CC2538.a
[5] = bsp.lib
[6] = dl7M_tln.a
[7] = m7M_tl.a
[8] = rt7M_tl.a
[9] = sdriverlib.lib
[10] = shb_l.a

  139 474 bytes of readonly  code memory
    3 698 bytes of readonly  data memory
   15 440 bytes of readwrite data memory (+ 12 288 absolute)

Errors: none
Warnings: none
